- Generating browser application bundles (phase: setup)...
✔ Browser application bundle generation complete.
24 04 2026 10:57:57.807:INFO [karma-server]: Karma v6.4.4 server started at http://localhost:9876/
24 04 2026 10:57:57.809:INFO [launcher]: Launching browsers Chrome with concurrency unlimited
24 04 2026 10:57:57.851:INFO [launcher]: Starting browser Chrome
24 04 2026 10:57:58.295:INFO [Chrome 144.0.0.0 (Linux 0.0.0)]: Connected on socket jSNgCyyxX4sxrm9GAAAB with id 98953389
Chrome 144.0.0.0 (Linux 0.0.0): Executed 0 of 159 SUCCESS (0 secs / 0 secs)
[1A[2KChrome 144.0.0.0 (Linux 0.0.0): Executed 1 of 159 SUCCESS (0 secs / 0.06 secs)
[1A[2KChrome 144.0.0.0 (Linux 0.0.0): Executed 2 of 159 SUCCESS (0 secs / 0.112 secs)
[1A[2KLOG: 'userKey', 'test-user-key'
Chrome 144.0.0.0 (Linux 0.0.0): Executed 2 of 159 SUCCESS (0 secs / 0.112 secs)
LOG: 'userKey', 'test-user-key'
[1A[2KLOG: 'Classi caricate:', []
Chrome 144.0.0.0 (Linux 0.0.0): Executed 2 of 159 SUCCESS (0 secs / 0.112 secs)
LOG: 'Classi caricate:', []
[1A[2KChrome 144.0.0.0 (Linux 0.0.0): Executed 3 of 159 SUCCESS (0 secs / 0.134 secs)
[1A[2KLOG: 'user', UserModel{key: '', birthDate: '', email: '', firstName: '', DSA: false, DVA: false, BES: false, ADHD: false, noteDisabilita: '', pdpUrl: [], lastName: '', password: '', classKey: '', phoneNumber: '', role: 3, userName: '', assignedClasses: [], classesKey: [], fcmTokens: []}
Chrome 144.0.0.0 (Linux 0.0.0): Executed 3 of 159 SUCCESS (0 secs / 0.134 secs)
LOG: 'user', UserModel{key: '', birthDate: '', email: '', firstName: '', DSA: false, DVA: false, BES: false, ADHD: false, noteDisabilita: '', pdpUrl: [], lastName: '', password: '', classKey: '', phoneNumber: '', role: 3, userName: '', assignedClasses: [], classesKey: [], fcmTokens: []}
[1A[2KChrome 144.0.0.0 (Linux 0.0.0): Executed 4 of 159 SUCCESS (0 secs / 0.176 secs)
[1A[2KChrome 144.0.0.0 (Linux 0.0.0): Executed 5 of 159 SUCCESS (0 secs / 0.18 secs)
[1A[2KChrome 144.0.0.0 (Linux 0.0.0): Executed 6 of 159 SUCCESS (0 secs / 0.192 secs)
[1A[2KChrome 144.0.0.0 (Linux 0.0.0): Executed 7 of 159 SUCCESS (0 secs / 0.206 secs)
[1A[2KLOG: 'e', TypeError: Failed to construct 'URL': Invalid base URL
TypeError: Failed to construct 'URL': Invalid base URL
    at getAssetPath (http://localhost:9876/_karma_webpack_/webpack:/node_modules/@stencil/core/internal/client/index.js:345:20)
    at getNamedUrl (http://localhost:9876/_karma_webpack_/webpack:/node_modules/@ionic/core/components/icon.js:47:28)
    at getUrl (http://localhost:9876/_karma_webpack_/webpack:/node_modules/@ionic/core/components/icon.js:27:16)
    at Icon.loadIcon (http://localhost:9876/_karma_webpack_/webpack:/node_modules/@ionic/core/components/icon.js:365:25)
    at cb (http://localhost:9876/_karma_webpack_/webpack:/node_modules/@ionic/core/components/icon.js:303:18)
    at Icon.waitUntilVisible (http://localhost:9876/_karma_webpack_/webpack:/node_modules/@ionic/core/components/icon.js:348:20)
    at Icon.call (http://localhost:9876/_karma_webpack_/webpack:/node_modules/@ionic/core/components/icon.js:301:14)
    at Icon.appendChild [as connectedCallback] (http://localhost:9876/_karma_webpack_/webpack:/node_modules/@stencil/core/internal/client/index.js:3987:35)
    at NoneEncapsulationDomRenderer.appendChild (http://localhost:9876/_karma_webpack_/webpack:/node_modules/@angular/platform-browser/fesm2022/dom_renderer.mjs:559:22)
    at nativeAppendChild (http://localhost:9876/_karma_webpack_/webpack:/node_modules/@angular/core/fesm2022/debug_node.mjs:6796:14)
Chrome 144.0.0.0 (Linux 0.0.0): Executed 7 of 159 SUCCESS (0 secs / 0.206 secs)
LOG: 'e', TypeError: Failed to construct 'URL': Invalid base URL
TypeError: Failed to construct 'URL': Invalid base URL
    at getAssetPath (http://localhost:9876/_karma_webpack_/webpack:/node_modules/@stencil/core/internal/client/index.js:345:20)
    at getNamedUrl (http://localhost:9876/_karma_webpack_/webpack:/node_modules/@ionic/core/components/icon.js:47:28)
    at getUrl (http://localhost:9876/_karma_webpack_/webpack:/node_modules/@ionic/core/components/icon.js:27:16)
    at Icon.loadIcon (http://localhost:9876/_karma_webpack_/webpack:/node_modules/@ionic/core/components/icon.js:365:25)
    at cb (http://localhost:9876/_karma_webpack_/webpack:/node_modules/@ionic/core/components/icon.js:303:18)
    at Icon.waitUntilVisible (http://localhost:9876/_karma_webpack_/webpack:/node_modules/@ionic/core/components/icon.js:348:20)
    at Icon.call (http://localhost:9876/_karma_webpack_/webpack:/node_modules/@ionic/core/components/icon.js:301:14)
    at Icon.appendChild [as connectedCallback] (http://localhost:9876/_karma_webpack_/webpack:/node_modules/@stencil/core/internal/client/index.js:3987:35)
    at NoneEncapsulationDomRenderer.appendChild (http://localhost:9876/_karma_webpack_/webpack:/node_modules/@angular/platform-browser/fesm2022/dom_renderer.mjs:559:22)
    at nativeAppendChild (http://localhost:9876/_karma_webpack_/webpack:/node_modules/@angular/core/fesm2022/debug_node.mjs:6796:14)
[1A[2KWARN: '[Ionicons Warning]: Could not load icon with name "filter". Ensure that the icon is registered using addIcons or that the icon SVG data is passed directly to the icon component.', <ion-icon _ngcontent-a-c4265716372="" name="filter"></ion-icon>
Chrome 144.0.0.0 (Linux 0.0.0): Executed 7 of 159 SUCCESS (0 secs / 0.206 secs)
WARN: '[Ionicons Warning]: Could not load icon with name "filter". Ensure that the icon is registered using addIcons or that the icon SVG data is passed directly to the icon component.', <ion-icon _ngcontent-a-c4265716372="" name="filter"></ion-icon>
[1A[2KLOG: 'test-id', 'test-id', 'test-id'
Chrome 144.0.0.0 (Linux 0.0.0): Executed 7 of 159 SUCCESS (0 secs / 0.206 secs)
LOG: 'test-id', 'test-id', 'test-id'
[1A[2KLOG: 'e', TypeError: Failed to construct 'URL': Invalid base URL
TypeError: Failed to construct 'URL': Invalid base URL
    at getAssetPath (http://localhost:9876/_karma_webpack_/webpack:/node_modules/@stencil/core/internal/client/index.js:345:20)
    at getNamedUrl (http://localhost:9876/_karma_webpack_/webpack:/node_modules/@ionic/core/components/icon.js:47:28)
    at getUrl (http://localhost:9876/_karma_webpack_/webpack:/node_modules/@ionic/core/components/icon.js:27:16)
    at Icon.loadIcon (http://localhost:9876/_karma_webpack_/webpack:/node_modules/@ionic/core/components/icon.js:365:25)
    at cb (http://localhost:9876/_karma_webpack_/webpack:/node_modules/@ionic/core/components/icon.js:303:18)
    at Icon.waitUntilVisible (http://localhost:9876/_karma_webpack_/webpack:/node_modules/@ionic/core/components/icon.js:348:20)
    at Icon.call (http://localhost:9876/_karma_webpack_/webpack:/node_modules/@ionic/core/components/icon.js:301:14)
    at Icon.insertBefore [as connectedCallback] (http://localhost:9876/_karma_webpack_/webpack:/node_modules/@stencil/core/internal/client/index.js:3987:35)
    at insertBefore (http://localhost:9876/_karma_webpack_/webpack:/node_modules/@stencil/core/internal/client/index.js:2943:45)
    at renderVdom (http://localhost:9876/_karma_webpack_/webpack:/node_modules/@stencil/core/internal/client/index.js:3061:15)
Chrome 144.0.0.0 (Linux 0.0.0): Executed 7 of 159 SUCCESS (0 secs / 0.206 secs)
LOG: 'e', TypeError: Failed to construct 'URL': Invalid base URL
TypeError: Failed to construct 'URL': Invalid base URL
    at getAssetPath (http://localhost:9876/_karma_webpack_/webpack:/node_modules/@stencil/core/internal/client/index.js:345:20)
    at getNamedUrl (http://localhost:9876/_karma_webpack_/webpack:/node_modules/@ionic/core/components/icon.js:47:28)
    at getUrl (http://localhost:9876/_karma_webpack_/webpack:/node_modules/@ionic/core/components/icon.js:27:16)
    at Icon.loadIcon (http://localhost:9876/_karma_webpack_/webpack:/node_modules/@ionic/core/components/icon.js:365:25)
    at cb (http://localhost:9876/_karma_webpack_/webpack:/node_modules/@ionic/core/components/icon.js:303:18)
    at Icon.waitUntilVisible (http://localhost:9876/_karma_webpack_/webpack:/node_modules/@ionic/core/components/icon.js:348:20)
    at Icon.call (http://localhost:9876/_karma_webpack_/webpack:/node_modules/@ionic/core/components/icon.js:301:14)
    at Icon.insertBefore [as connectedCallback] (http://localhost:9876/_karma_webpack_/webpack:/node_modules/@stencil/core/internal/client/index.js:3987:35)
    at insertBefore (http://localhost:9876/_karma_webpack_/webpack:/node_modules/@stencil/core/internal/client/index.js:2943:45)
    at renderVdom (http://localhost:9876/_karma_webpack_/webpack:/node_modules/@stencil/core/internal/client/index.js:3061:15)
[1A[2KWARN: '[Ionicons Warning]: Could not load icon with name "filter". Ensure that the icon is registered using addIcons or that the icon SVG data is passed directly to the icon component.', <ion-icon _ngcontent-a-c4265716372="" name="filter"></ion-icon>
Chrome 144.0.0.0 (Linux 0.0.0): Executed 7 of 159 SUCCESS (0 secs / 0.206 secs)
WARN: '[Ionicons Warning]: Could not load icon with name "filter". Ensure that the icon is registered using addIcons or that the icon SVG data is passed directly to the icon component.', <ion-icon _ngcontent-a-c4265716372="" name="filter"></ion-icon>
[1A[2KLOG: 'e', TypeError: Failed to construct 'URL': Invalid base URL
TypeError: Failed to construct 'URL': Invalid base URL
    at getAssetPath (http://localhost:9876/_karma_webpack_/webpack:/node_modules/@stencil/core/internal/client/index.js:345:20)
    at getNamedUrl (http://localhost:9876/_karma_webpack_/webpack:/node_modules/@ionic/core/components/icon.js:47:28)
    at getUrl (http://localhost:9876/_karma_webpack_/webpack:/node_modules/@ionic/core/components/icon.js:27:16)
    at Icon.loadIcon (http://localhost:9876/_karma_webpack_/webpack:/node_modules/@ionic/core/components/icon.js:365:25)
    at cb (http://localhost:9876/_karma_webpack_/webpack:/node_modules/@ionic/core/components/icon.js:303:18)
    at Icon.waitUntilVisible (http://localhost:9876/_karma_webpack_/webpack:/node_modules/@ionic/core/components/icon.js:348:20)
    at Icon.call (http://localhost:9876/_karma_webpack_/webpack:/node_modules/@ionic/core/components/icon.js:301:14)
    at Icon.insertBefore [as connectedCallback] (http://localhost:9876/_karma_webpack_/webpack:/node_modules/@stencil/core/internal/client/index.js:3987:35)
    at insertBefore (http://localhost:9876/_karma_webpack_/webpack:/node_modules/@stencil/core/internal/client/index.js:2943:45)
    at renderVdom (http://localhost:9876/_karma_webpack_/webpack:/node_modules/@stencil/core/internal/client/index.js:3061:15)
Chrome 144.0.0.0 (Linux 0.0.0): Executed 7 of 159 SUCCESS (0 secs / 0.206 secs)
LOG: 'e', TypeError: Failed to construct 'URL': Invalid base URL
TypeError: Failed to construct 'URL': Invalid base URL
    at getAssetPath (http://localhost:9876/_karma_webpack_/webpack:/node_modules/@stencil/core/internal/client/index.js:345:20)
    at getNamedUrl (http://localhost:9876/_karma_webpack_/webpack:/node_modules/@ionic/core/components/icon.js:47:28)
    at getUrl (http://localhost:9876/_karma_webpack_/webpack:/node_modules/@ionic/core/components/icon.js:27:16)
    at Icon.loadIcon (http://localhost:9876/_karma_webpack_/webpack:/node_modules/@ionic/core/components/icon.js:365:25)
    at cb (http://localhost:9876/_karma_webpack_/webpack:/node_modules/@ionic/core/components/icon.js:303:18)
    at Icon.waitUntilVisible (http://localhost:9876/_karma_webpack_/webpack:/node_modules/@ionic/core/components/icon.js:348:20)
    at Icon.call (http://localhost:9876/_karma_webpack_/webpack:/node_modules/@ionic/core/components/icon.js:301:14)
    at Icon.insertBefore [as connectedCallback] (http://localhost:9876/_karma_webpack_/webpack:/node_modules/@stencil/core/internal/client/index.js:3987:35)
    at insertBefore (http://localhost:9876/_karma_webpack_/webpack:/node_modules/@stencil/core/internal/client/index.js:2943:45)
    at renderVdom (http://localhost:9876/_karma_webpack_/webpack:/node_modules/@stencil/core/internal/client/index.js:3061:15)
[1A[2KWARN: '[Ionicons Warning]: Could not load icon with name "filter". Ensure that the icon is registered using addIcons or that the icon SVG data is passed directly to the icon component.', <ion-icon _ngcontent-a-c4265716372="" name="filter"></ion-icon>
Chrome 144.0.0.0 (Linux 0.0.0): Executed 7 of 159 SUCCESS (0 secs / 0.206 secs)
WARN: '[Ionicons Warning]: Could not load icon with name "filter". Ensure that the icon is registered using addIcons or that the icon SVG data is passed directly to the icon component.', <ion-icon _ngcontent-a-c4265716372="" name="filter"></ion-icon>
[1A[2KLOG: 'e', TypeError: Failed to construct 'URL': Invalid base URL
TypeError: Failed to construct 'URL': Invalid base URL
    at getAssetPath (http://localhost:9876/_karma_webpack_/webpack:/node_modules/@stencil/core/internal/client/index.js:345:20)
    at getNamedUrl (http://localhost:9876/_karma_webpack_/webpack:/node_modules/@ionic/core/components/icon.js:47:28)
    at getUrl (http://localhost:9876/_karma_webpack_/webpack:/node_modules/@ionic/core/components/icon.js:27:16)
    at Icon.loadIcon (http://localhost:9876/_karma_webpack_/webpack:/node_modules/@ionic/core/components/icon.js:365:25)
    at Icon.componentDidLoad (http://localhost:9876/_karma_webpack_/webpack:/node_modules/@ionic/core/components/icon.js:317:18)
    at safeCall (http://localhost:9876/_karma_webpack_/webpack:/node_modules/@stencil/core/internal/client/index.js:3362:30)
    at postUpdateComponent (http://localhost:9876/_karma_webpack_/webpack:/node_modules/@stencil/core/internal/client/index.js:3295:5)
    at postUpdate (http://localhost:9876/_karma_webpack_/webpack:/node_modules/@stencil/core/internal/client/index.js:3223:30)
    at http://localhost:9876/_karma_webpack_/webpack:/node_modules/@stencil/core/internal/client/index.js:3225:7
    at Generator.next (<anonymous>)
Chrome 144.0.0.0 (Linux 0.0.0): Executed 7 of 159 SUCCESS (0 secs / 0.206 secs)
LOG: 'e', TypeError: Failed to construct 'URL': Invalid base URL
TypeError: Failed to construct 'URL': Invalid base URL
    at getAssetPath (http://localhost:9876/_karma_webpack_/webpack:/node_modules/@stencil/core/internal/client/index.js:345:20)
    at getNamedUrl (http://localhost:9876/_karma_webpack_/webpack:/node_modules/@ionic/core/components/icon.js:47:28)
    at getUrl (http://localhost:9876/_karma_webpack_/webpack:/node_modules/@ionic/core/components/icon.js:27:16)
    at Icon.loadIcon (http://localhost:9876/_karma_webpack_/webpack:/node_modules/@ionic/core/components/icon.js:365:25)
    at Icon.componentDidLoad (http://localhost:9876/_karma_webpack_/webpack:/node_modules/@ionic/core/components/icon.js:317:18)
    at safeCall (http://localhost:9876/_karma_webpack_/webpack:/node_modules/@stencil/core/internal/client/index.js:3362:30)
    at postUpdateComponent (http://localhost:9876/_karma_webpack_/webpack:/node_modules/@stencil/core/internal/client/index.js:3295:5)
    at postUpdate (http://localhost:9876/_karma_webpack_/webpack:/node_modules/@stencil/core/internal/client/index.js:3223:30)
    at http://localhost:9876/_karma_webpack_/webpack:/node_modules/@stencil/core/internal/client/index.js:3225:7
    at Generator.next (<anonymous>)
[1A[2KWARN: '[Ionicons Warning]: Could not load icon with name "filter". Ensure that the icon is registered using addIcons or that the icon SVG data is passed directly to the icon component.', <ion-icon _ngcontent-a-c4265716372="" name="filter" role="img" class="md hydrated"></ion-icon>
Chrome 144.0.0.0 (Linux 0.0.0): Executed 7 of 159 SUCCESS (0 secs / 0.206 secs)
WARN: '[Ionicons Warning]: Could not load icon with name "filter". Ensure that the icon is registered using addIcons or that the icon SVG data is passed directly to the icon component.', <ion-icon _ngcontent-a-c4265716372="" name="filter" role="img" class="md hydrated"></ion-icon>
[1A[2KChrome 144.0.0.0 (Linux 0.0.0): Executed 8 of 159 SUCCESS (0 secs / 1.262 secs)
[1A[2KChrome 144.0.0.0 (Linux 0.0.0): Executed 9 of 159 SUCCESS (0 secs / 1.264 secs)
[1A[2KLOG: 'constructor ReservedNotes4ClassesComponent'
Chrome 144.0.0.0 (Linux 0.0.0): Executed 9 of 159 SUCCESS (0 secs / 1.264 secs)
LOG: 'constructor ReservedNotes4ClassesComponent'
[1A[2KLOG: 'note per classe', Object{key: 'test-class'}
Chrome 144.0.0.0 (Linux 0.0.0): Executed 9 of 159 SUCCESS (0 secs / 1.264 secs)
LOG: 'note per classe', Object{key: 'test-class'}
[1A[2KLOG: 'Utente loggato:', undefined
Chrome 144.0.0.0 (Linux 0.0.0): Executed 9 of 159 SUCCESS (0 secs / 1.264 secs)
LOG: 'Utente loggato:', undefined
[1A[2KChrome 144.0.0.0 (Linux 0.0.0): Executed 10 of 159 SUCCESS (0 secs / 1.303 secs)
[1A[2KChrome 144.0.0.0 (Linux 0.0.0): Executed 11 of 159 SUCCESS (0 secs / 2.345 secs)
[1A[2KChrome 144.0.0.0 (Linux 0.0.0): Executed 12 of 159 SUCCESS (0 secs / 2.347 secs)
[1A[2KChrome 144.0.0.0 (Linux 0.0.0): Executed 13 of 159 SUCCESS (0 secs / 2.386 secs)
[1A[2KChrome 144.0.0.0 (Linux 0.0.0): Executed 14 of 159 SUCCESS (0 secs / 2.389 secs)
[1A[2KLOG: 'ConnectionStatusService - Initial status:', 'online'
Chrome 144.0.0.0 (Linux 0.0.0): Executed 14 of 159 SUCCESS (0 secs / 2.389 secs)
LOG: 'ConnectionStatusService - Initial status:', 'online'
[1A[2KLOG: 'ConnectionStatusService - Updating status to: Online'
Chrome 144.0.0.0 (Linux 0.0.0): Executed 14 of 159 SUCCESS (0 secs / 2.389 secs)
LOG: 'ConnectionStatusService - Updating status to: Online'
[1A[2KLOG: 'ConnectionStatusComponent - Constructor'
Chrome 144.0.0.0 (Linux 0.0.0): Executed 14 of 159 SUCCESS (0 secs / 2.389 secs)
LOG: 'ConnectionStatusComponent - Constructor'
[1A[2KLOG: 'ConnectionStatusComponent - OnInit'
Chrome 144.0.0.0 (Linux 0.0.0): Executed 14 of 159 SUCCESS (0 secs / 2.389 secs)
LOG: 'ConnectionStatusComponent - OnInit'
[1A[2KLOG: 'e', TypeError: Failed to construct 'URL': Invalid base URL
TypeError: Failed to construct 'URL': Invalid base URL
    at getAssetPath (http://localhost:9876/_karma_webpack_/webpack:/node_modules/@stencil/core/internal/client/index.js:345:20)
    at getNamedUrl (http://localhost:9876/_karma_webpack_/webpack:/node_modules/@ionic/core/components/icon.js:47:28)
    at getUrl (http://localhost:9876/_karma_webpack_/webpack:/node_modules/@ionic/core/components/icon.js:27:16)
    at Icon.loadIcon (http://localhost:9876/_karma_webpack_/webpack:/node_modules/@ionic/core/components/icon.js:365:25)
    at cb (http://localhost:9876/_karma_webpack_/webpack:/node_modules/@ionic/core/components/icon.js:303:18)
    at Icon.waitUntilVisible (http://localhost:9876/_karma_webpack_/webpack:/node_modules/@ionic/core/components/icon.js:348:20)
    at Icon.call (http://localhost:9876/_karma_webpack_/webpack:/node_modules/@ionic/core/components/icon.js:301:14)
    at Icon.insertBefore [as connectedCallback] (http://localhost:9876/_karma_webpack_/webpack:/node_modules/@stencil/core/internal/client/index.js:3987:35)
    at EmulatedEncapsulationDomRenderer2.insertBefore (http://localhost:9876/_karma_webpack_/webpack:/node_modules/@angular/platform-browser/fesm2022/dom_renderer.mjs:564:26)
    at nativeInsertBefore (http://localhost:9876/_karma_webpack_/webpack:/node_modules/@angular/core/fesm2022/debug_node.mjs:6792:14)
Chrome 144.0.0.0 (Linux 0.0.0): Executed 14 of 159 SUCCESS (0 secs / 2.389 secs)
LOG: 'e', TypeError: Failed to construct 'URL': Invalid base URL
TypeError: Failed to construct 'URL': Invalid base URL
    at getAssetPath (http://localhost:9876/_karma_webpack_/webpack:/node_modules/@stencil/core/internal/client/index.js:345:20)
    at getNamedUrl (http://localhost:9876/_karma_webpack_/webpack:/node_modules/@ionic/core/components/icon.js:47:28)
    at getUrl (http://localhost:9876/_karma_webpack_/webpack:/node_modules/@ionic/core/components/icon.js:27:16)
    at Icon.loadIcon (http://localhost:9876/_karma_webpack_/webpack:/node_modules/@ionic/core/components/icon.js:365:25)
    at cb (http://localhost:9876/_karma_webpack_/webpack:/node_modules/@ionic/core/components/icon.js:303:18)
    at Icon.waitUntilVisible (http://localhost:9876/_karma_webpack_/webpack:/node_modules/@ionic/core/components/icon.js:348:20)
    at Icon.call (http://localhost:9876/_karma_webpack_/webpack:/node_modules/@ionic/core/components/icon.js:301:14)
    at Icon.insertBefore [as connectedCallback] (http://localhost:9876/_karma_webpack_/webpack:/node_modules/@stencil/core/internal/client/index.js:3987:35)
    at EmulatedEncapsulationDomRenderer2.insertBefore (http://localhost:9876/_karma_webpack_/webpack:/node_modules/@angular/platform-browser/fesm2022/dom_renderer.mjs:564:26)
    at nativeInsertBefore (http://localhost:9876/_karma_webpack_/webpack:/node_modules/@angular/core/fesm2022/debug_node.mjs:6792:14)
[1A[2KWARN: '[Ionicons Warning]: Could not load icon with name "wifi". Ensure that the icon is registered using addIcons or that the icon SVG data is passed directly to the icon component.', <ion-icon _ngcontent-a-c4054984992="" name="wifi" title="Online"></ion-icon>
Chrome 144.0.0.0 (Linux 0.0.0): Executed 14 of 159 SUCCESS (0 secs / 2.389 secs)
WARN: '[Ionicons Warning]: Could not load icon with name "wifi". Ensure that the icon is registered using addIcons or that the icon SVG data is passed directly to the icon component.', <ion-icon _ngcontent-a-c4054984992="" name="wifi" title="Online"></ion-icon>
[1A[2KLOG: 'ConnectionStatusComponent - OnDestroy'
Chrome 144.0.0.0 (Linux 0.0.0): Executed 14 of 159 SUCCESS (0 secs / 2.389 secs)
LOG: 'ConnectionStatusComponent - OnDestroy'
[1A[2KLOG: 'ConnectionStatusService - Destroying service'
Chrome 144.0.0.0 (Linux 0.0.0): Executed 14 of 159 SUCCESS (0 secs / 2.389 secs)
LOG: 'ConnectionStatusService - Destroying service'
[1A[2KChrome 144.0.0.0 (Linux 0.0.0): Executed 15 of 159 SUCCESS (0 secs / 2.41 secs)
[1A[2KWARN: '[Ionic Warning]: [ion-popover] - A trigger element with the ID "user-menu-trigger" was not found in the DOM. The trigger element must be in the DOM when the "trigger" property is set on ion-popover.', <ion-popover _ngcontent-a-c3114054914="" trigger="user-menu-trigger" dismissonselect="true" id="ion-overlay-1" aria-modal="true" no-router="" tabindex="-1" class="undefined overlay-hidden popover-desktop popover-side-bottom hydrated" style="z-index: 20001;"><!--container--></ion-popover>
Chrome 144.0.0.0 (Linux 0.0.0): Executed 15 of 159 SUCCESS (0 secs / 2.41 secs)
WARN: '[Ionic Warning]: [ion-popover] - A trigger element with the ID "user-menu-trigger" was not found in the DOM. The trigger element must be in the DOM when the "trigger" property is set on ion-popover.', <ion-popover _ngcontent-a-c3114054914="" trigger="user-menu-trigger" dismissonselect="true" id="ion-overlay-1" aria-modal="true" no-router="" tabindex="-1" class="undefined overlay-hidden popover-desktop popover-side-bottom hydrated" style="z-index: 20001;"><!--container--></ion-popover>
[1A[2KLOG: 'e', TypeError: Failed to construct 'URL': Invalid base URL
TypeError: Failed to construct 'URL': Invalid base URL
    at getAssetPath (http://localhost:9876/_karma_webpack_/webpack:/node_modules/@stencil/core/internal/client/index.js:345:20)
    at getNamedUrl (http://localhost:9876/_karma_webpack_/webpack:/node_modules/@ionic/core/components/icon.js:47:28)
    at getUrl (http://localhost:9876/_karma_webpack_/webpack:/node_modules/@ionic/core/components/icon.js:27:16)
    at Icon.loadIcon (http://localhost:9876/_karma_webpack_/webpack:/node_modules/@ionic/core/components/icon.js:365:25)
    at Icon.componentDidLoad (http://localhost:9876/_karma_webpack_/webpack:/node_modules/@ionic/core/components/icon.js:317:18)
    at safeCall (http://localhost:9876/_karma_webpack_/webpack:/node_modules/@stencil/core/internal/client/index.js:3362:30)
    at postUpdateComponent (http://localhost:9876/_karma_webpack_/webpack:/node_modules/@stencil/core/internal/client/index.js:3295:5)
    at postUpdate (http://localhost:9876/_karma_webpack_/webpack:/node_modules/@stencil/core/internal/client/index.js:3223:30)
    at http://localhost:9876/_karma_webpack_/webpack:/node_modules/@stencil/core/internal/client/index.js:3225:7
    at Generator.next (<anonymous>)
Chrome 144.0.0.0 (Linux 0.0.0): Executed 15 of 159 SUCCESS (0 secs / 2.41 secs)
LOG: 'e', TypeError: Failed to construct 'URL': Invalid base URL
TypeError: Failed to construct 'URL': Invalid base URL
    at getAssetPath (http://localhost:9876/_karma_webpack_/webpack:/node_modules/@stencil/core/internal/client/index.js:345:20)
    at getNamedUrl (http://localhost:9876/_karma_webpack_/webpack:/node_modules/@ionic/core/components/icon.js:47:28)
    at getUrl (http://localhost:9876/_karma_webpack_/webpack:/node_modules/@ionic/core/components/icon.js:27:16)
    at Icon.loadIcon (http://localhost:9876/_karma_webpack_/webpack:/node_modules/@ionic/core/components/icon.js:365:25)
    at Icon.componentDidLoad (http://localhost:9876/_karma_webpack_/webpack:/node_modules/@ionic/core/components/icon.js:317:18)
    at safeCall (http://localhost:9876/_karma_webpack_/webpack:/node_modules/@stencil/core/internal/client/index.js:3362:30)
    at postUpdateComponent (http://localhost:9876/_karma_webpack_/webpack:/node_modules/@stencil/core/internal/client/index.js:3295:5)
    at postUpdate (http://localhost:9876/_karma_webpack_/webpack:/node_modules/@stencil/core/internal/client/index.js:3223:30)
    at http://localhost:9876/_karma_webpack_/webpack:/node_modules/@stencil/core/internal/client/index.js:3225:7
    at Generator.next (<anonymous>)
[1A[2KWARN: '[Ionicons Warning]: Could not load icon with name "wifi". Ensure that the icon is registered using addIcons or that the icon SVG data is passed directly to the icon component.', <ion-icon _ngcontent-a-c4054984992="" name="wifi" title="Online" role="img" class="md hydrated"></ion-icon>
Chrome 144.0.0.0 (Linux 0.0.0): Executed 15 of 159 SUCCESS (0 secs / 2.41 secs)
WARN: '[Ionicons Warning]: Could not load icon with name "wifi". Ensure that the icon is registered using addIcons or that the icon SVG data is passed directly to the icon component.', <ion-icon _ngcontent-a-c4054984992="" name="wifi" title="Online" role="img" class="md hydrated"></ion-icon>
[1A[2KChrome 144.0.0.0 (Linux 0.0.0): Executed 16 of 159 SUCCESS (0 secs / 2.411 secs)
[1A[2KWARN: '[Ionicons Warning]: Multiple icons were mapped to name "eye". Ensure that multiple icons are not mapped to the same icon name.'
Chrome 144.0.0.0 (Linux 0.0.0): Executed 16 of 159 SUCCESS (0 secs / 2.411 secs)
WARN: '[Ionicons Warning]: Multiple icons were mapped to name "eye". Ensure that multiple icons are not mapped to the same icon name.'
[1A[2KLOG: 'getEvaluation4studentAndTeacher', []
Chrome 144.0.0.0 (Linux 0.0.0): Executed 16 of 159 SUCCESS (0 secs / 2.411 secs)
LOG: 'getEvaluation4studentAndTeacher', []
[1A[2KChrome 144.0.0.0 (Linux 0.0.0): Executed 17 of 159 SUCCESS (0 secs / 2.561 secs)
[1A[2KChrome 144.0.0.0 (Linux 0.0.0): Executed 18 of 159 SUCCESS (0 secs / 2.562 secs)
[1A[2KChrome 144.0.0.0 (Linux 0.0.0): Executed 19 of 159 SUCCESS (0 secs / 2.563 secs)
[1A[2KChrome 144.0.0.0 (Linux 0.0.0): Executed 20 of 159 SUCCESS (0 secs / 2.563 secs)
[1A[2KChrome 144.0.0.0 (Linux 0.0.0): Executed 21 of 159 SUCCESS (0 secs / 2.563 secs)
[1A[2KChrome 144.0.0.0 (Linux 0.0.0): Executed 22 of 159 SUCCESS (0 secs / 2.563 secs)
[1A[2KChrome 144.0.0.0 (Linux 0.0.0): Executed 23 of 159 SUCCESS (0 secs / 2.599 secs)
[1A[2KChrome 144.0.0.0 (Linux 0.0.0): Executed 24 of 159 SUCCESS (0 secs / 2.6 secs)
[1A[2KChrome 144.0.0.0 (Linux 0.0.0): Executed 25 of 159 SUCCESS (0 secs / 2.6 secs)
[1A[2KChrome 144.0.0.0 (Linux 0.0.0): Executed 26 of 159 SUCCESS (0 secs / 2.6 secs)
[1A[2KChrome 144.0.0.0 (Linux 0.0.0): Executed 27 of 159 SUCCESS (0 secs / 2.6 secs)
[1A[2KChrome 144.0.0.0 (Linux 0.0.0): Executed 28 of 159 SUCCESS (0 secs / 2.6 secs)
[1A[2KLOG: 'activityies list'
Chrome 144.0.0.0 (Linux 0.0.0): Executed 28 of 159 SUCCESS (0 secs / 2.6 secs)
LOG: 'activityies list'
[1A[2KLOG: 'currentClassKey', 'test-class'
Chrome 144.0.0.0 (Linux 0.0.0): Executed 28 of 159 SUCCESS (0 secs / 2.6 secs)
LOG: 'currentClassKey', 'test-class'
[1A[2KLOG: 'currentTeacherKey', 'test-teacher'
Chrome 144.0.0.0 (Linux 0.0.0): Executed 28 of 159 SUCCESS (0 secs / 2.6 secs)
LOG: 'currentTeacherKey', 'test-teacher'
[1A[2KLOG: 'update activities'
Chrome 144.0.0.0 (Linux 0.0.0): Executed 28 of 159 SUCCESS (0 secs / 2.6 secs)
LOG: 'update activities'
[1A[2KLOG: 'currentClassKey', 'test-class'
Chrome 144.0.0.0 (Linux 0.0.0): Executed 28 of 159 SUCCESS (0 secs / 2.6 secs)
LOG: 'currentClassKey', 'test-class'
[1A[2KLOG: 'currentTeacherKey', 'test-teacher'
Chrome 144.0.0.0 (Linux 0.0.0): Executed 28 of 159 SUCCESS (0 secs / 2.6 secs)
LOG: 'currentTeacherKey', 'test-teacher'
[1A[2KLOG: 'query', [QueryCondition{field: 'classKey', operator: '==', value: 'test-class'}, QueryCondition{field: 'teacherKey', operator: '==', value: 'test-teacher'}]
Chrome 144.0.0.0 (Linux 0.0.0): Executed 28 of 159 SUCCESS (0 secs / 2.6 secs)
LOG: 'query', [QueryCondition{field: 'classKey', operator: '==', value: 'test-class'}, QueryCondition{field: 'teacherKey', operator: '==', value: 'test-teacher'}]
[1A[2KLOG: '2026-04-23T22:00:00.000Z'
Chrome 144.0.0.0 (Linux 0.0.0): Executed 28 of 159 SUCCESS (0 secs / 2.6 secs)
LOG: '2026-04-23T22:00:00.000Z'
[1A[2KChrome 144.0.0.0 (Linux 0.0.0): Executed 29 of 159 SUCCESS (0 secs / 2.61 secs)
[1A[2KChrome 144.0.0.0 (Linux 0.0.0): Executed 30 of 159 SUCCESS (0 secs / 2.62 secs)
[1A[2KLOG: 'Generated Calendar Events:', [Object{id: 't2', calendarId: '1', title: '<strong>Intervallo</strong>', category: 'time', start: '2026-04-21T08:00:00.000Z', end: '2026-04-21T08:15:00.000Z', backgroundColor: '#ff9f43', borderColor: '#ff9f43', color: '#FFFFFF', isReadOnly: true, recurrenceRule: 'FREQ=WEEKLY;BYDAY=TU', raw: Object{key: ..., day: ..., startTime: ..., endTime: ..., subjectKey: ..., classKey: ..., description: ..., location: ..., as: ..., teacherKey: ..., setKey: ...}}]
Chrome 144.0.0.0 (Linux 0.0.0): Executed 30 of 159 SUCCESS (0 secs / 2.62 secs)
LOG: 'Generated Calendar Events:', [Object{id: 't2', calendarId: '1', title: '<strong>Intervallo</strong>', category: 'time', start: '2026-04-21T08:00:00.000Z', end: '2026-04-21T08:15:00.000Z', backgroundColor: '#ff9f43', borderColor: '#ff9f43', color: '#FFFFFF', isReadOnly: true, recurrenceRule: 'FREQ=WEEKLY;BYDAY=TU', raw: Object{key: ..., day: ..., startTime: ..., endTime: ..., subjectKey: ..., classKey: ..., description: ..., location: ..., as: ..., teacherKey: ..., setKey: ...}}]
[1A[2KChrome 144.0.0.0 (Linux 0.0.0): Executed 31 of 159 SUCCESS (0 secs / 2.626 secs)
[1A[2KLOG: 'Generated Calendar Events:', [Object{id: 't1', calendarId: '1', title: '<strong>Lezione</strong>', category: 'allday', start: '2026-04-20T06:00:00.000Z', end: '2026-04-20T07:00:00.000Z', backgroundColor: '#3788d8', borderColor: '#3788d8', color: '#FFFFFF', isReadOnly: true, recurrenceRule: 'FREQ=WEEKLY;BYDAY=MO', raw: Object{key: ..., day: ..., startTime: ..., endTime: ..., subjectKey: ..., classKey: ..., description: ..., location: ..., as: ..., teacherKey: ..., setKey: ...}}]
Chrome 144.0.0.0 (Linux 0.0.0): Executed 31 of 159 SUCCESS (0 secs / 2.626 secs)
LOG: 'Generated Calendar Events:', [Object{id: 't1', calendarId: '1', title: '<strong>Lezione</strong>', category: 'allday', start: '2026-04-20T06:00:00.000Z', end: '2026-04-20T07:00:00.000Z', backgroundColor: '#3788d8', borderColor: '#3788d8', color: '#FFFFFF', isReadOnly: true, recurrenceRule: 'FREQ=WEEKLY;BYDAY=MO', raw: Object{key: ..., day: ..., startTime: ..., endTime: ..., subjectKey: ..., classKey: ..., description: ..., location: ..., as: ..., teacherKey: ..., setKey: ...}}]
[1A[2KChrome 144.0.0.0 (Linux 0.0.0): Executed 32 of 159 SUCCESS (0 secs / 2.63 secs)
[1A[2KLOG: 'Generated Calendar Events:', [Object{id: 't1', calendarId: '1', title: '<strong>Lezione</strong>', category: 'time', start: '2026-04-20T06:00:00.000Z', end: '2026-04-20T07:00:00.000Z', backgroundColor: '#3788d8', borderColor: '#3788d8', color: '#FFFFFF', isReadOnly: true, recurrenceRule: 'FREQ=WEEKLY;BYDAY=MO', raw: Object{key: ..., day: ..., startTime: ..., endTime: ..., subjectKey: ..., classKey: ..., description: ..., location: ..., as: ..., teacherKey: ..., setKey: ...}}]
Chrome 144.0.0.0 (Linux 0.0.0): Executed 32 of 159 SUCCESS (0 secs / 2.63 secs)
LOG: 'Generated Calendar Events:', [Object{id: 't1', calendarId: '1', title: '<strong>Lezione</strong>', category: 'time', start: '2026-04-20T06:00:00.000Z', end: '2026-04-20T07:00:00.000Z', backgroundColor: '#3788d8', borderColor: '#3788d8', color: '#FFFFFF', isReadOnly: true, recurrenceRule: 'FREQ=WEEKLY;BYDAY=MO', raw: Object{key: ..., day: ..., startTime: ..., endTime: ..., subjectKey: ..., classKey: ..., description: ..., location: ..., as: ..., teacherKey: ..., setKey: ...}}]
[1A[2KChrome 144.0.0.0 (Linux 0.0.0): Executed 33 of 159 SUCCESS (0 secs / 2.633 secs)
[1A[2KChrome 144.0.0.0 (Linux 0.0.0): Executed 34 of 159 SUCCESS (0 secs / 2.636 secs)
[1A[2KChrome 144.0.0.0 (Linux 0.0.0): Executed 35 of 159 SUCCESS (0 secs / 2.639 secs)
[1A[2KChrome 144.0.0.0 (Linux 0.0.0): Executed 36 of 159 SUCCESS (0 secs / 2.642 secs)
[1A[2KChrome 144.0.0.0 (Linux 0.0.0): Executed 37 of 159 SUCCESS (0 secs / 2.645 secs)
[1A[2KChrome 144.0.0.0 (Linux 0.0.0): Executed 38 of 159 SUCCESS (0 secs / 2.648 secs)
[1A[2KLOG: 'EventDialogComponent - ionViewWillEnter'
Chrome 144.0.0.0 (Linux 0.0.0): Executed 38 of 159 SUCCESS (0 secs / 2.648 secs)
LOG: 'EventDialogComponent - ionViewWillEnter'
[1A[2KWARN: 'NG0953: Unexpected emit for destroyed `OutputRef`. The owning directive/component is destroyed.'
Chrome 144.0.0.0 (Linux 0.0.0): Executed 38 of 159 SUCCESS (0 secs / 2.648 secs)
WARN: 'NG0953: Unexpected emit for destroyed `OutputRef`. The owning directive/component is destroyed.'
[1A[2KWARN: 'NG0953: Unexpected emit for destroyed `OutputRef`. The owning directive/component is destroyed.'
Chrome 144.0.0.0 (Linux 0.0.0): Executed 38 of 159 SUCCESS (0 secs / 2.648 secs)
WARN: 'NG0953: Unexpected emit for destroyed `OutputRef`. The owning directive/component is destroyed.'
[1A[2KWARN: 'NG0953: Unexpected emit for destroyed `OutputRef`. The owning directive/component is destroyed.'
Chrome 144.0.0.0 (Linux 0.0.0): Executed 38 of 159 SUCCESS (0 secs / 2.648 secs)
WARN: 'NG0953: Unexpected emit for destroyed `OutputRef`. The owning directive/component is destroyed.'
[1A[2KWARN: 'NG0953: Unexpected emit for destroyed `OutputRef`. The owning directive/component is destroyed.'
Chrome 144.0.0.0 (Linux 0.0.0): Executed 38 of 159 SUCCESS (0 secs / 2.648 secs)
WARN: 'NG0953: Unexpected emit for destroyed `OutputRef`. The owning directive/component is destroyed.'
[1A[2KWARN: 'NG0953: Unexpected emit for destroyed `OutputRef`. The owning directive/component is destroyed.'
Chrome 144.0.0.0 (Linux 0.0.0): Executed 38 of 159 SUCCESS (0 secs / 2.648 secs)
WARN: 'NG0953: Unexpected emit for destroyed `OutputRef`. The owning directive/component is destroyed.'
[1A[2KWARN: 'NG0953: Unexpected emit for destroyed `OutputRef`. The owning directive/component is destroyed.'
Chrome 144.0.0.0 (Linux 0.0.0): Executed 38 of 159 SUCCESS (0 secs / 2.648 secs)
WARN: 'NG0953: Unexpected emit for destroyed `OutputRef`. The owning directive/component is destroyed.'
[1A[2KWARN: 'NG0953: Unexpected emit for destroyed `OutputRef`. The owning directive/component is destroyed.'
Chrome 144.0.0.0 (Linux 0.0.0): Executed 38 of 159 SUCCESS (0 secs / 2.648 secs)
WARN: 'NG0953: Unexpected emit for destroyed `OutputRef`. The owning directive/component is destroyed.'
[1A[2KWARN: 'NG0953: Unexpected emit for destroyed `OutputRef`. The owning directive/component is destroyed.'
Chrome 144.0.0.0 (Linux 0.0.0): Executed 38 of 159 SUCCESS (0 secs / 2.648 secs)
WARN: 'NG0953: Unexpected emit for destroyed `OutputRef`. The owning directive/component is destroyed.'
[1A[2KChrome 144.0.0.0 (Linux 0.0.0): Executed 39 of 159 SUCCESS (0 secs / 3.677 secs)
[1A[2KLOG: 'init login page'
Chrome 144.0.0.0 (Linux 0.0.0): Executed 39 of 159 SUCCESS (0 secs / 3.677 secs)
LOG: 'init login page'
[1A[2KChrome 144.0.0.0 (Linux 0.0.0): Executed 40 of 159 SUCCESS (0 secs / 3.692 secs)
[1A[2KLOG: 'EditEvaluationPage constructor chiamato'
Chrome 144.0.0.0 (Linux 0.0.0): Executed 40 of 159 SUCCESS (0 secs / 3.692 secs)
LOG: 'EditEvaluationPage constructor chiamato'
[1A[2KWARN: '[Ionicons Warning]: Multiple icons were mapped to name "save". Ensure that multiple icons are not mapped to the same icon name.'
Chrome 144.0.0.0 (Linux 0.0.0): Executed 40 of 159 SUCCESS (0 secs / 3.692 secs)
WARN: '[Ionicons Warning]: Multiple icons were mapped to name "save". Ensure that multiple icons are not mapped to the same icon name.'
[1A[2KLOG: 'ngOnInit - Inizio'
Chrome 144.0.0.0 (Linux 0.0.0): Executed 40 of 159 SUCCESS (0 secs / 3.692 secs)
LOG: 'ngOnInit - Inizio'
[1A[2KLOG: 'Evaluation key:', 'eval123'
Chrome 144.0.0.0 (Linux 0.0.0): Executed 40 of 159 SUCCESS (0 secs / 3.692 secs)
LOG: 'Evaluation key:', 'eval123'
[1A[2KLOG: 'Caricamento valutazione...'
Chrome 144.0.0.0 (Linux 0.0.0): Executed 40 of 159 SUCCESS (0 secs / 3.692 secs)
LOG: 'Caricamento valutazione...'
[1A[2KLOG: 'Evaluation loaded:', Object{}
Chrome 144.0.0.0 (Linux 0.0.0): Executed 40 of 159 SUCCESS (0 secs / 3.692 secs)
LOG: 'Evaluation loaded:', Object{}
[1A[2KLOG: 'Segnali impostati:', Object{classKey: '', teacherKey: '', studentKey: '', grid: Grids{key: '', nome: '', descrizione: '', indicatori: [], ownerKey: ''}}
Chrome 144.0.0.0 (Linux 0.0.0): Executed 40 of 159 SUCCESS (0 secs / 3.692 secs)
LOG: 'Segnali impostati:', Object{classKey: '', teacherKey: '', studentKey: '', grid: Grids{key: '', nome: '', descrizione: '', indicatori: [], ownerKey: ''}}
[1A[2KWARN: '[Ionic Warning]: [ion-datetime] - Unable to parse date string: Fri Apr 24 2026 10:58:05 GMT+0200 (Ora legale dell’Europa centrale). Please provide a valid ISO 8601 datetime string.'
Chrome 144.0.0.0 (Linux 0.0.0): Executed 40 of 159 SUCCESS (0 secs / 3.692 secs)
WARN: '[Ionic Warning]: [ion-datetime] - Unable to parse date string: Fri Apr 24 2026 10:58:05 GMT+0200 (Ora legale dell’Europa centrale). Please provide a valid ISO 8601 datetime string.'
[1A[2KChrome 144.0.0.0 (Linux 0.0.0): Executed 41 of 159 SUCCESS (0 secs / 4.735 secs)
[1A[2KChrome 144.0.0.0 (Linux 0.0.0): Executed 42 of 159 SUCCESS (0 secs / 4.741 secs)
[1A[2KLOG: 'ConnectionStatusService - Initial status:', 'online'
Chrome 144.0.0.0 (Linux 0.0.0): Executed 42 of 159 SUCCESS (0 secs / 4.741 secs)
LOG: 'ConnectionStatusService - Initial status:', 'online'
[1A[2KLOG: 'ConnectionStatusService - Updating status to: Online'
Chrome 144.0.0.0 (Linux 0.0.0): Executed 42 of 159 SUCCESS (0 secs / 4.741 secs)
LOG: 'ConnectionStatusService - Updating status to: Online'
[1A[2KLOG: 'ConnectionStatusService - Destroying service'
Chrome 144.0.0.0 (Linux 0.0.0): Executed 42 of 159 SUCCESS (0 secs / 4.741 secs)
LOG: 'ConnectionStatusService - Destroying service'
[1A[2KChrome 144.0.0.0 (Linux 0.0.0): Executed 43 of 159 SUCCESS (0 secs / 4.743 secs)
[1A[2KLOG: 'ConnectionStatusService - Initial status:', 'online'
Chrome 144.0.0.0 (Linux 0.0.0): Executed 43 of 159 SUCCESS (0 secs / 4.743 secs)
LOG: 'ConnectionStatusService - Initial status:', 'online'
[1A[2KLOG: 'ConnectionStatusService - Updating status to: Online'
Chrome 144.0.0.0 (Linux 0.0.0): Executed 43 of 159 SUCCESS (0 secs / 4.743 secs)
LOG: 'ConnectionStatusService - Updating status to: Online'
[1A[2KLOG: 'ConnectionStatusComponent - Constructor'
Chrome 144.0.0.0 (Linux 0.0.0): Executed 43 of 159 SUCCESS (0 secs / 4.743 secs)
LOG: 'ConnectionStatusComponent - Constructor'
[1A[2KLOG: 'ConnectionStatusComponent - OnInit'
Chrome 144.0.0.0 (Linux 0.0.0): Executed 43 of 159 SUCCESS (0 secs / 4.743 secs)
LOG: 'ConnectionStatusComponent - OnInit'
[1A[2KLOG: 'ConnectionStatusComponent - OnDestroy'
Chrome 144.0.0.0 (Linux 0.0.0): Executed 43 of 159 SUCCESS (0 secs / 4.743 secs)
LOG: 'ConnectionStatusComponent - OnDestroy'
[1A[2KLOG: 'ConnectionStatusService - Destroying service'
Chrome 144.0.0.0 (Linux 0.0.0): Executed 43 of 159 SUCCESS (0 secs / 4.743 secs)
LOG: 'ConnectionStatusService - Destroying service'
[1A[2KChrome 144.0.0.0 (Linux 0.0.0): Executed 44 of 159 SUCCESS (0 secs / 4.777 secs)
[1A[2KLOG: ' subscribed indicatorslist', []
Chrome 144.0.0.0 (Linux 0.0.0): Executed 44 of 159 SUCCESS (0 secs / 4.777 secs)
LOG: ' subscribed indicatorslist', []
[1A[2KLOG: ' subscribed indicatorslist', []
Chrome 144.0.0.0 (Linux 0.0.0): Executed 44 of 159 SUCCESS (0 secs / 4.777 secs)
LOG: ' subscribed indicatorslist', []
[1A[2KLOG: 'indicatorsList', []
Chrome 144.0.0.0 (Linux 0.0.0): Executed 44 of 159 SUCCESS (0 secs / 4.777 secs)
LOG: 'indicatorsList', []
[1A[2KLOG: 'indicatorslist ths is the effect', []
Chrome 144.0.0.0 (Linux 0.0.0): Executed 44 of 159 SUCCESS (0 secs / 4.777 secs)
LOG: 'indicatorslist ths is the effect', []
[1A[2KLOG: 'indicatorsDialog ngOnInit', Indicatore{criteri: [], voto: 0, valore: '', descrizione: ''}
Chrome 144.0.0.0 (Linux 0.0.0): Executed 44 of 159 SUCCESS (0 secs / 4.777 secs)
LOG: 'indicatorsDialog ngOnInit', Indicatore{criteri: [], voto: 0, valore: '', descrizione: ''}
[1A[2KChrome 144.0.0.0 (Linux 0.0.0): Executed 45 of 159 SUCCESS (0 secs / 5.797 secs)
[1A[2KChrome 144.0.0.0 (Linux 0.0.0): Executed 46 of 159 SUCCESS (0 secs / 5.813 secs)
[1A[2KChrome 144.0.0.0 (Linux 0.0.0): Executed 47 of 159 SUCCESS (0 secs / 6.832 secs)
[1A[2KChrome 144.0.0.0 (Linux 0.0.0) ListStudent4classComponent should create FAILED
	Failed: NG0201: No provider found for `Firestore`. Source: Standalone[ListStudent4classComponent]. Path: AgendaService -> Firestore. Find more at https://v20.angular.dev/errors/NG0201
	error properties: Object({ code: -201, ngErrorCode: -201, ngErrorMessage: 'No provider found for `Firestore`.', ngTokenPath: [ 'AgendaService', 'Firestore' ] })
	ɵNotFound: NG0201: No provider found for `Firestore`. Source: Standalone[ListStudent4classComponent]. Path: AgendaService -> Firestore. Find more at https://v20.angular.dev/errors/NG0201
	    at createRuntimeError (node_modules/@angular/core/fesm2022/root_effect_scheduler.mjs:924:19)
	    at NullInjector.get (node_modules/@angular/core/fesm2022/root_effect_scheduler.mjs:1494:27)
	    at R3Injector.get (node_modules/@angular/core/fesm2022/root_effect_scheduler.mjs:2052:33)
	    at R3Injector.get (node_modules/@angular/core/fesm2022/root_effect_scheduler.mjs:2052:33)
	    at R3Injector.retrieve (node_modules/@angular/core/fesm2022/root_effect_scheduler.mjs:1936:25)
	    at injectInjectorOnly (node_modules/@angular/core/fesm2022/root_effect_scheduler.mjs:1049:39)
	    at ɵɵinject (node_modules/@angular/core/fesm2022/root_effect_scheduler.mjs:1061:60)
	    at inject (node_modules/@angular/core/fesm2022/root_effect_scheduler.mjs:1149:12)
	    at new AgendaService (src/app/shared/services/agenda.service.ts:30:31)
	    at Object.AgendaService_Factory [as factory] (ng:///AgendaService/ɵfac.js:4:10)
Chrome 144.0.0.0 (Linux 0.0.0): Executed 48 of 159 (1 FAILED) (0 secs / 6.847 secs)
[1A[2KChrome 144.0.0.0 (Linux 0.0.0): Executed 49 of 159 (1 FAILED) (0 secs / 6.883 secs)
[1A[2KChrome 144.0.0.0 (Linux 0.0.0): Executed 50 of 159 (1 FAILED) (0 secs / 6.912 secs)
[1A[2KChrome 144.0.0.0 (Linux 0.0.0): Executed 51 of 159 (1 FAILED) (0 secs / 6.932 secs)
[1A[2KChrome 144.0.0.0 (Linux 0.0.0): Executed 52 of 159 (1 FAILED) (0 secs / 6.949 secs)
[1A[2KChrome 144.0.0.0 (Linux 0.0.0): Executed 53 of 159 (1 FAILED) (0 secs / 6.95 secs)
[1A[2KChrome 144.0.0.0 (Linux 0.0.0): Executed 54 of 159 (1 FAILED) (0 secs / 6.95 secs)
[1A[2KChrome 144.0.0.0 (Linux 0.0.0): Executed 55 of 159 (1 FAILED) (0 secs / 6.951 secs)
[1A[2KChrome 144.0.0.0 (Linux 0.0.0): Executed 56 of 159 (1 FAILED) (0 secs / 6.951 secs)
[1A[2KLOG: 'filterSignal updated* ', []
Chrome 144.0.0.0 (Linux 0.0.0): Executed 56 of 159 (1 FAILED) (0 secs / 6.951 secs)
LOG: 'filterSignal updated* ', []
[1A[2KLOG: 'user', Object{key: 'teacher1', classesKey: []}
Chrome 144.0.0.0 (Linux 0.0.0): Executed 56 of 159 (1 FAILED) (0 secs / 6.951 secs)
LOG: 'user', Object{key: 'teacher1', classesKey: []}
[1A[2KLOG: 'classi', []
Chrome 144.0.0.0 (Linux 0.0.0): Executed 56 of 159 (1 FAILED) (0 secs / 6.951 secs)
LOG: 'classi', []
[1A[2KChrome 144.0.0.0 (Linux 0.0.0): Executed 57 of 159 (1 FAILED) (0 secs / 6.97 secs)
[1A[2KChrome 144.0.0.0 (Linux 0.0.0): Executed 58 of 159 (1 FAILED) (0 secs / 6.974 secs)
[1A[2KChrome 144.0.0.0 (Linux 0.0.0): Executed 59 of 159 (1 FAILED) (0 secs / 6.977 secs)
[1A[2KChrome 144.0.0.0 (Linux 0.0.0): Executed 60 of 159 (1 FAILED) (0 secs / 6.98 secs)
[1A[2KChrome 144.0.0.0 (Linux 0.0.0): Executed 61 of 159 (1 FAILED) (0 secs / 6.983 secs)
[1A[2KChrome 144.0.0.0 (Linux 0.0.0): Executed 62 of 159 (1 FAILED) (0 secs / 6.986 secs)
[1A[2KChrome 144.0.0.0 (Linux 0.0.0): Executed 63 of 159 (1 FAILED) (0 secs / 6.988 secs)
[1A[2KChrome 144.0.0.0 (Linux 0.0.0): Executed 64 of 159 (1 FAILED) (0 secs / 6.991 secs)
[1A[2KChrome 144.0.0.0 (Linux 0.0.0): Executed 65 of 159 (1 FAILED) (0 secs / 6.994 secs)
[1A[2KChrome 144.0.0.0 (Linux 0.0.0): Executed 66 of 159 (1 FAILED) (0 secs / 6.994 secs)
[1A[2KChrome 144.0.0.0 (Linux 0.0.0): Executed 67 of 159 (1 FAILED) (0 secs / 6.994 secs)
[1A[2KChrome 144.0.0.0 (Linux 0.0.0): Executed 68 of 159 (1 FAILED) (0 secs / 6.994 secs)
[1A[2KChrome 144.0.0.0 (Linux 0.0.0): Executed 69 of 159 (1 FAILED) (0 secs / 6.994 secs)
[1A[2KChrome 144.0.0.0 (Linux 0.0.0): Executed 70 of 159 (1 FAILED) (0 secs / 6.995 secs)
[1A[2KChrome 144.0.0.0 (Linux 0.0.0): Executed 71 of 159 (1 FAILED) (0 secs / 6.998 secs)
[1A[2KLOG: 'Transforming events:', [Object{dataInizio: '2023-01-01T09:00:00Z', title: 'Morning'}, Object{dataInizio: '2023-01-01T15:00:00Z', title: 'Afternoon'}, Object{dataInizio: '2023-01-02T10:00:00Z', title: 'Next Day'}]
Chrome 144.0.0.0 (Linux 0.0.0): Executed 71 of 159 (1 FAILED) (0 secs / 6.998 secs)
LOG: 'Transforming events:', [Object{dataInizio: '2023-01-01T09:00:00Z', title: 'Morning'}, Object{dataInizio: '2023-01-01T15:00:00Z', title: 'Afternoon'}, Object{dataInizio: '2023-01-02T10:00:00Z', title: 'Next Day'}]
[1A[2KLOG: 'Transformed events for Toast UI:', [Object{id: undefined, calendarId: '1', title: '<strong>Morning</strong>', category: 'time', start: '2023-01-01T09:00:00Z', end: undefined, backgroundColor: 'var(--ion-color-medium)', color: '#FFFFFF', borderColor: 'var(--ion-color-medium)', isReadOnly: true}, Object{id: undefined, calendarId: '1', title: '<strong>Afternoon</strong>', category: 'time', start: '2023-01-01T15:00:00Z', end: undefined, backgroundColor: 'var(--ion-color-medium)', color: '#FFFFFF', borderColor: 'var(--ion-color-medium)', isReadOnly: true}, Object{id: undefined, calendarId: '1', title: '<strong>Next Day</strong>', category: 'time', start: '2023-01-02T10:00:00Z', end: undefined, backgroundColor: 'var(--ion-color-medium)', color: '#FFFFFF', borderColor: 'var(--ion-color-medium)', isReadOnly: true}]
Chrome 144.0.0.0 (Linux 0.0.0): Executed 71 of 159 (1 FAILED) (0 secs / 6.998 secs)
LOG: 'Transformed events for Toast UI:', [Object{id: undefined, calendarId: '1', title: '<strong>Morning</strong>', category: 'time', start: '2023-01-01T09:00:00Z', end: undefined, backgroundColor: 'var(--ion-color-medium)', color: '#FFFFFF', borderColor: 'var(--ion-color-medium)', isReadOnly: true}, Object{id: undefined, calendarId: '1', title: '<strong>Afternoon</strong>', category: 'time', start: '2023-01-01T15:00:00Z', end: undefined, backgroundColor: 'var(--ion-color-medium)', color: '#FFFFFF', borderColor: 'var(--ion-color-medium)', isReadOnly: true}, Object{id: undefined, calendarId: '1', title: '<strong>Next Day</strong>', category: 'time', start: '2023-01-02T10:00:00Z', end: undefined, backgroundColor: 'var(--ion-color-medium)', color: '#FFFFFF', borderColor: 'var(--ion-color-medium)', isReadOnly: true}]
[1A[2KChrome 144.0.0.0 (Linux 0.0.0): Executed 72 of 159 (1 FAILED) (0 secs / 7.035 secs)
[1A[2KLOG: 'Adding TEST event'
Chrome 144.0.0.0 (Linux 0.0.0): Executed 72 of 159 (1 FAILED) (0 secs / 7.035 secs)
LOG: 'Adding TEST event'
[1A[2KLOG: 'Adding TEST event'
Chrome 144.0.0.0 (Linux 0.0.0): Executed 72 of 159 (1 FAILED) (0 secs / 7.035 secs)
LOG: 'Adding TEST event'
[1A[2KLOG: 'Adding TEST event'
Chrome 144.0.0.0 (Linux 0.0.0): Executed 72 of 159 (1 FAILED) (0 secs / 7.035 secs)
LOG: 'Adding TEST event'
[1A[2KLOG: 'Adding TEST event'
Chrome 144.0.0.0 (Linux 0.0.0): Executed 72 of 159 (1 FAILED) (0 secs / 7.035 secs)
LOG: 'Adding TEST event'
[1A[2KLOG: 'Adding TEST event'
Chrome 144.0.0.0 (Linux 0.0.0): Executed 72 of 159 (1 FAILED) (0 secs / 7.035 secs)
LOG: 'Adding TEST event'
[1A[2KLOG: 'Adding TEST event'
Chrome 144.0.0.0 (Linux 0.0.0): Executed 72 of 159 (1 FAILED) (0 secs / 7.035 secs)
LOG: 'Adding TEST event'
[1A[2KLOG: 'Adding TEST event'
Chrome 144.0.0.0 (Linux 0.0.0): Executed 72 of 159 (1 FAILED) (0 secs / 7.035 secs)
LOG: 'Adding TEST event'
[1A[2KChrome 144.0.0.0 (Linux 0.0.0): Executed 73 of 159 (1 FAILED) (0 secs / 7.07 secs)
[1A[2KLOG: 'Adding TEST event'
Chrome 144.0.0.0 (Linux 0.0.0): Executed 73 of 159 (1 FAILED) (0 secs / 7.07 secs)
LOG: 'Adding TEST event'
[1A[2KChrome 144.0.0.0 (Linux 0.0.0): Executed 74 of 159 (1 FAILED) (0 secs / 7.07 secs)
[1A[2KChrome 144.0.0.0 (Linux 0.0.0): Executed 75 of 159 (1 FAILED) (0 secs / 7.07 secs)
[1A[2KChrome 144.0.0.0 (Linux 0.0.0): Executed 76 of 159 (1 FAILED) (0 secs / 7.07 secs)
[1A[2KChrome 144.0.0.0 (Linux 0.0.0): Executed 77 of 159 (1 FAILED) (0 secs / 7.104 secs)
[1A[2KChrome 144.0.0.0 (Linux 0.0.0): Executed 78 of 159 (1 FAILED) (0 secs / 7.108 secs)
[1A[2KChrome 144.0.0.0 (Linux 0.0.0): Executed 79 of 159 (1 FAILED) (0 secs / 7.108 secs)
[1A[2KChrome 144.0.0.0 (Linux 0.0.0): Executed 80 of 159 (1 FAILED) (0 secs / 7.108 secs)
[1A[2KChrome 144.0.0.0 (Linux 0.0.0): Executed 81 of 159 (1 FAILED) (0 secs / 7.108 secs)
[1A[2KChrome 144.0.0.0 (Linux 0.0.0): Executed 82 of 159 (1 FAILED) (0 secs / 7.115 secs)
[1A[2KChrome 144.0.0.0 (Linux 0.0.0): Executed 83 of 159 (1 FAILED) (0 secs / 7.118 secs)
[1A[2KLOG: 'ngOnInit - classi*:', []
Chrome 144.0.0.0 (Linux 0.0.0): Executed 83 of 159 (1 FAILED) (0 secs / 7.118 secs)
LOG: 'ngOnInit - classi*:', []
[1A[2KLOG: 'Effect - classi aggiornate:', []
Chrome 144.0.0.0 (Linux 0.0.0): Executed 83 of 159 (1 FAILED) (0 secs / 7.118 secs)
LOG: 'Effect - classi aggiornate:', []
[1A[2KChrome 144.0.0.0 (Linux 0.0.0): Executed 84 of 159 (1 FAILED) (0 secs / 7.156 secs)
[1A[2KChrome 144.0.0.0 (Linux 0.0.0): Executed 85 of 159 (1 FAILED) (0 secs / 7.162 secs)
[1A[2KChrome 144.0.0.0 (Linux 0.0.0): Executed 86 of 159 (1 FAILED) (0 secs / 7.168 secs)
[1A[2KWARN: 'Calling Firebase APIs outside of an Injection context may destabilize your application leading to subtle change-detection and hydration bugs. Find more at https://github.com/angular/angularfire/blob/main/docs/zones.md'
Chrome 144.0.0.0 (Linux 0.0.0): Executed 86 of 159 (1 FAILED) (0 secs / 7.168 secs)
WARN: 'Calling Firebase APIs outside of an Injection context may destabilize your application leading to subtle change-detection and hydration bugs. Find more at https://github.com/angular/angularfire/blob/main/docs/zones.md'
[1A[2KWARN: 'Firebase API called outside injection context: onAuthStateChanged'
Chrome 144.0.0.0 (Linux 0.0.0): Executed 86 of 159 (1 FAILED) (0 secs / 7.168 secs)
WARN: 'Firebase API called outside injection context: onAuthStateChanged'
[1A[2KChrome 144.0.0.0 (Linux 0.0.0): Executed 87 of 159 (1 FAILED) (0 secs / 7.174 secs)
[1A[2KChrome 144.0.0.0 (Linux 0.0.0): Executed 88 of 159 (1 FAILED) (0 secs / 7.177 secs)
[1A[2KLOG: 'selectedClasses', []
Chrome 144.0.0.0 (Linux 0.0.0): Executed 88 of 159 (1 FAILED) (0 secs / 7.177 secs)
LOG: 'selectedClasses', []
[1A[2KChrome 144.0.0.0 (Linux 0.0.0): Executed 89 of 159 (1 FAILED) (0 secs / 7.19 secs)
[1A[2KChrome 144.0.0.0 (Linux 0.0.0): Executed 90 of 159 (1 FAILED) (0 secs / 7.23 secs)
[1A[2KChrome 144.0.0.0 (Linux 0.0.0): Executed 91 of 159 (1 FAILED) (0 secs / 7.232 secs)
[1A[2KChrome 144.0.0.0 (Linux 0.0.0): Executed 92 of 159 (1 FAILED) (0 secs / 7.233 secs)
[1A[2KWARN: '[Ionicons Warning]: Multiple icons were mapped to name "push". Ensure that multiple icons are not mapped to the same icon name.'
Chrome 144.0.0.0 (Linux 0.0.0): Executed 92 of 159 (1 FAILED) (0 secs / 7.233 secs)
WARN: '[Ionicons Warning]: Multiple icons were mapped to name "push". Ensure that multiple icons are not mapped to the same icon name.'
[1A[2KLOG: 'gridKey', undefined
Chrome 144.0.0.0 (Linux 0.0.0): Executed 92 of 159 (1 FAILED) (0 secs / 7.233 secs)
LOG: 'gridKey', undefined
[1A[2KLOG: 'indicatorsList', []
Chrome 144.0.0.0 (Linux 0.0.0): Executed 92 of 159 (1 FAILED) (0 secs / 7.233 secs)
LOG: 'indicatorsList', []
[1A[2KChrome 144.0.0.0 (Linux 0.0.0): Executed 93 of 159 (1 FAILED) (0 secs / 8.246 secs)
[1A[2KLOG: 'Evaluations4StudentPage'
Chrome 144.0.0.0 (Linux 0.0.0): Executed 93 of 159 (1 FAILED) (0 secs / 8.246 secs)
LOG: 'Evaluations4StudentPage'
[1A[2KWARN: '[Ionicons Warning]: Multiple icons were mapped to name "eye". Ensure that multiple icons are not mapped to the same icon name.'
Chrome 144.0.0.0 (Linux 0.0.0): Executed 93 of 159 (1 FAILED) (0 secs / 8.246 secs)
WARN: '[Ionicons Warning]: Multiple icons were mapped to name "eye". Ensure that multiple icons are not mapped to the same icon name.'
[1A[2KLOG: 'studentKey', undefined
Chrome 144.0.0.0 (Linux 0.0.0): Executed 93 of 159 (1 FAILED) (0 secs / 8.246 secs)
LOG: 'studentKey', undefined
[1A[2KLOG: 'teacherKey', undefined
Chrome 144.0.0.0 (Linux 0.0.0): Executed 93 of 159 (1 FAILED) (0 secs / 8.246 secs)
LOG: 'teacherKey', undefined
[1A[2KChrome 144.0.0.0 (Linux 0.0.0): Executed 94 of 159 (1 FAILED) (0 secs / 8.388 secs)
[1A[2KChrome 144.0.0.0 (Linux 0.0.0): Executed 95 of 159 (1 FAILED) (0 secs / 8.388 secs)
[1A[2KChrome 144.0.0.0 (Linux 0.0.0): Executed 96 of 159 (1 FAILED) (0 secs / 8.388 secs)
[1A[2KChrome 144.0.0.0 (Linux 0.0.0): Executed 97 of 159 (1 FAILED) (0 secs / 8.388 secs)
[1A[2KChrome 144.0.0.0 (Linux 0.0.0): Executed 98 of 159 (1 FAILED) (0 secs / 8.388 secs)
[1A[2KChrome 144.0.0.0 (Linux 0.0.0): Executed 99 of 159 (1 FAILED) (0 secs / 8.388 secs)
[1A[2KChrome 144.0.0.0 (Linux 0.0.0): Executed 100 of 159 (1 FAILED) (0 secs / 8.388 secs)
[1A[2KChrome 144.0.0.0 (Linux 0.0.0): Executed 101 of 159 (1 FAILED) (0 secs / 8.392 secs)
[1A[2KERROR: 'Error generating PDF:', FirebaseError: [code=invalid-argument]: Expected first argument to collection() to be a CollectionReference, a DocumentReference or FirebaseFirestore
FirebaseError: Expected first argument to collection() to be a CollectionReference, a DocumentReference or FirebaseFirestore
Chrome 144.0.0.0 (Linux 0.0.0): Executed 101 of 159 (1 FAILED) (0 secs / 8.392 secs)
ERROR: 'Error generating PDF:', FirebaseError: [code=invalid-argument]: Expected first argument to collection() to be a CollectionReference, a DocumentReference or FirebaseFirestore
FirebaseError: Expected first argument to collection() to be a CollectionReference, a DocumentReference or FirebaseFirestore
[1A[2KChrome 144.0.0.0 (Linux 0.0.0): Executed 102 of 159 (1 FAILED) (0 secs / 8.804 secs)
[1A[2KChrome 144.0.0.0 (Linux 0.0.0): Executed 103 of 159 (1 FAILED) (0 secs / 8.805 secs)
[1A[2KChrome 144.0.0.0 (Linux 0.0.0): Executed 104 of 159 (1 FAILED) (0 secs / 8.806 secs)
[1A[2KChrome 144.0.0.0 (Linux 0.0.0): Executed 105 of 159 (1 FAILED) (0 secs / 8.806 secs)
[1A[2KLOG: 'user*', UserModel{key: 'x', birthDate: '', email: 'y', firstName: '', DSA: false, DVA: false, BES: false, ADHD: false, noteDisabilita: '', pdpUrl: [], lastName: '', password: '', classKey: '', phoneNumber: '+390987654321', role: 1, userName: '', assignedClasses: [], classesKey: ['a', 'b'], fcmTokens: []}
Chrome 144.0.0.0 (Linux 0.0.0): Executed 105 of 159 (1 FAILED) (0 secs / 8.806 secs)
LOG: 'user*', UserModel{key: 'x', birthDate: '', email: 'y', firstName: '', DSA: false, DVA: false, BES: false, ADHD: false, noteDisabilita: '', pdpUrl: [], lastName: '', password: '', classKey: '', phoneNumber: '+390987654321', role: 1, userName: '', assignedClasses: [], classesKey: ['a', 'b'], fcmTokens: []}
[1A[2KLOG: 'out*', Object{key: 'x', birthDate: '', classKey: '', email: 'y', firstName: '', lastName: '', phoneNumber: '+390987654321', role: 1, DVA: false, DSA: false, BES: false, ADHD: false, assignedClasses: [], noteDisabilita: '', pdpUrl: [], userName: '', classes: ['a', 'b']}
Chrome 144.0.0.0 (Linux 0.0.0): Executed 105 of 159 (1 FAILED) (0 secs / 8.806 secs)
LOG: 'out*', Object{key: 'x', birthDate: '', classKey: '', email: 'y', firstName: '', lastName: '', phoneNumber: '+390987654321', role: 1, DVA: false, DSA: false, BES: false, ADHD: false, assignedClasses: [], noteDisabilita: '', pdpUrl: [], userName: '', classes: ['a', 'b']}
[1A[2KChrome 144.0.0.0 (Linux 0.0.0): Executed 106 of 159 (1 FAILED) (0 secs / 8.806 secs)
[1A[2KChrome 144.0.0.0 (Linux 0.0.0): Executed 107 of 159 (1 FAILED) (0 secs / 8.839 secs)
[1A[2KChrome 144.0.0.0 (Linux 0.0.0): Executed 108 of 159 (1 FAILED) (0 secs / 8.873 secs)
[1A[2KLOG: 'EvaluationDialogPage constructor'
Chrome 144.0.0.0 (Linux 0.0.0): Executed 108 of 159 (1 FAILED) (0 secs / 8.873 secs)
LOG: 'EvaluationDialogPage constructor'
[1A[2KLOG: 'paramClassKey', null
Chrome 144.0.0.0 (Linux 0.0.0): Executed 108 of 159 (1 FAILED) (0 secs / 8.873 secs)
LOG: 'paramClassKey', null
[1A[2KLOG: 'classKey', ''
Chrome 144.0.0.0 (Linux 0.0.0): Executed 108 of 159 (1 FAILED) (0 secs / 8.873 secs)
LOG: 'classKey', ''
[1A[2KLOG: 'studentKey', ''
Chrome 144.0.0.0 (Linux 0.0.0): Executed 108 of 159 (1 FAILED) (0 secs / 8.873 secs)
LOG: 'studentKey', ''
[1A[2KLOG: 'evaluationKey', ''
Chrome 144.0.0.0 (Linux 0.0.0): Executed 108 of 159 (1 FAILED) (0 secs / 8.873 secs)
LOG: 'evaluationKey', ''
[1A[2KLOG: 'grid to show', [Model Signal: [object Object]]
Chrome 144.0.0.0 (Linux 0.0.0): Executed 108 of 159 (1 FAILED) (0 secs / 8.873 secs)
LOG: 'grid to show', [Model Signal: [object Object]]
[1A[2KLOG: 'grid', Grids{key: '', nome: '', descrizione: '', indicatori: [], ownerKey: ''}
Chrome 144.0.0.0 (Linux 0.0.0): Executed 108 of 159 (1 FAILED) (0 secs / 8.873 secs)
LOG: 'grid', Grids{key: '', nome: '', descrizione: '', indicatori: [], ownerKey: ''}
[1A[2KLOG: ' teacherKey*', 'teacher1'
Chrome 144.0.0.0 (Linux 0.0.0): Executed 108 of 159 (1 FAILED) (0 secs / 8.873 secs)
LOG: ' teacherKey*', 'teacher1'
[1A[2KLOG: 'init evaluation-dialog'
Chrome 144.0.0.0 (Linux 0.0.0): Executed 108 of 159 (1 FAILED) (0 secs / 8.873 secs)
LOG: 'init evaluation-dialog'
[1A[2KLOG: 'evaluation', Evaluation{key: '', description: '', note: '', data: '', subjectKey: '', lastUpdateDate: '', grid: Grids{key: '', nome: '', descrizione: '', indicatori: [], ownerKey: ''}, gridsKey: '', classKey: '', studentKey: '', teacherKey: '', activityKey: '', enclosedDocuments: [], toString: () => `[Input Signal: ${ ... }]`}
Chrome 144.0.0.0 (Linux 0.0.0): Executed 108 of 159 (1 FAILED) (0 secs / 8.873 secs)
LOG: 'evaluation', Evaluation{key: '', description: '', note: '', data: '', subjectKey: '', lastUpdateDate: '', grid: Grids{key: '', nome: '', descrizione: '', indicatori: [], ownerKey: ''}, gridsKey: '', classKey: '', studentKey: '', teacherKey: '', activityKey: '', enclosedDocuments: [], toString: () => `[Input Signal: ${ ... }]`}
[1A[2KChrome 144.0.0.0 (Linux 0.0.0): Executed 109 of 159 (1 FAILED) (0 secs / 9.91 secs)
[1A[2KChrome 144.0.0.0 (Linux 0.0.0): Executed 110 of 159 (1 FAILED) (0 secs / 9.911 secs)
[1A[2KChrome 144.0.0.0 (Linux 0.0.0): Executed 111 of 159 (1 FAILED) (0 secs / 9.912 secs)
[1A[2KChrome 144.0.0.0 (Linux 0.0.0): Executed 112 of 159 (1 FAILED) (0 secs / 9.912 secs)
[1A[2KChrome 144.0.0.0 (Linux 0.0.0): Executed 113 of 159 (1 FAILED) (0 secs / 9.913 secs)
[1A[2KChrome 144.0.0.0 (Linux 0.0.0): Executed 114 of 159 (1 FAILED) (0 secs / 9.914 secs)
[1A[2KChrome 144.0.0.0 (Linux 0.0.0): Executed 115 of 159 (1 FAILED) (0 secs / 9.914 secs)
[1A[2KLOG: 'grid to show', [Model Signal: [object Object]]
Chrome 144.0.0.0 (Linux 0.0.0): Executed 115 of 159 (1 FAILED) (0 secs / 9.914 secs)
LOG: 'grid to show', [Model Signal: [object Object]]
[1A[2KLOG: 'grid', Grids{key: '', nome: '', descrizione: '', indicatori: [], ownerKey: ''}
Chrome 144.0.0.0 (Linux 0.0.0): Executed 115 of 159 (1 FAILED) (0 secs / 9.914 secs)
LOG: 'grid', Grids{key: '', nome: '', descrizione: '', indicatori: [], ownerKey: ''}
[1A[2KChrome 144.0.0.0 (Linux 0.0.0): Executed 116 of 159 (1 FAILED) (0 secs / 9.947 secs)
[1A[2KLOG: 'constructor ReservedNotes4studentComponent'
Chrome 144.0.0.0 (Linux 0.0.0): Executed 116 of 159 (1 FAILED) (0 secs / 9.947 secs)
LOG: 'constructor ReservedNotes4studentComponent'
[1A[2KLOG: 'ngOnInit ReservedNotes4studentComponent'
Chrome 144.0.0.0 (Linux 0.0.0): Executed 116 of 159 (1 FAILED) (0 secs / 9.947 secs)
LOG: 'ngOnInit ReservedNotes4studentComponent'
[1A[2KLOG: 'studentkey', ''
Chrome 144.0.0.0 (Linux 0.0.0): Executed 116 of 159 (1 FAILED) (0 secs / 9.947 secs)
LOG: 'studentkey', ''
[1A[2KLOG: 'ownerkey', ''
Chrome 144.0.0.0 (Linux 0.0.0): Executed 116 of 159 (1 FAILED) (0 secs / 9.947 secs)
LOG: 'ownerkey', ''
[1A[2KChrome 144.0.0.0 (Linux 0.0.0): Executed 117 of 159 (1 FAILED) (0 secs / 9.985 secs)
[1A[2KLOG: 'UserDialogPage constructor'
Chrome 144.0.0.0 (Linux 0.0.0): Executed 117 of 159 (1 FAILED) (0 secs / 9.985 secs)
LOG: 'UserDialogPage constructor'
[1A[2KWARN: '[Ionicons Warning]: Multiple icons were mapped to name "document-text". Ensure that multiple icons are not mapped to the same icon name.'
Chrome 144.0.0.0 (Linux 0.0.0): Executed 117 of 159 (1 FAILED) (0 secs / 9.985 secs)
WARN: '[Ionicons Warning]: Multiple icons were mapped to name "document-text". Ensure that multiple icons are not mapped to the same icon name.'
[1A[2KWARN: '[Ionicons Warning]: Multiple icons were mapped to name "sparkles". Ensure that multiple icons are not mapped to the same icon name.'
Chrome 144.0.0.0 (Linux 0.0.0): Executed 117 of 159 (1 FAILED) (0 secs / 9.985 secs)
WARN: '[Ionicons Warning]: Multiple icons were mapped to name "sparkles". Ensure that multiple icons are not mapped to the same icon name.'
[1A[2KWARN: '[Ionicons Warning]: Multiple icons were mapped to name "save". Ensure that multiple icons are not mapped to the same icon name.'
Chrome 144.0.0.0 (Linux 0.0.0): Executed 117 of 159 (1 FAILED) (0 secs / 9.985 secs)
WARN: '[Ionicons Warning]: Multiple icons were mapped to name "save". Ensure that multiple icons are not mapped to the same icon name.'
[1A[2KWARN: 'The 'allowSignalWrites' flag is deprecated and no longer impacts effect() (writes are always allowed)'
Chrome 144.0.0.0 (Linux 0.0.0): Executed 117 of 159 (1 FAILED) (0 secs / 9.985 secs)
WARN: 'The 'allowSignalWrites' flag is deprecated and no longer impacts effect() (writes are always allowed)'
[1A[2KLOG: 'constructor ReservedNotes4studentComponent'
Chrome 144.0.0.0 (Linux 0.0.0): Executed 117 of 159 (1 FAILED) (0 secs / 9.985 secs)
LOG: 'constructor ReservedNotes4studentComponent'
[1A[2KWARN: '[Ionicons Warning]: Multiple icons were mapped to name "eye". Ensure that multiple icons are not mapped to the same icon name.'
Chrome 144.0.0.0 (Linux 0.0.0): Executed 117 of 159 (1 FAILED) (0 secs / 9.985 secs)
WARN: '[Ionicons Warning]: Multiple icons were mapped to name "eye". Ensure that multiple icons are not mapped to the same icon name.'
[1A[2KLOG: 'UserDialogPage ngOnInit'
Chrome 144.0.0.0 (Linux 0.0.0): Executed 117 of 159 (1 FAILED) (0 secs / 9.985 secs)
LOG: 'UserDialogPage ngOnInit'
[1A[2KLOG: 'UserGeneralities2Component - ngOnInit*'
Chrome 144.0.0.0 (Linux 0.0.0): Executed 117 of 159 (1 FAILED) (0 secs / 9.985 secs)
LOG: 'UserGeneralities2Component - ngOnInit*'
[1A[2KLOG: 'User input value on init*:', UserModel{key: '', birthDate: '', email: '', firstName: '', DSA: false, DVA: false, BES: false, ADHD: false, noteDisabilita: '', pdpUrl: [], lastName: '', password: '', classKey: '', phoneNumber: '', role: 3, userName: '', assignedClasses: [], classesKey: [], fcmTokens: []}
Chrome 144.0.0.0 (Linux 0.0.0): Executed 117 of 159 (1 FAILED) (0 secs / 9.985 secs)
LOG: 'User input value on init*:', UserModel{key: '', birthDate: '', email: '', firstName: '', DSA: false, DVA: false, BES: false, ADHD: false, noteDisabilita: '', pdpUrl: [], lastName: '', password: '', classKey: '', phoneNumber: '', role: 3, userName: '', assignedClasses: [], classesKey: [], fcmTokens: []}
[1A[2KLOG: 'ngOnInit - classi*:', []
Chrome 144.0.0.0 (Linux 0.0.0): Executed 117 of 159 (1 FAILED) (0 secs / 9.985 secs)
LOG: 'ngOnInit - classi*:', []
[1A[2KLOG: 'Effect - classi aggiornate:', []
Chrome 144.0.0.0 (Linux 0.0.0): Executed 117 of 159 (1 FAILED) (0 secs / 9.985 secs)
LOG: 'Effect - classi aggiornate:', []
[1A[2KLOG: 'onClassesChange - classes:', []
Chrome 144.0.0.0 (Linux 0.0.0): Executed 117 of 159 (1 FAILED) (0 secs / 9.985 secs)
LOG: 'onClassesChange - classes:', []
[1A[2KLOG: 'ngOnInit - user:*', UserModel{key: '', birthDate: '', email: '', firstName: '', DSA: false, DVA: false, BES: false, ADHD: false, noteDisabilita: '', pdpUrl: [], lastName: '', password: '', classKey: '', phoneNumber: '', role: 3, userName: '', assignedClasses: [], classesKey: [], fcmTokens: []}
Chrome 144.0.0.0 (Linux 0.0.0): Executed 117 of 159 (1 FAILED) (0 secs / 9.985 secs)
LOG: 'ngOnInit - user:*', UserModel{key: '', birthDate: '', email: '', firstName: '', DSA: false, DVA: false, BES: false, ADHD: false, noteDisabilita: '', pdpUrl: [], lastName: '', password: '', classKey: '', phoneNumber: '', role: 3, userName: '', assignedClasses: [], classesKey: [], fcmTokens: []}
[1A[2KLOG: 'studentKey set to:', '', 'Previous value:', ''
Chrome 144.0.0.0 (Linux 0.0.0): Executed 117 of 159 (1 FAILED) (0 secs / 9.985 secs)
LOG: 'studentKey set to:', '', 'Previous value:', ''
[1A[2KLOG: 'ownerKey set to:', '', 'Previous value:', ''
Chrome 144.0.0.0 (Linux 0.0.0): Executed 117 of 159 (1 FAILED) (0 secs / 9.985 secs)
LOG: 'ownerKey set to:', '', 'Previous value:', ''
[1A[2KLOG: 'ngOnInit ReservedNotes4studentComponent'
Chrome 144.0.0.0 (Linux 0.0.0): Executed 117 of 159 (1 FAILED) (0 secs / 9.985 secs)
LOG: 'ngOnInit ReservedNotes4studentComponent'
[1A[2KLOG: 'studentkey', ''
Chrome 144.0.0.0 (Linux 0.0.0): Executed 117 of 159 (1 FAILED) (0 secs / 9.985 secs)
LOG: 'studentkey', ''
[1A[2KLOG: 'ownerkey', ''
Chrome 144.0.0.0 (Linux 0.0.0): Executed 117 of 159 (1 FAILED) (0 secs / 9.985 secs)
LOG: 'ownerkey', ''
[1A[2KLOG: 'User in effect:*', UserModel{key: '', birthDate: '', email: '', firstName: '', DSA: false, DVA: false, BES: false, ADHD: false, noteDisabilita: '', pdpUrl: [], lastName: '', password: '', classKey: '', phoneNumber: '', role: 3, userName: '', assignedClasses: [], classesKey: [], fcmTokens: []}
Chrome 144.0.0.0 (Linux 0.0.0): Executed 117 of 159 (1 FAILED) (0 secs / 9.985 secs)
LOG: 'User in effect:*', UserModel{key: '', birthDate: '', email: '', firstName: '', DSA: false, DVA: false, BES: false, ADHD: false, noteDisabilita: '', pdpUrl: [], lastName: '', password: '', classKey: '', phoneNumber: '', role: 3, userName: '', assignedClasses: [], classesKey: [], fcmTokens: []}
[1A[2KWARN: 'User is null or undefined*'
Chrome 144.0.0.0 (Linux 0.0.0): Executed 117 of 159 (1 FAILED) (0 secs / 9.985 secs)
WARN: 'User is null or undefined*'
[1A[2KLOG: 'UserGeneralities2Component - ngAfterViewInit'
Chrome 144.0.0.0 (Linux 0.0.0): Executed 117 of 159 (1 FAILED) (0 secs / 9.985 secs)
LOG: 'UserGeneralities2Component - ngAfterViewInit'
[1A[2KLOG: 'Form controls after view init:', Object{firstName: FormControl{_pendingDirty: false, _hasOwnPendingAsyncValidator: null, _pendingTouched: false, _onCollectionChange: () => { ... }, _updateOn: undefined, _parent: FormGroup{_pendingDirty: ..., _hasOwnPendingAsyncValidator: ..., _pendingTouched: ..., _onCollectionChange: ..., _updateOn: ..., _parent: ..., _asyncValidationSubscription: ..., _composedValidatorFn: ..., _composedAsyncValidatorFn: ..., _rawValidators: ..., _rawAsyncValidators: ..., value: ..., _status: ..., statusReactive: ..., errors: ..., _pristine: ..., pristineReactive: ..., _touched: ..., touchedReactive: ..., _events: ..., events: ..., valueChanges: ..., statusChanges: ..., _onDisabledChange: ..., controls: ...}, _asyncValidationSubscription: undefined, _composedValidatorFn: function (control) { ... }, _composedAsyncValidatorFn: null, _rawValidators: [...], _rawAsyncValidators: null, value: '', _status: [Computed: INVALID], statusReactive: [Signal: INVALID], errors: Object{required: ...}, _pristine: [Computed: true], pristineReactive: [Signal: true], _touched: [Computed: false], touchedReactive: [Signal: false], _events: Subject{closed: ..., currentObservers: ..., observers: ..., isStopped: ..., hasError: ..., thrownError: ...}, events: Observable{source: ...}, valueChanges: EventEmitter_{closed: ..., currentObservers: ..., observers: ..., isStopped: ..., hasError: ..., thrownError: ..., __isAsync: ..., destroyRef: ..., pendingTasks: ...}, statusChanges: EventEmitter_{closed: ..., currentObservers: ..., observers: ..., isStopped: ..., hasError: ..., thrownError: ..., __isAsync: ..., destroyRef: ..., pendingTasks: ...}, _onDisabledChange: [...], defaultValue: null, _onChange: [...], _pendingValue: '', _pendingChange: false}, lastName: FormControl{_pendingDirty: false, _hasOwnPendingAsyncValidator: null, _pendingTouched: false, _onCollectionChange: () => { ... }, _updateOn: undefined, _parent: FormGroup{_pendingDirty: ..., _hasOwnPendingAsyncValidator: ..., _pendingTouched: ..., _onCollectionChange: ..., _updateOn: ..., _parent: ..., _asyncValidationSubscription: ..., _composedValidatorFn: ..., _composedAsyncValidatorFn: ..., _rawValidators: ..., _rawAsyncValidators: ..., value: ..., _status: ..., statusReactive: ..., errors: ..., _pristine: ..., pristineReactive: ..., _touched: ..., touchedReactive: ..., _events: ..., events: ..., valueChanges: ..., statusChanges: ..., _onDisabledChange: ..., controls: ...}, _asyncValidationSubscription: undefined, _composedValidatorFn: function (control) { ... }, _composedAsyncValidatorFn: null, _rawValidators: [...], _rawAsyncValidators: null, value: '', _status: [Computed: INVALID], statusReactive: [Signal: INVALID], errors: Object{required: ...}, _pristine: [Computed: true], pristineReactive: [Signal: true], _touched: [Computed: false], touchedReactive: [Signal: false], _events: Subject{closed: ..., currentObservers: ..., observers: ..., isStopped: ..., hasError: ..., thrownError: ...}, events: Observable{source: ...}, valueChanges: EventEmitter_{closed: ..., currentObservers: ..., observers: ..., isStopped: ..., hasError: ..., thrownError: ..., __isAsync: ..., destroyRef: ..., pendingTasks: ...}, statusChanges: EventEmitter_{closed: ..., currentObservers: ..., observers: ..., isStopped: ..., hasError: ..., thrownError: ..., __isAsync: ..., destroyRef: ..., pendingTasks: ...}, _onDisabledChange: [...], defaultValue: null, _onChange: [...], _pendingValue: '', _pendingChange: false}, userName: FormControl{_pendingDirty: false, _hasOwnPendingAsyncValidator: null, _pendingTouched: false, _onCollectionChange: () => { ... }, _updateOn: undefined, _parent: FormGroup{_pendingDirty: ..., _hasOwnPendingAsyncValidator: ..., _pendingTouched: ..., _onCollectionChange: ..., _updateOn: ..., _parent: ..., _asyncValidationSubscription: ..., _composedValidatorFn: ..., _composedAsyncValidatorFn: ..., _rawValidators: ..., _rawAsyncValidators: ..., value: ..., _status: ..., statusReactive: ..., errors: ..., _pristine: ..., pristineReactive: ..., _touched: ..., touchedReactive: ..., _events: ..., events: ..., valueChanges: ..., statusChanges: ..., _onDisabledChange: ..., controls: ...}, _asyncValidationSubscription: undefined, _composedValidatorFn: null, _composedAsyncValidatorFn: null, _rawValidators: null, _rawAsyncValidators: null, value: '', _status: [Computed: VALID], statusReactive: [Signal: VALID], errors: null, _pristine: [Computed: true], pristineReactive: [Signal: true], _touched: [Computed: false], touchedReactive: [Signal: false], _events: Subject{closed: ..., currentObservers: ..., observers: ..., isStopped: ..., hasError: ..., thrownError: ...}, events: Observable{source: ...}, valueChanges: EventEmitter_{closed: ..., currentObservers: ..., observers: ..., isStopped: ..., hasError: ..., thrownError: ..., __isAsync: ..., destroyRef: ..., pendingTasks: ...}, statusChanges: EventEmitter_{closed: ..., currentObservers: ..., observers: ..., isStopped: ..., hasError: ..., thrownError: ..., __isAsync: ..., destroyRef: ..., pendingTasks: ...}, _onDisabledChange: [...], defaultValue: null, _onChange: [...], _pendingValue: '', _pendingChange: false}, email: FormControl{_pendingDirty: false, _hasOwnPendingAsyncValidator: null, _pendingTouched: false, _onCollectionChange: () => { ... }, _updateOn: undefined, _parent: FormGroup{_pendingDirty: ..., _hasOwnPendingAsyncValidator: ..., _pendingTouched: ..., _onCollectionChange: ..., _updateOn: ..., _parent: ..., _asyncValidationSubscription: ..., _composedValidatorFn: ..., _composedAsyncValidatorFn: ..., _rawValidators: ..., _rawAsyncValidators: ..., value: ..., _status: ..., statusReactive: ..., errors: ..., _pristine: ..., pristineReactive: ..., _touched: ..., touchedReactive: ..., _events: ..., events: ..., valueChanges: ..., statusChanges: ..., _onDisabledChange: ..., controls: ...}, _asyncValidationSubscription: undefined, _composedValidatorFn: function (control) { ... }, _composedAsyncValidatorFn: null, _rawValidators: [...], _rawAsyncValidators: null, value: '', _status: [Computed: INVALID], statusReactive: [Signal: INVALID], errors: Object{required: ...}, _pristine: [Computed: true], pristineReactive: [Signal: true], _touched: [Computed: false], touchedReactive: [Signal: false], _events: Subject{closed: ..., currentObservers: ..., observers: ..., isStopped: ..., hasError: ..., thrownError: ...}, events: Observable{source: ...}, valueChanges: EventEmitter_{closed: ..., currentObservers: ..., observers: ..., isStopped: ..., hasError: ..., thrownError: ..., __isAsync: ..., destroyRef: ..., pendingTasks: ...}, statusChanges: EventEmitter_{closed: ..., currentObservers: ..., observers: ..., isStopped: ..., hasError: ..., thrownError: ..., __isAsync: ..., destroyRef: ..., pendingTasks: ...}, _onDisabledChange: [...], defaultValue: null, _onChange: [...], _pendingValue: '', _pendingChange: false}, role: FormControl{_pendingDirty: false, _hasOwnPendingAsyncValidator: null, _pendingTouched: false, _onCollectionChange: () => { ... }, _updateOn: undefined, _parent: FormGroup{_pendingDirty: ..., _hasOwnPendingAsyncValidator: ..., _pendingTouched: ..., _onCollectionChange: ..., _updateOn: ..., _parent: ..., _asyncValidationSubscription: ..., _composedValidatorFn: ..., _composedAsyncValidatorFn: ..., _rawValidators: ..., _rawAsyncValidators: ..., value: ..., _status: ..., statusReactive: ..., errors: ..., _pristine: ..., pristineReactive: ..., _touched: ..., touchedReactive: ..., _events: ..., events: ..., valueChanges: ..., statusChanges: ..., _onDisabledChange: ..., controls: ...}, _asyncValidationSubscription: undefined, _composedValidatorFn: null, _composedAsyncValidatorFn: null, _rawValidators: null, _rawAsyncValidators: null, value: 3, _status: [Computed: VALID], statusReactive: [Signal: VALID], errors: null, _pristine: [Computed: true], pristineReactive: [Signal: true], _touched: [Computed: false], touchedReactive: [Signal: false], _events: Subject{closed: ..., currentObservers: ..., observers: ..., isStopped: ..., hasError: ..., thrownError: ...}, events: Observable{source: ...}, valueChanges: EventEmitter_{closed: ..., currentObservers: ..., observers: ..., isStopped: ..., hasError: ..., thrownError: ..., __isAsync: ..., destroyRef: ..., pendingTasks: ...}, statusChanges: EventEmitter_{closed: ..., currentObservers: ..., observers: ..., isStopped: ..., hasError: ..., thrownError: ..., __isAsync: ..., destroyRef: ..., pendingTasks: ...}, _onDisabledChange: [...], defaultValue: null, _onChange: [...], _pendingValue: 3, _pendingChange: false}, DVA: FormControl{_pendingDirty: false, _hasOwnPendingAsyncValidator: null, _pendingTouched: false, _onCollectionChange: () => { ... }, _updateOn: undefined, _parent: FormGroup{_pendingDirty: ..., _hasOwnPendingAsyncValidator: ..., _pendingTouched: ..., _onCollectionChange: ..., _updateOn: ..., _parent: ..., _asyncValidationSubscription: ..., _composedValidatorFn: ..., _composedAsyncValidatorFn: ..., _rawValidators: ..., _rawAsyncValidators: ..., value: ..., _status: ..., statusReactive: ..., errors: ..., _pristine: ..., pristineReactive: ..., _touched: ..., touchedReactive: ..., _events: ..., events: ..., valueChanges: ..., statusChanges: ..., _onDisabledChange: ..., controls: ...}, _asyncValidationSubscription: undefined, _composedValidatorFn: null, _composedAsyncValidatorFn: null, _rawValidators: null, _rawAsyncValidators: null, value: false, _status: [Computed: VALID], statusReactive: [Signal: VALID], errors: null, _pristine: [Computed: true], pristineReactive: [Signal: true], _touched: [Computed: false], touchedReactive: [Signal: false], _events: Subject{closed: ..., currentObservers: ..., observers: ..., isStopped: ..., hasError: ..., thrownError: ...}, events: Observable{source: ...}, valueChanges: EventEmitter_{closed: ..., currentObservers: ..., observers: ..., isStopped: ..., hasError: ..., thrownError: ..., __isAsync: ..., destroyRef: ..., pendingTasks: ...}, statusChanges: EventEmitter_{closed: ..., currentObservers: ..., observers: ..., isStopped: ..., hasError: ..., thrownError: ..., __isAsync: ..., destroyRef: ..., pendingTasks: ...}, _onDisabledChange: [...], defaultValue: null, _onChange: [...], _pendingValue: false, _pendingChange: false}, DSA: FormControl{_pendingDirty: false, _hasOwnPendingAsyncValidator: null, _pendingTouched: false, _onCollectionChange: () => { ... }, _updateOn: undefined, _parent: FormGroup{_pendingDirty: ..., _hasOwnPendingAsyncValidator: ..., _pendingTouched: ..., _onCollectionChange: ..., _updateOn: ..., _parent: ..., _asyncValidationSubscription: ..., _composedValidatorFn: ..., _composedAsyncValidatorFn: ..., _rawValidators: ..., _rawAsyncValidators: ..., value: ..., _status: ..., statusReactive: ..., errors: ..., _pristine: ..., pristineReactive: ..., _touched: ..., touchedReactive: ..., _events: ..., events: ..., valueChanges: ..., statusChanges: ..., _onDisabledChange: ..., controls: ...}, _asyncValidationSubscription: undefined, _composedValidatorFn: null, _composedAsyncValidatorFn: null, _rawValidators: null, _rawAsyncValidators: null, value: false, _status: [Computed: VALID], statusReactive: [Signal: VALID], errors: null, _pristine: [Computed: true], pristineReactive: [Signal: true], _touched: [Computed: false], touchedReactive: [Signal: false], _events: Subject{closed: ..., currentObservers: ..., observers: ..., isStopped: ..., hasError: ..., thrownError: ...}, events: Observable{source: ...}, valueChanges: EventEmitter_{closed: ..., currentObservers: ..., observers: ..., isStopped: ..., hasError: ..., thrownError: ..., __isAsync: ..., destroyRef: ..., pendingTasks: ...}, statusChanges: EventEmitter_{closed: ..., currentObservers: ..., observers: ..., isStopped: ..., hasError: ..., thrownError: ..., __isAsync: ..., destroyRef: ..., pendingTasks: ...}, _onDisabledChange: [...], defaultValue: null, _onChange: [...], _pendingValue: false, _pendingChange: false}, BES: FormControl{_pendingDirty: false, _hasOwnPendingAsyncValidator: null, _pendingTouched: false, _onCollectionChange: () => { ... }, _updateOn: undefined, _parent: FormGroup{_pendingDirty: ..., _hasOwnPendingAsyncValidator: ..., _pendingTouched: ..., _onCollectionChange: ..., _updateOn: ..., _parent: ..., _asyncValidationSubscription: ..., _composedValidatorFn: ..., _composedAsyncValidatorFn: ..., _rawValidators: ..., _rawAsyncValidators: ..., value: ..., _status: ..., statusReactive: ..., errors: ..., _pristine: ..., pristineReactive: ..., _touched: ..., touchedReactive: ..., _events: ..., events: ..., valueChanges: ..., statusChanges: ..., _onDisabledChange: ..., controls: ...}, _asyncValidationSubscription: undefined, _composedValidatorFn: null, _composedAsyncValidatorFn: null, _rawValidators: null, _rawAsyncValidators: null, value: false, _status: [Computed: VALID], statusReactive: [Signal: VALID], errors: null, _pristine: [Computed: true], pristineReactive: [Signal: true], _touched: [Computed: false], touchedReactive: [Signal: false], _events: Subject{closed: ..., currentObservers: ..., observers: ..., isStopped: ..., hasError: ..., thrownError: ...}, events: Observable{source: ...}, valueChanges: EventEmitter_{closed: ..., currentObservers: ..., observers: ..., isStopped: ..., hasError: ..., thrownError: ..., __isAsync: ..., destroyRef: ..., pendingTasks: ...}, statusChanges: EventEmitter_{closed: ..., currentObservers: ..., observers: ..., isStopped: ..., hasError: ..., thrownError: ..., __isAsync: ..., destroyRef: ..., pendingTasks: ...}, _onDisabledChange: [...], defaultValue: null, _onChange: [...], _pendingValue: false, _pendingChange: false}, ADHD: FormControl{_pendingDirty: false, _hasOwnPendingAsyncValidator: null, _pendingTouched: false, _onCollectionChange: () => { ... }, _updateOn: undefined, _parent: FormGroup{_pendingDirty: ..., _hasOwnPendingAsyncValidator: ..., _pendingTouched: ..., _onCollectionChange: ..., _updateOn: ..., _parent: ..., _asyncValidationSubscription: ..., _composedValidatorFn: ..., _composedAsyncValidatorFn: ..., _rawValidators: ..., _rawAsyncValidators: ..., value: ..., _status: ..., statusReactive: ..., errors: ..., _pristine: ..., pristineReactive: ..., _touched: ..., touchedReactive: ..., _events: ..., events: ..., valueChanges: ..., statusChanges: ..., _onDisabledChange: ..., controls: ...}, _asyncValidationSubscription: undefined, _composedValidatorFn: null, _composedAsyncValidatorFn: null, _rawValidators: null, _rawAsyncValidators: null, value: false, _status: [Computed: VALID], statusReactive: [Signal: VALID], errors: null, _pristine: [Computed: true], pristineReactive: [Signal: true], _touched: [Computed: false], touchedReactive: [Signal: false], _events: Subject{closed: ..., currentObservers: ..., observers: ..., isStopped: ..., hasError: ..., thrownError: ...}, events: Observable{source: ...}, valueChanges: EventEmitter_{closed: ..., currentObservers: ..., observers: ..., isStopped: ..., hasError: ..., thrownError: ..., __isAsync: ..., destroyRef: ..., pendingTasks: ...}, statusChanges: EventEmitter_{closed: ..., currentObservers: ..., observers: ..., isStopped: ..., hasError: ..., thrownError: ..., __isAsync: ..., destroyRef: ..., pendingTasks: ...}, _onDisabledChange: [...], defaultValue: null, _onChange: [...], _pendingValue: false, _pendingChange: false}, noteDisabilita: FormControl{_pendingDirty: false, _hasOwnPendingAsyncValidator: null, _pendingTouched: false, _onCollectionChange: () => { ... }, _updateOn: undefined, _parent: FormGroup{_pendingDirty: ..., _hasOwnPendingAsyncValidator: ..., _pendingTouched: ..., _onCollectionChange: ..., _updateOn: ..., _parent: ..., _asyncValidationSubscription: ..., _composedValidatorFn: ..., _composedAsyncValidatorFn: ..., _rawValidators: ..., _rawAsyncValidators: ..., value: ..., _status: ..., statusReactive: ..., errors: ..., _pristine: ..., pristineReactive: ..., _touched: ..., touchedReactive: ..., _events: ..., events: ..., valueChanges: ..., statusChanges: ..., _onDisabledChange: ..., controls: ...}, _asyncValidationSubscription: undefined, _composedValidatorFn: null, _composedAsyncValidatorFn: null, _rawValidators: null, _rawAsyncValidators: null, value: '', _status: [Computed: VALID], statusReactive: [Signal: VALID], errors: null, _pristine: [Computed: true], pristineReactive: [Signal: true], _touched: [Computed: false], touchedReactive: [Signal: false], _events: Subject{closed: ..., currentObservers: ..., observers: ..., isStopped: ..., hasError: ..., thrownError: ...}, events: Observable{source: ...}, valueChanges: EventEmitter_{closed: ..., currentObservers: ..., observers: ..., isStopped: ..., hasError: ..., thrownError: ..., __isAsync: ..., destroyRef: ..., pendingTasks: ...}, statusChanges: EventEmitter_{closed: ..., currentObservers: ..., observers: ..., isStopped: ..., hasError: ..., thrownError: ..., __isAsync: ..., destroyRef: ..., pendingTasks: ...}, _onDisabledChange: [...], defaultValue: null, _onChange: [...], _pendingValue: '', _pendingChange: false}, pdpUrl: FormControl{_pendingDirty: false, _hasOwnPendingAsyncValidator: null, _pendingTouched: false, _onCollectionChange: () => { ... }, _updateOn: undefined, _parent: FormGroup{_pendingDirty: ..., _hasOwnPendingAsyncValidator: ..., _pendingTouched: ..., _onCollectionChange: ..., _updateOn: ..., _parent: ..., _asyncValidationSubscription: ..., _composedValidatorFn: ..., _composedAsyncValidatorFn: ..., _rawValidators: ..., _rawAsyncValidators: ..., value: ..., _status: ..., statusReactive: ..., errors: ..., _pristine: ..., pristineReactive: ..., _touched: ..., touchedReactive: ..., _events: ..., events: ..., valueChanges: ..., statusChanges: ..., _onDisabledChange: ..., controls: ...}, _asyncValidationSubscription: undefined, _composedValidatorFn: null, _composedAsyncValidatorFn: null, _rawValidators: null, _rawAsyncValidators: null, value: '', _status: [Computed: VALID], statusReactive: [Signal: VALID], errors: null, _pristine: [Computed: true], pristineReactive: [Signal: true], _touched: [Computed: false], touchedReactive: [Signal: false], _events: Subject{closed: ..., currentObservers: ..., observers: ..., isStopped: ..., hasError: ..., thrownError: ...}, events: Observable{source: ...}, valueChanges: EventEmitter_{closed: ..., currentObservers: ..., observers: ..., isStopped: ..., hasError: ..., thrownError: ..., __isAsync: ..., destroyRef: ..., pendingTasks: ...}, statusChanges: EventEmitter_{closed: ..., currentObservers: ..., observers: ..., isStopped: ..., hasError: ..., thrownError: ..., __isAsync: ..., destroyRef: ..., pendingTasks: ...}, _onDisabledChange: [], defaultValue: null, _onChange: [], _pendingValue: '', _pendingChange: false}, phoneNumber: FormControl{_pendingDirty: false, _hasOwnPendingAsyncValidator: null, _pendingTouched: false, _onCollectionChange: () => { ... }, _updateOn: undefined, _parent: FormGroup{_pendingDirty: ..., _hasOwnPendingAsyncValidator: ..., _pendingTouched: ..., _onCollectionChange: ..., _updateOn: ..., _parent: ..., _asyncValidationSubscription: ..., _composedValidatorFn: ..., _composedAsyncValidatorFn: ..., _rawValidators: ..., _rawAsyncValidators: ..., value: ..., _status: ..., statusReactive: ..., errors: ..., _pristine: ..., pristineReactive: ..., _touched: ..., touchedReactive: ..., _events: ..., events: ..., valueChanges: ..., statusChanges: ..., _onDisabledChange: ..., controls: ...}, _asyncValidationSubscription: undefined, _composedValidatorFn: null, _composedAsyncValidatorFn: null, _rawValidators: null, _rawAsyncValidators: null, value: '', _status: [Computed: VALID], statusReactive: [Signal: VALID], errors: null, _pristine: [Computed: true], pristineReactive: [Signal: true], _touched: [Computed: false], touchedReactive: [Signal: false], _events: Subject{closed: ..., currentObservers: ..., observers: ..., isStopped: ..., hasError: ..., thrownError: ...}, events: Observable{source: ...}, valueChanges: EventEmitter_{closed: ..., currentObservers: ..., observers: ..., isStopped: ..., hasError: ..., thrownError: ..., __isAsync: ..., destroyRef: ..., pendingTasks: ...}, statusChanges: EventEmitter_{closed: ..., currentObservers: ..., observers: ..., isStopped: ..., hasError: ..., thrownError: ..., __isAsync: ..., destroyRef: ..., pendingTasks: ...}, _onDisabledChange: [...], defaultValue: null, _onChange: [...], _pendingValue: '', _pendingChange: false}, birthDate: FormControl{_pendingDirty: false, _hasOwnPendingAsyncValidator: null, _pendingTouched: false, _onCollectionChange: () => { ... }, _updateOn: undefined, _parent: FormGroup{_pendingDirty: ..., _hasOwnPendingAsyncValidator: ..., _pendingTouched: ..., _onCollectionChange: ..., _updateOn: ..., _parent: ..., _asyncValidationSubscription: ..., _composedValidatorFn: ..., _composedAsyncValidatorFn: ..., _rawValidators: ..., _rawAsyncValidators: ..., value: ..., _status: ..., statusReactive: ..., errors: ..., _pristine: ..., pristineReactive: ..., _touched: ..., touchedReactive: ..., _events: ..., events: ..., valueChanges: ..., statusChanges: ..., _onDisabledChange: ..., controls: ...}, _asyncValidationSubscription: undefined, _composedValidatorFn: null, _composedAsyncValidatorFn: null, _rawValidators: null, _rawAsyncValidators: null, value: '', _status: [Computed: VALID], statusReactive: [Signal: VALID], errors: null, _pristine: [Computed: true], pristineReactive: [Signal: true], _touched: [Computed: false], touchedReactive: [Signal: false], _events: Subject{closed: ..., currentObservers: ..., observers: ..., isStopped: ..., hasError: ..., thrownError: ...}, events: Observable{source: ...}, valueChanges: EventEmitter_{closed: ..., currentObservers: ..., observers: ..., isStopped: ..., hasError: ..., thrownError: ..., __isAsync: ..., destroyRef: ..., pendingTasks: ...}, statusChanges: EventEmitter_{closed: ..., currentObservers: ..., observers: ..., isStopped: ..., hasError: ..., thrownError: ..., __isAsync: ..., destroyRef: ..., pendingTasks: ...}, _onDisabledChange: [...], defaultValue: null, _onChange: [...], _pendingValue: '', _pendingChange: false}, classKey: FormControl{_pendingDirty: false, _hasOwnPendingAsyncValidator: null, _pendingTouched: false, _onCollectionChange: () => { ... }, _updateOn: undefined, _parent: FormGroup{_pendingDirty: ..., _hasOwnPendingAsyncValidator: ..., _pendingTouched: ..., _onCollectionChange: ..., _updateOn: ..., _parent: ..., _asyncValidationSubscription: ..., _composedValidatorFn: ..., _composedAsyncValidatorFn: ..., _rawValidators: ..., _rawAsyncValidators: ..., value: ..., _status: ..., statusReactive: ..., errors: ..., _pristine: ..., pristineReactive: ..., _touched: ..., touchedReactive: ..., _events: ..., events: ..., valueChanges: ..., statusChanges: ..., _onDisabledChange: ..., controls: ...}, _asyncValidationSubscription: undefined, _composedValidatorFn: null, _composedAsyncValidatorFn: null, _rawValidators: null, _rawAsyncValidators: null, value: '', _status: [Computed: VALID], statusReactive: [Signal: VALID], errors: null, _pristine: [Computed: true], pristineReactive: [Signal: true], _touched: [Computed: false], touchedReactive: [Signal: false], _events: Subject{closed: ..., currentObservers: ..., observers: ..., isStopped: ..., hasError: ..., thrownError: ...}, events: Observable{source: ...}, valueChanges: EventEmitter_{closed: ..., currentObservers: ..., observers: ..., isStopped: ..., hasError: ..., thrownError: ..., __isAsync: ..., destroyRef: ..., pendingTasks: ...}, statusChanges: EventEmitter_{closed: ..., currentObservers: ..., observers: ..., isStopped: ..., hasError: ..., thrownError: ..., __isAsync: ..., destroyRef: ..., pendingTasks: ...}, _onDisabledChange: [...], defaultValue: null, _onChange: [...], _pendingValue: '', _pendingChange: false}, classes: FormControl{_pendingDirty: false, _hasOwnPendingAsyncValidator: null, _pendingTouched: false, _onCollectionChange: () => { ... }, _updateOn: undefined, _parent: FormGroup{_pendingDirty: ..., _hasOwnPendingAsyncValidator: ..., _pendingTouched: ..., _onCollectionChange: ..., _updateOn: ..., _parent: ..., _asyncValidationSubscription: ..., _composedValidatorFn: ..., _composedAsyncValidatorFn: ..., _rawValidators: ..., _rawAsyncValidators: ..., value: ..., _status: ..., statusReactive: ..., errors: ..., _pristine: ..., pristineReactive: ..., _touched: ..., touchedReactive: ..., _events: ..., events: ..., valueChanges: ..., statusChanges: ..., _onDisabledChange: ..., controls: ...}, _asyncValidationSubscription: undefined, _composedValidatorFn: null, _composedAsyncValidatorFn: null, _rawValidators: null, _rawAsyncValidators: null, value: [], _status: [Computed: VALID], statusReactive: [Signal: VALID], errors: null, _pristine: [Computed: true], pristineReactive: [Signal: true], _touched: [Computed: false], touchedReactive: [Signal: false], _events: Subject{closed: ..., currentObservers: ..., observers: ..., isStopped: ..., hasError: ..., thrownError: ...}, events: Observable{source: ...}, valueChanges: EventEmitter_{closed: ..., currentObservers: ..., observers: ..., isStopped: ..., hasError: ..., thrownError: ..., __isAsync: ..., destroyRef: ..., pendingTasks: ...}, statusChanges: EventEmitter_{closed: ..., currentObservers: ..., observers: ..., isStopped: ..., hasError: ..., thrownError: ..., __isAsync: ..., destroyRef: ..., pendingTasks: ...}, _onDisabledChange: [], defaultValue: null, _onChange: [], _pendingValue: [], _pendingChange: false}}
Chrome 144.0.0.0 (Linux 0.0.0): Executed 117 of 159 (1 FAILED) (0 secs / 9.985 secs)
LOG: 'Form controls after view init:', Object{firstName: FormControl{_pendingDirty: false, _hasOwnPendingAsyncValidator: null, _pendingTouched: false, _onCollectionChange: () => { ... }, _updateOn: undefined, _parent: FormGroup{_pendingDirty: ..., _hasOwnPendingAsyncValidator: ..., _pendingTouched: ..., _onCollectionChange: ..., _updateOn: ..., _parent: ..., _asyncValidationSubscription: ..., _composedValidatorFn: ..., _composedAsyncValidatorFn: ..., _rawValidators: ..., _rawAsyncValidators: ..., value: ..., _status: ..., statusReactive: ..., errors: ..., _pristine: ..., pristineReactive: ..., _touched: ..., touchedReactive: ..., _events: ..., events: ..., valueChanges: ..., statusChanges: ..., _onDisabledChange: ..., controls: ...}, _asyncValidationSubscription: undefined, _composedValidatorFn: function (control) { ... }, _composedAsyncValidatorFn: null, _rawValidators: [...], _rawAsyncValidators: null, value: '', _status: [Computed: INVALID], statusReactive: [Signal: INVALID], errors: Object{required: ...}, _pristine: [Computed: true], pristineReactive: [Signal: true], _touched: [Computed: false], touchedReactive: [Signal: false], _events: Subject{closed: ..., currentObservers: ..., observers: ..., isStopped: ..., hasError: ..., thrownError: ...}, events: Observable{source: ...}, valueChanges: EventEmitter_{closed: ..., currentObservers: ..., observers: ..., isStopped: ..., hasError: ..., thrownError: ..., __isAsync: ..., destroyRef: ..., pendingTasks: ...}, statusChanges: EventEmitter_{closed: ..., currentObservers: ..., observers: ..., isStopped: ..., hasError: ..., thrownError: ..., __isAsync: ..., destroyRef: ..., pendingTasks: ...}, _onDisabledChange: [...], defaultValue: null, _onChange: [...], _pendingValue: '', _pendingChange: false}, lastName: FormControl{_pendingDirty: false, _hasOwnPendingAsyncValidator: null, _pendingTouched: false, _onCollectionChange: () => { ... }, _updateOn: undefined, _parent: FormGroup{_pendingDirty: ..., _hasOwnPendingAsyncValidator: ..., _pendingTouched: ..., _onCollectionChange: ..., _updateOn: ..., _parent: ..., _asyncValidationSubscription: ..., _composedValidatorFn: ..., _composedAsyncValidatorFn: ..., _rawValidators: ..., _rawAsyncValidators: ..., value: ..., _status: ..., statusReactive: ..., errors: ..., _pristine: ..., pristineReactive: ..., _touched: ..., touchedReactive: ..., _events: ..., events: ..., valueChanges: ..., statusChanges: ..., _onDisabledChange: ..., controls: ...}, _asyncValidationSubscription: undefined, _composedValidatorFn: function (control) { ... }, _composedAsyncValidatorFn: null, _rawValidators: [...], _rawAsyncValidators: null, value: '', _status: [Computed: INVALID], statusReactive: [Signal: INVALID], errors: Object{required: ...}, _pristine: [Computed: true], pristineReactive: [Signal: true], _touched: [Computed: false], touchedReactive: [Signal: false], _events: Subject{closed: ..., currentObservers: ..., observers: ..., isStopped: ..., hasError: ..., thrownError: ...}, events: Observable{source: ...}, valueChanges: EventEmitter_{closed: ..., currentObservers: ..., observers: ..., isStopped: ..., hasError: ..., thrownError: ..., __isAsync: ..., destroyRef: ..., pendingTasks: ...}, statusChanges: EventEmitter_{closed: ..., currentObservers: ..., observers: ..., isStopped: ..., hasError: ..., thrownError: ..., __isAsync: ..., destroyRef: ..., pendingTasks: ...}, _onDisabledChange: [...], defaultValue: null, _onChange: [...], _pendingValue: '', _pendingChange: false}, userName: FormControl{_pendingDirty: false, _hasOwnPendingAsyncValidator: null, _pendingTouched: false, _onCollectionChange: () => { ... }, _updateOn: undefined, _parent: FormGroup{_pendingDirty: ..., _hasOwnPendingAsyncValidator: ..., _pendingTouched: ..., _onCollectionChange: ..., _updateOn: ..., _parent: ..., _asyncValidationSubscription: ..., _composedValidatorFn: ..., _composedAsyncValidatorFn: ..., _rawValidators: ..., _rawAsyncValidators: ..., value: ..., _status: ..., statusReactive: ..., errors: ..., _pristine: ..., pristineReactive: ..., _touched: ..., touchedReactive: ..., _events: ..., events: ..., valueChanges: ..., statusChanges: ..., _onDisabledChange: ..., controls: ...}, _asyncValidationSubscription: undefined, _composedValidatorFn: null, _composedAsyncValidatorFn: null, _rawValidators: null, _rawAsyncValidators: null, value: '', _status: [Computed: VALID], statusReactive: [Signal: VALID], errors: null, _pristine: [Computed: true], pristineReactive: [Signal: true], _touched: [Computed: false], touchedReactive: [Signal: false], _events: Subject{closed: ..., currentObservers: ..., observers: ..., isStopped: ..., hasError: ..., thrownError: ...}, events: Observable{source: ...}, valueChanges: EventEmitter_{closed: ..., currentObservers: ..., observers: ..., isStopped: ..., hasError: ..., thrownError: ..., __isAsync: ..., destroyRef: ..., pendingTasks: ...}, statusChanges: EventEmitter_{closed: ..., currentObservers: ..., observers: ..., isStopped: ..., hasError: ..., thrownError: ..., __isAsync: ..., destroyRef: ..., pendingTasks: ...}, _onDisabledChange: [...], defaultValue: null, _onChange: [...], _pendingValue: '', _pendingChange: false}, email: FormControl{_pendingDirty: false, _hasOwnPendingAsyncValidator: null, _pendingTouched: false, _onCollectionChange: () => { ... }, _updateOn: undefined, _parent: FormGroup{_pendingDirty: ..., _hasOwnPendingAsyncValidator: ..., _pendingTouched: ..., _onCollectionChange: ..., _updateOn: ..., _parent: ..., _asyncValidationSubscription: ..., _composedValidatorFn: ..., _composedAsyncValidatorFn: ..., _rawValidators: ..., _rawAsyncValidators: ..., value: ..., _status: ..., statusReactive: ..., errors: ..., _pristine: ..., pristineReactive: ..., _touched: ..., touchedReactive: ..., _events: ..., events: ..., valueChanges: ..., statusChanges: ..., _onDisabledChange: ..., controls: ...}, _asyncValidationSubscription: undefined, _composedValidatorFn: function (control) { ... }, _composedAsyncValidatorFn: null, _rawValidators: [...], _rawAsyncValidators: null, value: '', _status: [Computed: INVALID], statusReactive: [Signal: INVALID], errors: Object{required: ...}, _pristine: [Computed: true], pristineReactive: [Signal: true], _touched: [Computed: false], touchedReactive: [Signal: false], _events: Subject{closed: ..., currentObservers: ..., observers: ..., isStopped: ..., hasError: ..., thrownError: ...}, events: Observable{source: ...}, valueChanges: EventEmitter_{closed: ..., currentObservers: ..., observers: ..., isStopped: ..., hasError: ..., thrownError: ..., __isAsync: ..., destroyRef: ..., pendingTasks: ...}, statusChanges: EventEmitter_{closed: ..., currentObservers: ..., observers: ..., isStopped: ..., hasError: ..., thrownError: ..., __isAsync: ..., destroyRef: ..., pendingTasks: ...}, _onDisabledChange: [...], defaultValue: null, _onChange: [...], _pendingValue: '', _pendingChange: false}, role: FormControl{_pendingDirty: false, _hasOwnPendingAsyncValidator: null, _pendingTouched: false, _onCollectionChange: () => { ... }, _updateOn: undefined, _parent: FormGroup{_pendingDirty: ..., _hasOwnPendingAsyncValidator: ..., _pendingTouched: ..., _onCollectionChange: ..., _updateOn: ..., _parent: ..., _asyncValidationSubscription: ..., _composedValidatorFn: ..., _composedAsyncValidatorFn: ..., _rawValidators: ..., _rawAsyncValidators: ..., value: ..., _status: ..., statusReactive: ..., errors: ..., _pristine: ..., pristineReactive: ..., _touched: ..., touchedReactive: ..., _events: ..., events: ..., valueChanges: ..., statusChanges: ..., _onDisabledChange: ..., controls: ...}, _asyncValidationSubscription: undefined, _composedValidatorFn: null, _composedAsyncValidatorFn: null, _rawValidators: null, _rawAsyncValidators: null, value: 3, _status: [Computed: VALID], statusReactive: [Signal: VALID], errors: null, _pristine: [Computed: true], pristineReactive: [Signal: true], _touched: [Computed: false], touchedReactive: [Signal: false], _events: Subject{closed: ..., currentObservers: ..., observers: ..., isStopped: ..., hasError: ..., thrownError: ...}, events: Observable{source: ...}, valueChanges: EventEmitter_{closed: ..., currentObservers: ..., observers: ..., isStopped: ..., hasError: ..., thrownError: ..., __isAsync: ..., destroyRef: ..., pendingTasks: ...}, statusChanges: EventEmitter_{closed: ..., currentObservers: ..., observers: ..., isStopped: ..., hasError: ..., thrownError: ..., __isAsync: ..., destroyRef: ..., pendingTasks: ...}, _onDisabledChange: [...], defaultValue: null, _onChange: [...], _pendingValue: 3, _pendingChange: false}, DVA: FormControl{_pendingDirty: false, _hasOwnPendingAsyncValidator: null, _pendingTouched: false, _onCollectionChange: () => { ... }, _updateOn: undefined, _parent: FormGroup{_pendingDirty: ..., _hasOwnPendingAsyncValidator: ..., _pendingTouched: ..., _onCollectionChange: ..., _updateOn: ..., _parent: ..., _asyncValidationSubscription: ..., _composedValidatorFn: ..., _composedAsyncValidatorFn: ..., _rawValidators: ..., _rawAsyncValidators: ..., value: ..., _status: ..., statusReactive: ..., errors: ..., _pristine: ..., pristineReactive: ..., _touched: ..., touchedReactive: ..., _events: ..., events: ..., valueChanges: ..., statusChanges: ..., _onDisabledChange: ..., controls: ...}, _asyncValidationSubscription: undefined, _composedValidatorFn: null, _composedAsyncValidatorFn: null, _rawValidators: null, _rawAsyncValidators: null, value: false, _status: [Computed: VALID], statusReactive: [Signal: VALID], errors: null, _pristine: [Computed: true], pristineReactive: [Signal: true], _touched: [Computed: false], touchedReactive: [Signal: false], _events: Subject{closed: ..., currentObservers: ..., observers: ..., isStopped: ..., hasError: ..., thrownError: ...}, events: Observable{source: ...}, valueChanges: EventEmitter_{closed: ..., currentObservers: ..., observers: ..., isStopped: ..., hasError: ..., thrownError: ..., __isAsync: ..., destroyRef: ..., pendingTasks: ...}, statusChanges: EventEmitter_{closed: ..., currentObservers: ..., observers: ..., isStopped: ..., hasError: ..., thrownError: ..., __isAsync: ..., destroyRef: ..., pendingTasks: ...}, _onDisabledChange: [...], defaultValue: null, _onChange: [...], _pendingValue: false, _pendingChange: false}, DSA: FormControl{_pendingDirty: false, _hasOwnPendingAsyncValidator: null, _pendingTouched: false, _onCollectionChange: () => { ... }, _updateOn: undefined, _parent: FormGroup{_pendingDirty: ..., _hasOwnPendingAsyncValidator: ..., _pendingTouched: ..., _onCollectionChange: ..., _updateOn: ..., _parent: ..., _asyncValidationSubscription: ..., _composedValidatorFn: ..., _composedAsyncValidatorFn: ..., _rawValidators: ..., _rawAsyncValidators: ..., value: ..., _status: ..., statusReactive: ..., errors: ..., _pristine: ..., pristineReactive: ..., _touched: ..., touchedReactive: ..., _events: ..., events: ..., valueChanges: ..., statusChanges: ..., _onDisabledChange: ..., controls: ...}, _asyncValidationSubscription: undefined, _composedValidatorFn: null, _composedAsyncValidatorFn: null, _rawValidators: null, _rawAsyncValidators: null, value: false, _status: [Computed: VALID], statusReactive: [Signal: VALID], errors: null, _pristine: [Computed: true], pristineReactive: [Signal: true], _touched: [Computed: false], touchedReactive: [Signal: false], _events: Subject{closed: ..., currentObservers: ..., observers: ..., isStopped: ..., hasError: ..., thrownError: ...}, events: Observable{source: ...}, valueChanges: EventEmitter_{closed: ..., currentObservers: ..., observers: ..., isStopped: ..., hasError: ..., thrownError: ..., __isAsync: ..., destroyRef: ..., pendingTasks: ...}, statusChanges: EventEmitter_{closed: ..., currentObservers: ..., observers: ..., isStopped: ..., hasError: ..., thrownError: ..., __isAsync: ..., destroyRef: ..., pendingTasks: ...}, _onDisabledChange: [...], defaultValue: null, _onChange: [...], _pendingValue: false, _pendingChange: false}, BES: FormControl{_pendingDirty: false, _hasOwnPendingAsyncValidator: null, _pendingTouched: false, _onCollectionChange: () => { ... }, _updateOn: undefined, _parent: FormGroup{_pendingDirty: ..., _hasOwnPendingAsyncValidator: ..., _pendingTouched: ..., _onCollectionChange: ..., _updateOn: ..., _parent: ..., _asyncValidationSubscription: ..., _composedValidatorFn: ..., _composedAsyncValidatorFn: ..., _rawValidators: ..., _rawAsyncValidators: ..., value: ..., _status: ..., statusReactive: ..., errors: ..., _pristine: ..., pristineReactive: ..., _touched: ..., touchedReactive: ..., _events: ..., events: ..., valueChanges: ..., statusChanges: ..., _onDisabledChange: ..., controls: ...}, _asyncValidationSubscription: undefined, _composedValidatorFn: null, _composedAsyncValidatorFn: null, _rawValidators: null, _rawAsyncValidators: null, value: false, _status: [Computed: VALID], statusReactive: [Signal: VALID], errors: null, _pristine: [Computed: true], pristineReactive: [Signal: true], _touched: [Computed: false], touchedReactive: [Signal: false], _events: Subject{closed: ..., currentObservers: ..., observers: ..., isStopped: ..., hasError: ..., thrownError: ...}, events: Observable{source: ...}, valueChanges: EventEmitter_{closed: ..., currentObservers: ..., observers: ..., isStopped: ..., hasError: ..., thrownError: ..., __isAsync: ..., destroyRef: ..., pendingTasks: ...}, statusChanges: EventEmitter_{closed: ..., currentObservers: ..., observers: ..., isStopped: ..., hasError: ..., thrownError: ..., __isAsync: ..., destroyRef: ..., pendingTasks: ...}, _onDisabledChange: [...], defaultValue: null, _onChange: [...], _pendingValue: false, _pendingChange: false}, ADHD: FormControl{_pendingDirty: false, _hasOwnPendingAsyncValidator: null, _pendingTouched: false, _onCollectionChange: () => { ... }, _updateOn: undefined, _parent: FormGroup{_pendingDirty: ..., _hasOwnPendingAsyncValidator: ..., _pendingTouched: ..., _onCollectionChange: ..., _updateOn: ..., _parent: ..., _asyncValidationSubscription: ..., _composedValidatorFn: ..., _composedAsyncValidatorFn: ..., _rawValidators: ..., _rawAsyncValidators: ..., value: ..., _status: ..., statusReactive: ..., errors: ..., _pristine: ..., pristineReactive: ..., _touched: ..., touchedReactive: ..., _events: ..., events: ..., valueChanges: ..., statusChanges: ..., _onDisabledChange: ..., controls: ...}, _asyncValidationSubscription: undefined, _composedValidatorFn: null, _composedAsyncValidatorFn: null, _rawValidators: null, _rawAsyncValidators: null, value: false, _status: [Computed: VALID], statusReactive: [Signal: VALID], errors: null, _pristine: [Computed: true], pristineReactive: [Signal: true], _touched: [Computed: false], touchedReactive: [Signal: false], _events: Subject{closed: ..., currentObservers: ..., observers: ..., isStopped: ..., hasError: ..., thrownError: ...}, events: Observable{source: ...}, valueChanges: EventEmitter_{closed: ..., currentObservers: ..., observers: ..., isStopped: ..., hasError: ..., thrownError: ..., __isAsync: ..., destroyRef: ..., pendingTasks: ...}, statusChanges: EventEmitter_{closed: ..., currentObservers: ..., observers: ..., isStopped: ..., hasError: ..., thrownError: ..., __isAsync: ..., destroyRef: ..., pendingTasks: ...}, _onDisabledChange: [...], defaultValue: null, _onChange: [...], _pendingValue: false, _pendingChange: false}, noteDisabilita: FormControl{_pendingDirty: false, _hasOwnPendingAsyncValidator: null, _pendingTouched: false, _onCollectionChange: () => { ... }, _updateOn: undefined, _parent: FormGroup{_pendingDirty: ..., _hasOwnPendingAsyncValidator: ..., _pendingTouched: ..., _onCollectionChange: ..., _updateOn: ..., _parent: ..., _asyncValidationSubscription: ..., _composedValidatorFn: ..., _composedAsyncValidatorFn: ..., _rawValidators: ..., _rawAsyncValidators: ..., value: ..., _status: ..., statusReactive: ..., errors: ..., _pristine: ..., pristineReactive: ..., _touched: ..., touchedReactive: ..., _events: ..., events: ..., valueChanges: ..., statusChanges: ..., _onDisabledChange: ..., controls: ...}, _asyncValidationSubscription: undefined, _composedValidatorFn: null, _composedAsyncValidatorFn: null, _rawValidators: null, _rawAsyncValidators: null, value: '', _status: [Computed: VALID], statusReactive: [Signal: VALID], errors: null, _pristine: [Computed: true], pristineReactive: [Signal: true], _touched: [Computed: false], touchedReactive: [Signal: false], _events: Subject{closed: ..., currentObservers: ..., observers: ..., isStopped: ..., hasError: ..., thrownError: ...}, events: Observable{source: ...}, valueChanges: EventEmitter_{closed: ..., currentObservers: ..., observers: ..., isStopped: ..., hasError: ..., thrownError: ..., __isAsync: ..., destroyRef: ..., pendingTasks: ...}, statusChanges: EventEmitter_{closed: ..., currentObservers: ..., observers: ..., isStopped: ..., hasError: ..., thrownError: ..., __isAsync: ..., destroyRef: ..., pendingTasks: ...}, _onDisabledChange: [...], defaultValue: null, _onChange: [...], _pendingValue: '', _pendingChange: false}, pdpUrl: FormControl{_pendingDirty: false, _hasOwnPendingAsyncValidator: null, _pendingTouched: false, _onCollectionChange: () => { ... }, _updateOn: undefined, _parent: FormGroup{_pendingDirty: ..., _hasOwnPendingAsyncValidator: ..., _pendingTouched: ..., _onCollectionChange: ..., _updateOn: ..., _parent: ..., _asyncValidationSubscription: ..., _composedValidatorFn: ..., _composedAsyncValidatorFn: ..., _rawValidators: ..., _rawAsyncValidators: ..., value: ..., _status: ..., statusReactive: ..., errors: ..., _pristine: ..., pristineReactive: ..., _touched: ..., touchedReactive: ..., _events: ..., events: ..., valueChanges: ..., statusChanges: ..., _onDisabledChange: ..., controls: ...}, _asyncValidationSubscription: undefined, _composedValidatorFn: null, _composedAsyncValidatorFn: null, _rawValidators: null, _rawAsyncValidators: null, value: '', _status: [Computed: VALID], statusReactive: [Signal: VALID], errors: null, _pristine: [Computed: true], pristineReactive: [Signal: true], _touched: [Computed: false], touchedReactive: [Signal: false], _events: Subject{closed: ..., currentObservers: ..., observers: ..., isStopped: ..., hasError: ..., thrownError: ...}, events: Observable{source: ...}, valueChanges: EventEmitter_{closed: ..., currentObservers: ..., observers: ..., isStopped: ..., hasError: ..., thrownError: ..., __isAsync: ..., destroyRef: ..., pendingTasks: ...}, statusChanges: EventEmitter_{closed: ..., currentObservers: ..., observers: ..., isStopped: ..., hasError: ..., thrownError: ..., __isAsync: ..., destroyRef: ..., pendingTasks: ...}, _onDisabledChange: [], defaultValue: null, _onChange: [], _pendingValue: '', _pendingChange: false}, phoneNumber: FormControl{_pendingDirty: false, _hasOwnPendingAsyncValidator: null, _pendingTouched: false, _onCollectionChange: () => { ... }, _updateOn: undefined, _parent: FormGroup{_pendingDirty: ..., _hasOwnPendingAsyncValidator: ..., _pendingTouched: ..., _onCollectionChange: ..., _updateOn: ..., _parent: ..., _asyncValidationSubscription: ..., _composedValidatorFn: ..., _composedAsyncValidatorFn: ..., _rawValidators: ..., _rawAsyncValidators: ..., value: ..., _status: ..., statusReactive: ..., errors: ..., _pristine: ..., pristineReactive: ..., _touched: ..., touchedReactive: ..., _events: ..., events: ..., valueChanges: ..., statusChanges: ..., _onDisabledChange: ..., controls: ...}, _asyncValidationSubscription: undefined, _composedValidatorFn: null, _composedAsyncValidatorFn: null, _rawValidators: null, _rawAsyncValidators: null, value: '', _status: [Computed: VALID], statusReactive: [Signal: VALID], errors: null, _pristine: [Computed: true], pristineReactive: [Signal: true], _touched: [Computed: false], touchedReactive: [Signal: false], _events: Subject{closed: ..., currentObservers: ..., observers: ..., isStopped: ..., hasError: ..., thrownError: ...}, events: Observable{source: ...}, valueChanges: EventEmitter_{closed: ..., currentObservers: ..., observers: ..., isStopped: ..., hasError: ..., thrownError: ..., __isAsync: ..., destroyRef: ..., pendingTasks: ...}, statusChanges: EventEmitter_{closed: ..., currentObservers: ..., observers: ..., isStopped: ..., hasError: ..., thrownError: ..., __isAsync: ..., destroyRef: ..., pendingTasks: ...}, _onDisabledChange: [...], defaultValue: null, _onChange: [...], _pendingValue: '', _pendingChange: false}, birthDate: FormControl{_pendingDirty: false, _hasOwnPendingAsyncValidator: null, _pendingTouched: false, _onCollectionChange: () => { ... }, _updateOn: undefined, _parent: FormGroup{_pendingDirty: ..., _hasOwnPendingAsyncValidator: ..., _pendingTouched: ..., _onCollectionChange: ..., _updateOn: ..., _parent: ..., _asyncValidationSubscription: ..., _composedValidatorFn: ..., _composedAsyncValidatorFn: ..., _rawValidators: ..., _rawAsyncValidators: ..., value: ..., _status: ..., statusReactive: ..., errors: ..., _pristine: ..., pristineReactive: ..., _touched: ..., touchedReactive: ..., _events: ..., events: ..., valueChanges: ..., statusChanges: ..., _onDisabledChange: ..., controls: ...}, _asyncValidationSubscription: undefined, _composedValidatorFn: null, _composedAsyncValidatorFn: null, _rawValidators: null, _rawAsyncValidators: null, value: '', _status: [Computed: VALID], statusReactive: [Signal: VALID], errors: null, _pristine: [Computed: true], pristineReactive: [Signal: true], _touched: [Computed: false], touchedReactive: [Signal: false], _events: Subject{closed: ..., currentObservers: ..., observers: ..., isStopped: ..., hasError: ..., thrownError: ...}, events: Observable{source: ...}, valueChanges: EventEmitter_{closed: ..., currentObservers: ..., observers: ..., isStopped: ..., hasError: ..., thrownError: ..., __isAsync: ..., destroyRef: ..., pendingTasks: ...}, statusChanges: EventEmitter_{closed: ..., currentObservers: ..., observers: ..., isStopped: ..., hasError: ..., thrownError: ..., __isAsync: ..., destroyRef: ..., pendingTasks: ...}, _onDisabledChange: [...], defaultValue: null, _onChange: [...], _pendingValue: '', _pendingChange: false}, classKey: FormControl{_pendingDirty: false, _hasOwnPendingAsyncValidator: null, _pendingTouched: false, _onCollectionChange: () => { ... }, _updateOn: undefined, _parent: FormGroup{_pendingDirty: ..., _hasOwnPendingAsyncValidator: ..., _pendingTouched: ..., _onCollectionChange: ..., _updateOn: ..., _parent: ..., _asyncValidationSubscription: ..., _composedValidatorFn: ..., _composedAsyncValidatorFn: ..., _rawValidators: ..., _rawAsyncValidators: ..., value: ..., _status: ..., statusReactive: ..., errors: ..., _pristine: ..., pristineReactive: ..., _touched: ..., touchedReactive: ..., _events: ..., events: ..., valueChanges: ..., statusChanges: ..., _onDisabledChange: ..., controls: ...}, _asyncValidationSubscription: undefined, _composedValidatorFn: null, _composedAsyncValidatorFn: null, _rawValidators: null, _rawAsyncValidators: null, value: '', _status: [Computed: VALID], statusReactive: [Signal: VALID], errors: null, _pristine: [Computed: true], pristineReactive: [Signal: true], _touched: [Computed: false], touchedReactive: [Signal: false], _events: Subject{closed: ..., currentObservers: ..., observers: ..., isStopped: ..., hasError: ..., thrownError: ...}, events: Observable{source: ...}, valueChanges: EventEmitter_{closed: ..., currentObservers: ..., observers: ..., isStopped: ..., hasError: ..., thrownError: ..., __isAsync: ..., destroyRef: ..., pendingTasks: ...}, statusChanges: EventEmitter_{closed: ..., currentObservers: ..., observers: ..., isStopped: ..., hasError: ..., thrownError: ..., __isAsync: ..., destroyRef: ..., pendingTasks: ...}, _onDisabledChange: [...], defaultValue: null, _onChange: [...], _pendingValue: '', _pendingChange: false}, classes: FormControl{_pendingDirty: false, _hasOwnPendingAsyncValidator: null, _pendingTouched: false, _onCollectionChange: () => { ... }, _updateOn: undefined, _parent: FormGroup{_pendingDirty: ..., _hasOwnPendingAsyncValidator: ..., _pendingTouched: ..., _onCollectionChange: ..., _updateOn: ..., _parent: ..., _asyncValidationSubscription: ..., _composedValidatorFn: ..., _composedAsyncValidatorFn: ..., _rawValidators: ..., _rawAsyncValidators: ..., value: ..., _status: ..., statusReactive: ..., errors: ..., _pristine: ..., pristineReactive: ..., _touched: ..., touchedReactive: ..., _events: ..., events: ..., valueChanges: ..., statusChanges: ..., _onDisabledChange: ..., controls: ...}, _asyncValidationSubscription: undefined, _composedValidatorFn: null, _composedAsyncValidatorFn: null, _rawValidators: null, _rawAsyncValidators: null, value: [], _status: [Computed: VALID], statusReactive: [Signal: VALID], errors: null, _pristine: [Computed: true], pristineReactive: [Signal: true], _touched: [Computed: false], touchedReactive: [Signal: false], _events: Subject{closed: ..., currentObservers: ..., observers: ..., isStopped: ..., hasError: ..., thrownError: ...}, events: Observable{source: ...}, valueChanges: EventEmitter_{closed: ..., currentObservers: ..., observers: ..., isStopped: ..., hasError: ..., thrownError: ..., __isAsync: ..., destroyRef: ..., pendingTasks: ...}, statusChanges: EventEmitter_{closed: ..., currentObservers: ..., observers: ..., isStopped: ..., hasError: ..., thrownError: ..., __isAsync: ..., destroyRef: ..., pendingTasks: ...}, _onDisabledChange: [], defaultValue: null, _onChange: [], _pendingValue: [], _pendingChange: false}}
[1A[2KLOG: 'userKey', null
Chrome 144.0.0.0 (Linux 0.0.0): Executed 117 of 159 (1 FAILED) (0 secs / 9.985 secs)
LOG: 'userKey', null
[1A[2KLOG: 'nuovo studente'
Chrome 144.0.0.0 (Linux 0.0.0): Executed 117 of 159 (1 FAILED) (0 secs / 9.985 secs)
LOG: 'nuovo studente'
[1A[2KLOG: 'logged user*', UserModel{key: '', birthDate: '', email: '', firstName: '', DSA: false, DVA: false, BES: false, ADHD: false, noteDisabilita: '', pdpUrl: [], lastName: '', password: '', classKey: '', phoneNumber: '', role: 3, userName: '', assignedClasses: [], classesKey: [], fcmTokens: []}
Chrome 144.0.0.0 (Linux 0.0.0): Executed 117 of 159 (1 FAILED) (0 secs / 9.985 secs)
LOG: 'logged user*', UserModel{key: '', birthDate: '', email: '', firstName: '', DSA: false, DVA: false, BES: false, ADHD: false, noteDisabilita: '', pdpUrl: [], lastName: '', password: '', classKey: '', phoneNumber: '', role: 3, userName: '', assignedClasses: [], classesKey: [], fcmTokens: []}
[1A[2KLOG: 'elenco classi*', []
Chrome 144.0.0.0 (Linux 0.0.0): Executed 117 of 159 (1 FAILED) (0 secs / 9.985 secs)
LOG: 'elenco classi*', []
[1A[2KLOG: 'User input changed on effect*:', UserModel{key: '', birthDate: '', email: '', firstName: '', DSA: false, DVA: false, BES: false, ADHD: false, noteDisabilita: '', pdpUrl: [], lastName: '', password: '', classKey: '', phoneNumber: '', role: 3, userName: '', assignedClasses: [], classesKey: [], fcmTokens: []}
Chrome 144.0.0.0 (Linux 0.0.0): Executed 117 of 159 (1 FAILED) (0 secs / 9.985 secs)
LOG: 'User input changed on effect*:', UserModel{key: '', birthDate: '', email: '', firstName: '', DSA: false, DVA: false, BES: false, ADHD: false, noteDisabilita: '', pdpUrl: [], lastName: '', password: '', classKey: '', phoneNumber: '', role: 3, userName: '', assignedClasses: [], classesKey: [], fcmTokens: []}
[1A[2KLOG: 'Form values after timeout:', Object{firstName: '', lastName: '', userName: '', email: '', role: 3, DVA: false, DSA: false, BES: false, ADHD: false, noteDisabilita: '', pdpUrl: '', phoneNumber: '', birthDate: '', classKey: '', classes: []}
Chrome 144.0.0.0 (Linux 0.0.0): Executed 117 of 159 (1 FAILED) (0 secs / 9.985 secs)
LOG: 'Form values after timeout:', Object{firstName: '', lastName: '', userName: '', email: '', role: 3, DVA: false, DSA: false, BES: false, ADHD: false, noteDisabilita: '', pdpUrl: '', phoneNumber: '', birthDate: '', classKey: '', classes: []}
[1A[2KLOG: 'Effect - classi aggiornate:', []
Chrome 144.0.0.0 (Linux 0.0.0): Executed 117 of 159 (1 FAILED) (0 secs / 9.985 secs)
LOG: 'Effect - classi aggiornate:', []
[1A[2KLOG: 'onClassesChange - classes:', []
Chrome 144.0.0.0 (Linux 0.0.0): Executed 117 of 159 (1 FAILED) (0 secs / 9.985 secs)
LOG: 'onClassesChange - classes:', []
[1A[2KChrome 144.0.0.0 (Linux 0.0.0): Executed 118 of 159 (1 FAILED) (0 secs / 11.096 secs)
[1A[2KChrome 144.0.0.0 (Linux 0.0.0): Executed 119 of 159 (1 FAILED) (0 secs / 11.138 secs)
[1A[2KChrome 144.0.0.0 (Linux 0.0.0): Executed 120 of 159 (1 FAILED) (0 secs / 11.14 secs)
[1A[2KChrome 144.0.0.0 (Linux 0.0.0): Executed 121 of 159 (1 FAILED) (0 secs / 11.14 secs)
[1A[2KChrome 144.0.0.0 (Linux 0.0.0): Executed 122 of 159 (1 FAILED) (0 secs / 11.14 secs)
[1A[2KChrome 144.0.0.0 (Linux 0.0.0): Executed 123 of 159 (1 FAILED) (0 secs / 11.141 secs)
[1A[2KChrome 144.0.0.0 (Linux 0.0.0): Executed 124 of 159 (1 FAILED) (0 secs / 11.141 secs)
[1A[2KChrome 144.0.0.0 (Linux 0.0.0): Executed 125 of 159 (1 FAILED) (0 secs / 11.141 secs)
[1A[2KLOG: 'listaClassi', []
Chrome 144.0.0.0 (Linux 0.0.0): Executed 125 of 159 (1 FAILED) (0 secs / 11.141 secs)
LOG: 'listaClassi', []
[1A[2KLOG: 'filter', []
Chrome 144.0.0.0 (Linux 0.0.0): Executed 125 of 159 (1 FAILED) (0 secs / 11.141 secs)
LOG: 'filter', []
[1A[2KLOG: 'listaAttivita', []
Chrome 144.0.0.0 (Linux 0.0.0): Executed 125 of 159 (1 FAILED) (0 secs / 11.141 secs)
LOG: 'listaAttivita', []
[1A[2KLOG: 'listaStudenti', []
Chrome 144.0.0.0 (Linux 0.0.0): Executed 125 of 159 (1 FAILED) (0 secs / 11.141 secs)
LOG: 'listaStudenti', []
[1A[2KChrome 144.0.0.0 (Linux 0.0.0): Executed 126 of 159 (1 FAILED) (0 secs / 12.164 secs)
[1A[2KWARN: '[Ionicons Warning]: Multiple icons were mapped to name "save". Ensure that multiple icons are not mapped to the same icon name.'
Chrome 144.0.0.0 (Linux 0.0.0): Executed 126 of 159 (1 FAILED) (0 secs / 12.164 secs)
WARN: '[Ionicons Warning]: Multiple icons were mapped to name "save". Ensure that multiple icons are not mapped to the same icon name.'
[1A[2KWARN: 'The 'allowSignalWrites' flag is deprecated and no longer impacts effect() (writes are always allowed)'
Chrome 144.0.0.0 (Linux 0.0.0): Executed 126 of 159 (1 FAILED) (0 secs / 12.164 secs)
WARN: 'The 'allowSignalWrites' flag is deprecated and no longer impacts effect() (writes are always allowed)'
[1A[2KLOG: 'UserGeneralities2Component - ngOnInit*'
Chrome 144.0.0.0 (Linux 0.0.0): Executed 126 of 159 (1 FAILED) (0 secs / 12.164 secs)
LOG: 'UserGeneralities2Component - ngOnInit*'
[1A[2KLOG: 'User input value on init*:', UserModel{key: '', birthDate: '', email: '', firstName: '', DSA: false, DVA: false, BES: false, ADHD: false, noteDisabilita: '', pdpUrl: [], lastName: '', password: '', classKey: '', phoneNumber: '', role: 3, userName: '', assignedClasses: [], classesKey: [], fcmTokens: []}
Chrome 144.0.0.0 (Linux 0.0.0): Executed 126 of 159 (1 FAILED) (0 secs / 12.164 secs)
LOG: 'User input value on init*:', UserModel{key: '', birthDate: '', email: '', firstName: '', DSA: false, DVA: false, BES: false, ADHD: false, noteDisabilita: '', pdpUrl: [], lastName: '', password: '', classKey: '', phoneNumber: '', role: 3, userName: '', assignedClasses: [], classesKey: [], fcmTokens: []}
[1A[2KLOG: 'ngOnInit - user:*', UserModel{key: '', birthDate: '', email: '', firstName: '', DSA: false, DVA: false, BES: false, ADHD: false, noteDisabilita: '', pdpUrl: [], lastName: '', password: '', classKey: '', phoneNumber: '', role: 3, userName: '', assignedClasses: [], classesKey: [], fcmTokens: []}
Chrome 144.0.0.0 (Linux 0.0.0): Executed 126 of 159 (1 FAILED) (0 secs / 12.164 secs)
LOG: 'ngOnInit - user:*', UserModel{key: '', birthDate: '', email: '', firstName: '', DSA: false, DVA: false, BES: false, ADHD: false, noteDisabilita: '', pdpUrl: [], lastName: '', password: '', classKey: '', phoneNumber: '', role: 3, userName: '', assignedClasses: [], classesKey: [], fcmTokens: []}
[1A[2KLOG: 'User in effect:*', UserModel{key: '', birthDate: '', email: '', firstName: '', DSA: false, DVA: false, BES: false, ADHD: false, noteDisabilita: '', pdpUrl: [], lastName: '', password: '', classKey: '', phoneNumber: '', role: 3, userName: '', assignedClasses: [], classesKey: [], fcmTokens: []}
Chrome 144.0.0.0 (Linux 0.0.0): Executed 126 of 159 (1 FAILED) (0 secs / 12.164 secs)
LOG: 'User in effect:*', UserModel{key: '', birthDate: '', email: '', firstName: '', DSA: false, DVA: false, BES: false, ADHD: false, noteDisabilita: '', pdpUrl: [], lastName: '', password: '', classKey: '', phoneNumber: '', role: 3, userName: '', assignedClasses: [], classesKey: [], fcmTokens: []}
[1A[2KWARN: 'User is null or undefined*'
Chrome 144.0.0.0 (Linux 0.0.0): Executed 126 of 159 (1 FAILED) (0 secs / 12.164 secs)
WARN: 'User is null or undefined*'
[1A[2KLOG: 'UserGeneralities2Component - ngAfterViewInit'
Chrome 144.0.0.0 (Linux 0.0.0): Executed 126 of 159 (1 FAILED) (0 secs / 12.164 secs)
LOG: 'UserGeneralities2Component - ngAfterViewInit'
[1A[2KLOG: 'Form controls after view init:', Object{firstName: FormControl{_pendingDirty: false, _hasOwnPendingAsyncValidator: null, _pendingTouched: false, _onCollectionChange: () => { ... }, _updateOn: undefined, _parent: FormGroup{_pendingDirty: ..., _hasOwnPendingAsyncValidator: ..., _pendingTouched: ..., _onCollectionChange: ..., _updateOn: ..., _parent: ..., _asyncValidationSubscription: ..., _composedValidatorFn: ..., _composedAsyncValidatorFn: ..., _rawValidators: ..., _rawAsyncValidators: ..., value: ..., _status: ..., statusReactive: ..., errors: ..., _pristine: ..., pristineReactive: ..., _touched: ..., touchedReactive: ..., _events: ..., events: ..., valueChanges: ..., statusChanges: ..., _onDisabledChange: ..., controls: ...}, _asyncValidationSubscription: undefined, _composedValidatorFn: function (control) { ... }, _composedAsyncValidatorFn: null, _rawValidators: [...], _rawAsyncValidators: null, value: '', _status: [Computed: INVALID], statusReactive: [Signal: INVALID], errors: Object{required: ...}, _pristine: [Computed: true], pristineReactive: [Signal: true], _touched: [Computed: false], touchedReactive: [Signal: false], _events: Subject{closed: ..., currentObservers: ..., observers: ..., isStopped: ..., hasError: ..., thrownError: ...}, events: Observable{source: ...}, valueChanges: EventEmitter_{closed: ..., currentObservers: ..., observers: ..., isStopped: ..., hasError: ..., thrownError: ..., __isAsync: ..., destroyRef: ..., pendingTasks: ...}, statusChanges: EventEmitter_{closed: ..., currentObservers: ..., observers: ..., isStopped: ..., hasError: ..., thrownError: ..., __isAsync: ..., destroyRef: ..., pendingTasks: ...}, _onDisabledChange: [...], defaultValue: null, _onChange: [...], _pendingValue: '', _pendingChange: false}, lastName: FormControl{_pendingDirty: false, _hasOwnPendingAsyncValidator: null, _pendingTouched: false, _onCollectionChange: () => { ... }, _updateOn: undefined, _parent: FormGroup{_pendingDirty: ..., _hasOwnPendingAsyncValidator: ..., _pendingTouched: ..., _onCollectionChange: ..., _updateOn: ..., _parent: ..., _asyncValidationSubscription: ..., _composedValidatorFn: ..., _composedAsyncValidatorFn: ..., _rawValidators: ..., _rawAsyncValidators: ..., value: ..., _status: ..., statusReactive: ..., errors: ..., _pristine: ..., pristineReactive: ..., _touched: ..., touchedReactive: ..., _events: ..., events: ..., valueChanges: ..., statusChanges: ..., _onDisabledChange: ..., controls: ...}, _asyncValidationSubscription: undefined, _composedValidatorFn: function (control) { ... }, _composedAsyncValidatorFn: null, _rawValidators: [...], _rawAsyncValidators: null, value: '', _status: [Computed: INVALID], statusReactive: [Signal: INVALID], errors: Object{required: ...}, _pristine: [Computed: true], pristineReactive: [Signal: true], _touched: [Computed: false], touchedReactive: [Signal: false], _events: Subject{closed: ..., currentObservers: ..., observers: ..., isStopped: ..., hasError: ..., thrownError: ...}, events: Observable{source: ...}, valueChanges: EventEmitter_{closed: ..., currentObservers: ..., observers: ..., isStopped: ..., hasError: ..., thrownError: ..., __isAsync: ..., destroyRef: ..., pendingTasks: ...}, statusChanges: EventEmitter_{closed: ..., currentObservers: ..., observers: ..., isStopped: ..., hasError: ..., thrownError: ..., __isAsync: ..., destroyRef: ..., pendingTasks: ...}, _onDisabledChange: [...], defaultValue: null, _onChange: [...], _pendingValue: '', _pendingChange: false}, userName: FormControl{_pendingDirty: false, _hasOwnPendingAsyncValidator: null, _pendingTouched: false, _onCollectionChange: () => { ... }, _updateOn: undefined, _parent: FormGroup{_pendingDirty: ..., _hasOwnPendingAsyncValidator: ..., _pendingTouched: ..., _onCollectionChange: ..., _updateOn: ..., _parent: ..., _asyncValidationSubscription: ..., _composedValidatorFn: ..., _composedAsyncValidatorFn: ..., _rawValidators: ..., _rawAsyncValidators: ..., value: ..., _status: ..., statusReactive: ..., errors: ..., _pristine: ..., pristineReactive: ..., _touched: ..., touchedReactive: ..., _events: ..., events: ..., valueChanges: ..., statusChanges: ..., _onDisabledChange: ..., controls: ...}, _asyncValidationSubscription: undefined, _composedValidatorFn: null, _composedAsyncValidatorFn: null, _rawValidators: null, _rawAsyncValidators: null, value: '', _status: [Computed: VALID], statusReactive: [Signal: VALID], errors: null, _pristine: [Computed: true], pristineReactive: [Signal: true], _touched: [Computed: false], touchedReactive: [Signal: false], _events: Subject{closed: ..., currentObservers: ..., observers: ..., isStopped: ..., hasError: ..., thrownError: ...}, events: Observable{source: ...}, valueChanges: EventEmitter_{closed: ..., currentObservers: ..., observers: ..., isStopped: ..., hasError: ..., thrownError: ..., __isAsync: ..., destroyRef: ..., pendingTasks: ...}, statusChanges: EventEmitter_{closed: ..., currentObservers: ..., observers: ..., isStopped: ..., hasError: ..., thrownError: ..., __isAsync: ..., destroyRef: ..., pendingTasks: ...}, _onDisabledChange: [...], defaultValue: null, _onChange: [...], _pendingValue: '', _pendingChange: false}, email: FormControl{_pendingDirty: false, _hasOwnPendingAsyncValidator: null, _pendingTouched: false, _onCollectionChange: () => { ... }, _updateOn: undefined, _parent: FormGroup{_pendingDirty: ..., _hasOwnPendingAsyncValidator: ..., _pendingTouched: ..., _onCollectionChange: ..., _updateOn: ..., _parent: ..., _asyncValidationSubscription: ..., _composedValidatorFn: ..., _composedAsyncValidatorFn: ..., _rawValidators: ..., _rawAsyncValidators: ..., value: ..., _status: ..., statusReactive: ..., errors: ..., _pristine: ..., pristineReactive: ..., _touched: ..., touchedReactive: ..., _events: ..., events: ..., valueChanges: ..., statusChanges: ..., _onDisabledChange: ..., controls: ...}, _asyncValidationSubscription: undefined, _composedValidatorFn: function (control) { ... }, _composedAsyncValidatorFn: null, _rawValidators: [...], _rawAsyncValidators: null, value: '', _status: [Computed: INVALID], statusReactive: [Signal: INVALID], errors: Object{required: ...}, _pristine: [Computed: true], pristineReactive: [Signal: true], _touched: [Computed: false], touchedReactive: [Signal: false], _events: Subject{closed: ..., currentObservers: ..., observers: ..., isStopped: ..., hasError: ..., thrownError: ...}, events: Observable{source: ...}, valueChanges: EventEmitter_{closed: ..., currentObservers: ..., observers: ..., isStopped: ..., hasError: ..., thrownError: ..., __isAsync: ..., destroyRef: ..., pendingTasks: ...}, statusChanges: EventEmitter_{closed: ..., currentObservers: ..., observers: ..., isStopped: ..., hasError: ..., thrownError: ..., __isAsync: ..., destroyRef: ..., pendingTasks: ...}, _onDisabledChange: [...], defaultValue: null, _onChange: [...], _pendingValue: '', _pendingChange: false}, role: FormControl{_pendingDirty: false, _hasOwnPendingAsyncValidator: null, _pendingTouched: false, _onCollectionChange: () => { ... }, _updateOn: undefined, _parent: FormGroup{_pendingDirty: ..., _hasOwnPendingAsyncValidator: ..., _pendingTouched: ..., _onCollectionChange: ..., _updateOn: ..., _parent: ..., _asyncValidationSubscription: ..., _composedValidatorFn: ..., _composedAsyncValidatorFn: ..., _rawValidators: ..., _rawAsyncValidators: ..., value: ..., _status: ..., statusReactive: ..., errors: ..., _pristine: ..., pristineReactive: ..., _touched: ..., touchedReactive: ..., _events: ..., events: ..., valueChanges: ..., statusChanges: ..., _onDisabledChange: ..., controls: ...}, _asyncValidationSubscription: undefined, _composedValidatorFn: null, _composedAsyncValidatorFn: null, _rawValidators: null, _rawAsyncValidators: null, value: 3, _status: [Computed: VALID], statusReactive: [Signal: VALID], errors: null, _pristine: [Computed: true], pristineReactive: [Signal: true], _touched: [Computed: false], touchedReactive: [Signal: false], _events: Subject{closed: ..., currentObservers: ..., observers: ..., isStopped: ..., hasError: ..., thrownError: ...}, events: Observable{source: ...}, valueChanges: EventEmitter_{closed: ..., currentObservers: ..., observers: ..., isStopped: ..., hasError: ..., thrownError: ..., __isAsync: ..., destroyRef: ..., pendingTasks: ...}, statusChanges: EventEmitter_{closed: ..., currentObservers: ..., observers: ..., isStopped: ..., hasError: ..., thrownError: ..., __isAsync: ..., destroyRef: ..., pendingTasks: ...}, _onDisabledChange: [...], defaultValue: null, _onChange: [...], _pendingValue: 3, _pendingChange: false}, DVA: FormControl{_pendingDirty: false, _hasOwnPendingAsyncValidator: null, _pendingTouched: false, _onCollectionChange: () => { ... }, _updateOn: undefined, _parent: FormGroup{_pendingDirty: ..., _hasOwnPendingAsyncValidator: ..., _pendingTouched: ..., _onCollectionChange: ..., _updateOn: ..., _parent: ..., _asyncValidationSubscription: ..., _composedValidatorFn: ..., _composedAsyncValidatorFn: ..., _rawValidators: ..., _rawAsyncValidators: ..., value: ..., _status: ..., statusReactive: ..., errors: ..., _pristine: ..., pristineReactive: ..., _touched: ..., touchedReactive: ..., _events: ..., events: ..., valueChanges: ..., statusChanges: ..., _onDisabledChange: ..., controls: ...}, _asyncValidationSubscription: undefined, _composedValidatorFn: null, _composedAsyncValidatorFn: null, _rawValidators: null, _rawAsyncValidators: null, value: false, _status: [Computed: VALID], statusReactive: [Signal: VALID], errors: null, _pristine: [Computed: true], pristineReactive: [Signal: true], _touched: [Computed: false], touchedReactive: [Signal: false], _events: Subject{closed: ..., currentObservers: ..., observers: ..., isStopped: ..., hasError: ..., thrownError: ...}, events: Observable{source: ...}, valueChanges: EventEmitter_{closed: ..., currentObservers: ..., observers: ..., isStopped: ..., hasError: ..., thrownError: ..., __isAsync: ..., destroyRef: ..., pendingTasks: ...}, statusChanges: EventEmitter_{closed: ..., currentObservers: ..., observers: ..., isStopped: ..., hasError: ..., thrownError: ..., __isAsync: ..., destroyRef: ..., pendingTasks: ...}, _onDisabledChange: [...], defaultValue: null, _onChange: [...], _pendingValue: false, _pendingChange: false}, DSA: FormControl{_pendingDirty: false, _hasOwnPendingAsyncValidator: null, _pendingTouched: false, _onCollectionChange: () => { ... }, _updateOn: undefined, _parent: FormGroup{_pendingDirty: ..., _hasOwnPendingAsyncValidator: ..., _pendingTouched: ..., _onCollectionChange: ..., _updateOn: ..., _parent: ..., _asyncValidationSubscription: ..., _composedValidatorFn: ..., _composedAsyncValidatorFn: ..., _rawValidators: ..., _rawAsyncValidators: ..., value: ..., _status: ..., statusReactive: ..., errors: ..., _pristine: ..., pristineReactive: ..., _touched: ..., touchedReactive: ..., _events: ..., events: ..., valueChanges: ..., statusChanges: ..., _onDisabledChange: ..., controls: ...}, _asyncValidationSubscription: undefined, _composedValidatorFn: null, _composedAsyncValidatorFn: null, _rawValidators: null, _rawAsyncValidators: null, value: false, _status: [Computed: VALID], statusReactive: [Signal: VALID], errors: null, _pristine: [Computed: true], pristineReactive: [Signal: true], _touched: [Computed: false], touchedReactive: [Signal: false], _events: Subject{closed: ..., currentObservers: ..., observers: ..., isStopped: ..., hasError: ..., thrownError: ...}, events: Observable{source: ...}, valueChanges: EventEmitter_{closed: ..., currentObservers: ..., observers: ..., isStopped: ..., hasError: ..., thrownError: ..., __isAsync: ..., destroyRef: ..., pendingTasks: ...}, statusChanges: EventEmitter_{closed: ..., currentObservers: ..., observers: ..., isStopped: ..., hasError: ..., thrownError: ..., __isAsync: ..., destroyRef: ..., pendingTasks: ...}, _onDisabledChange: [...], defaultValue: null, _onChange: [...], _pendingValue: false, _pendingChange: false}, BES: FormControl{_pendingDirty: false, _hasOwnPendingAsyncValidator: null, _pendingTouched: false, _onCollectionChange: () => { ... }, _updateOn: undefined, _parent: FormGroup{_pendingDirty: ..., _hasOwnPendingAsyncValidator: ..., _pendingTouched: ..., _onCollectionChange: ..., _updateOn: ..., _parent: ..., _asyncValidationSubscription: ..., _composedValidatorFn: ..., _composedAsyncValidatorFn: ..., _rawValidators: ..., _rawAsyncValidators: ..., value: ..., _status: ..., statusReactive: ..., errors: ..., _pristine: ..., pristineReactive: ..., _touched: ..., touchedReactive: ..., _events: ..., events: ..., valueChanges: ..., statusChanges: ..., _onDisabledChange: ..., controls: ...}, _asyncValidationSubscription: undefined, _composedValidatorFn: null, _composedAsyncValidatorFn: null, _rawValidators: null, _rawAsyncValidators: null, value: false, _status: [Computed: VALID], statusReactive: [Signal: VALID], errors: null, _pristine: [Computed: true], pristineReactive: [Signal: true], _touched: [Computed: false], touchedReactive: [Signal: false], _events: Subject{closed: ..., currentObservers: ..., observers: ..., isStopped: ..., hasError: ..., thrownError: ...}, events: Observable{source: ...}, valueChanges: EventEmitter_{closed: ..., currentObservers: ..., observers: ..., isStopped: ..., hasError: ..., thrownError: ..., __isAsync: ..., destroyRef: ..., pendingTasks: ...}, statusChanges: EventEmitter_{closed: ..., currentObservers: ..., observers: ..., isStopped: ..., hasError: ..., thrownError: ..., __isAsync: ..., destroyRef: ..., pendingTasks: ...}, _onDisabledChange: [...], defaultValue: null, _onChange: [...], _pendingValue: false, _pendingChange: false}, ADHD: FormControl{_pendingDirty: false, _hasOwnPendingAsyncValidator: null, _pendingTouched: false, _onCollectionChange: () => { ... }, _updateOn: undefined, _parent: FormGroup{_pendingDirty: ..., _hasOwnPendingAsyncValidator: ..., _pendingTouched: ..., _onCollectionChange: ..., _updateOn: ..., _parent: ..., _asyncValidationSubscription: ..., _composedValidatorFn: ..., _composedAsyncValidatorFn: ..., _rawValidators: ..., _rawAsyncValidators: ..., value: ..., _status: ..., statusReactive: ..., errors: ..., _pristine: ..., pristineReactive: ..., _touched: ..., touchedReactive: ..., _events: ..., events: ..., valueChanges: ..., statusChanges: ..., _onDisabledChange: ..., controls: ...}, _asyncValidationSubscription: undefined, _composedValidatorFn: null, _composedAsyncValidatorFn: null, _rawValidators: null, _rawAsyncValidators: null, value: false, _status: [Computed: VALID], statusReactive: [Signal: VALID], errors: null, _pristine: [Computed: true], pristineReactive: [Signal: true], _touched: [Computed: false], touchedReactive: [Signal: false], _events: Subject{closed: ..., currentObservers: ..., observers: ..., isStopped: ..., hasError: ..., thrownError: ...}, events: Observable{source: ...}, valueChanges: EventEmitter_{closed: ..., currentObservers: ..., observers: ..., isStopped: ..., hasError: ..., thrownError: ..., __isAsync: ..., destroyRef: ..., pendingTasks: ...}, statusChanges: EventEmitter_{closed: ..., currentObservers: ..., observers: ..., isStopped: ..., hasError: ..., thrownError: ..., __isAsync: ..., destroyRef: ..., pendingTasks: ...}, _onDisabledChange: [...], defaultValue: null, _onChange: [...], _pendingValue: false, _pendingChange: false}, noteDisabilita: FormControl{_pendingDirty: false, _hasOwnPendingAsyncValidator: null, _pendingTouched: false, _onCollectionChange: () => { ... }, _updateOn: undefined, _parent: FormGroup{_pendingDirty: ..., _hasOwnPendingAsyncValidator: ..., _pendingTouched: ..., _onCollectionChange: ..., _updateOn: ..., _parent: ..., _asyncValidationSubscription: ..., _composedValidatorFn: ..., _composedAsyncValidatorFn: ..., _rawValidators: ..., _rawAsyncValidators: ..., value: ..., _status: ..., statusReactive: ..., errors: ..., _pristine: ..., pristineReactive: ..., _touched: ..., touchedReactive: ..., _events: ..., events: ..., valueChanges: ..., statusChanges: ..., _onDisabledChange: ..., controls: ...}, _asyncValidationSubscription: undefined, _composedValidatorFn: null, _composedAsyncValidatorFn: null, _rawValidators: null, _rawAsyncValidators: null, value: '', _status: [Computed: VALID], statusReactive: [Signal: VALID], errors: null, _pristine: [Computed: true], pristineReactive: [Signal: true], _touched: [Computed: false], touchedReactive: [Signal: false], _events: Subject{closed: ..., currentObservers: ..., observers: ..., isStopped: ..., hasError: ..., thrownError: ...}, events: Observable{source: ...}, valueChanges: EventEmitter_{closed: ..., currentObservers: ..., observers: ..., isStopped: ..., hasError: ..., thrownError: ..., __isAsync: ..., destroyRef: ..., pendingTasks: ...}, statusChanges: EventEmitter_{closed: ..., currentObservers: ..., observers: ..., isStopped: ..., hasError: ..., thrownError: ..., __isAsync: ..., destroyRef: ..., pendingTasks: ...}, _onDisabledChange: [...], defaultValue: null, _onChange: [...], _pendingValue: '', _pendingChange: false}, pdpUrl: FormControl{_pendingDirty: false, _hasOwnPendingAsyncValidator: null, _pendingTouched: false, _onCollectionChange: () => { ... }, _updateOn: undefined, _parent: FormGroup{_pendingDirty: ..., _hasOwnPendingAsyncValidator: ..., _pendingTouched: ..., _onCollectionChange: ..., _updateOn: ..., _parent: ..., _asyncValidationSubscription: ..., _composedValidatorFn: ..., _composedAsyncValidatorFn: ..., _rawValidators: ..., _rawAsyncValidators: ..., value: ..., _status: ..., statusReactive: ..., errors: ..., _pristine: ..., pristineReactive: ..., _touched: ..., touchedReactive: ..., _events: ..., events: ..., valueChanges: ..., statusChanges: ..., _onDisabledChange: ..., controls: ...}, _asyncValidationSubscription: undefined, _composedValidatorFn: null, _composedAsyncValidatorFn: null, _rawValidators: null, _rawAsyncValidators: null, value: '', _status: [Computed: VALID], statusReactive: [Signal: VALID], errors: null, _pristine: [Computed: true], pristineReactive: [Signal: true], _touched: [Computed: false], touchedReactive: [Signal: false], _events: Subject{closed: ..., currentObservers: ..., observers: ..., isStopped: ..., hasError: ..., thrownError: ...}, events: Observable{source: ...}, valueChanges: EventEmitter_{closed: ..., currentObservers: ..., observers: ..., isStopped: ..., hasError: ..., thrownError: ..., __isAsync: ..., destroyRef: ..., pendingTasks: ...}, statusChanges: EventEmitter_{closed: ..., currentObservers: ..., observers: ..., isStopped: ..., hasError: ..., thrownError: ..., __isAsync: ..., destroyRef: ..., pendingTasks: ...}, _onDisabledChange: [], defaultValue: null, _onChange: [], _pendingValue: '', _pendingChange: false}, phoneNumber: FormControl{_pendingDirty: false, _hasOwnPendingAsyncValidator: null, _pendingTouched: false, _onCollectionChange: () => { ... }, _updateOn: undefined, _parent: FormGroup{_pendingDirty: ..., _hasOwnPendingAsyncValidator: ..., _pendingTouched: ..., _onCollectionChange: ..., _updateOn: ..., _parent: ..., _asyncValidationSubscription: ..., _composedValidatorFn: ..., _composedAsyncValidatorFn: ..., _rawValidators: ..., _rawAsyncValidators: ..., value: ..., _status: ..., statusReactive: ..., errors: ..., _pristine: ..., pristineReactive: ..., _touched: ..., touchedReactive: ..., _events: ..., events: ..., valueChanges: ..., statusChanges: ..., _onDisabledChange: ..., controls: ...}, _asyncValidationSubscription: undefined, _composedValidatorFn: null, _composedAsyncValidatorFn: null, _rawValidators: null, _rawAsyncValidators: null, value: '', _status: [Computed: VALID], statusReactive: [Signal: VALID], errors: null, _pristine: [Computed: true], pristineReactive: [Signal: true], _touched: [Computed: false], touchedReactive: [Signal: false], _events: Subject{closed: ..., currentObservers: ..., observers: ..., isStopped: ..., hasError: ..., thrownError: ...}, events: Observable{source: ...}, valueChanges: EventEmitter_{closed: ..., currentObservers: ..., observers: ..., isStopped: ..., hasError: ..., thrownError: ..., __isAsync: ..., destroyRef: ..., pendingTasks: ...}, statusChanges: EventEmitter_{closed: ..., currentObservers: ..., observers: ..., isStopped: ..., hasError: ..., thrownError: ..., __isAsync: ..., destroyRef: ..., pendingTasks: ...}, _onDisabledChange: [...], defaultValue: null, _onChange: [...], _pendingValue: '', _pendingChange: false}, birthDate: FormControl{_pendingDirty: false, _hasOwnPendingAsyncValidator: null, _pendingTouched: false, _onCollectionChange: () => { ... }, _updateOn: undefined, _parent: FormGroup{_pendingDirty: ..., _hasOwnPendingAsyncValidator: ..., _pendingTouched: ..., _onCollectionChange: ..., _updateOn: ..., _parent: ..., _asyncValidationSubscription: ..., _composedValidatorFn: ..., _composedAsyncValidatorFn: ..., _rawValidators: ..., _rawAsyncValidators: ..., value: ..., _status: ..., statusReactive: ..., errors: ..., _pristine: ..., pristineReactive: ..., _touched: ..., touchedReactive: ..., _events: ..., events: ..., valueChanges: ..., statusChanges: ..., _onDisabledChange: ..., controls: ...}, _asyncValidationSubscription: undefined, _composedValidatorFn: null, _composedAsyncValidatorFn: null, _rawValidators: null, _rawAsyncValidators: null, value: '', _status: [Computed: VALID], statusReactive: [Signal: VALID], errors: null, _pristine: [Computed: true], pristineReactive: [Signal: true], _touched: [Computed: false], touchedReactive: [Signal: false], _events: Subject{closed: ..., currentObservers: ..., observers: ..., isStopped: ..., hasError: ..., thrownError: ...}, events: Observable{source: ...}, valueChanges: EventEmitter_{closed: ..., currentObservers: ..., observers: ..., isStopped: ..., hasError: ..., thrownError: ..., __isAsync: ..., destroyRef: ..., pendingTasks: ...}, statusChanges: EventEmitter_{closed: ..., currentObservers: ..., observers: ..., isStopped: ..., hasError: ..., thrownError: ..., __isAsync: ..., destroyRef: ..., pendingTasks: ...}, _onDisabledChange: [...], defaultValue: null, _onChange: [...], _pendingValue: '', _pendingChange: false}, classKey: FormControl{_pendingDirty: false, _hasOwnPendingAsyncValidator: null, _pendingTouched: false, _onCollectionChange: () => { ... }, _updateOn: undefined, _parent: FormGroup{_pendingDirty: ..., _hasOwnPendingAsyncValidator: ..., _pendingTouched: ..., _onCollectionChange: ..., _updateOn: ..., _parent: ..., _asyncValidationSubscription: ..., _composedValidatorFn: ..., _composedAsyncValidatorFn: ..., _rawValidators: ..., _rawAsyncValidators: ..., value: ..., _status: ..., statusReactive: ..., errors: ..., _pristine: ..., pristineReactive: ..., _touched: ..., touchedReactive: ..., _events: ..., events: ..., valueChanges: ..., statusChanges: ..., _onDisabledChange: ..., controls: ...}, _asyncValidationSubscription: undefined, _composedValidatorFn: null, _composedAsyncValidatorFn: null, _rawValidators: null, _rawAsyncValidators: null, value: '', _status: [Computed: VALID], statusReactive: [Signal: VALID], errors: null, _pristine: [Computed: true], pristineReactive: [Signal: true], _touched: [Computed: false], touchedReactive: [Signal: false], _events: Subject{closed: ..., currentObservers: ..., observers: ..., isStopped: ..., hasError: ..., thrownError: ...}, events: Observable{source: ...}, valueChanges: EventEmitter_{closed: ..., currentObservers: ..., observers: ..., isStopped: ..., hasError: ..., thrownError: ..., __isAsync: ..., destroyRef: ..., pendingTasks: ...}, statusChanges: EventEmitter_{closed: ..., currentObservers: ..., observers: ..., isStopped: ..., hasError: ..., thrownError: ..., __isAsync: ..., destroyRef: ..., pendingTasks: ...}, _onDisabledChange: [...], defaultValue: null, _onChange: [...], _pendingValue: '', _pendingChange: false}, classes: FormControl{_pendingDirty: false, _hasOwnPendingAsyncValidator: null, _pendingTouched: false, _onCollectionChange: () => { ... }, _updateOn: undefined, _parent: FormGroup{_pendingDirty: ..., _hasOwnPendingAsyncValidator: ..., _pendingTouched: ..., _onCollectionChange: ..., _updateOn: ..., _parent: ..., _asyncValidationSubscription: ..., _composedValidatorFn: ..., _composedAsyncValidatorFn: ..., _rawValidators: ..., _rawAsyncValidators: ..., value: ..., _status: ..., statusReactive: ..., errors: ..., _pristine: ..., pristineReactive: ..., _touched: ..., touchedReactive: ..., _events: ..., events: ..., valueChanges: ..., statusChanges: ..., _onDisabledChange: ..., controls: ...}, _asyncValidationSubscription: undefined, _composedValidatorFn: null, _composedAsyncValidatorFn: null, _rawValidators: null, _rawAsyncValidators: null, value: [], _status: [Computed: VALID], statusReactive: [Signal: VALID], errors: null, _pristine: [Computed: true], pristineReactive: [Signal: true], _touched: [Computed: false], touchedReactive: [Signal: false], _events: Subject{closed: ..., currentObservers: ..., observers: ..., isStopped: ..., hasError: ..., thrownError: ...}, events: Observable{source: ...}, valueChanges: EventEmitter_{closed: ..., currentObservers: ..., observers: ..., isStopped: ..., hasError: ..., thrownError: ..., __isAsync: ..., destroyRef: ..., pendingTasks: ...}, statusChanges: EventEmitter_{closed: ..., currentObservers: ..., observers: ..., isStopped: ..., hasError: ..., thrownError: ..., __isAsync: ..., destroyRef: ..., pendingTasks: ...}, _onDisabledChange: [], defaultValue: null, _onChange: [], _pendingValue: [], _pendingChange: false}}
Chrome 144.0.0.0 (Linux 0.0.0): Executed 126 of 159 (1 FAILED) (0 secs / 12.164 secs)
LOG: 'Form controls after view init:', Object{firstName: FormControl{_pendingDirty: false, _hasOwnPendingAsyncValidator: null, _pendingTouched: false, _onCollectionChange: () => { ... }, _updateOn: undefined, _parent: FormGroup{_pendingDirty: ..., _hasOwnPendingAsyncValidator: ..., _pendingTouched: ..., _onCollectionChange: ..., _updateOn: ..., _parent: ..., _asyncValidationSubscription: ..., _composedValidatorFn: ..., _composedAsyncValidatorFn: ..., _rawValidators: ..., _rawAsyncValidators: ..., value: ..., _status: ..., statusReactive: ..., errors: ..., _pristine: ..., pristineReactive: ..., _touched: ..., touchedReactive: ..., _events: ..., events: ..., valueChanges: ..., statusChanges: ..., _onDisabledChange: ..., controls: ...}, _asyncValidationSubscription: undefined, _composedValidatorFn: function (control) { ... }, _composedAsyncValidatorFn: null, _rawValidators: [...], _rawAsyncValidators: null, value: '', _status: [Computed: INVALID], statusReactive: [Signal: INVALID], errors: Object{required: ...}, _pristine: [Computed: true], pristineReactive: [Signal: true], _touched: [Computed: false], touchedReactive: [Signal: false], _events: Subject{closed: ..., currentObservers: ..., observers: ..., isStopped: ..., hasError: ..., thrownError: ...}, events: Observable{source: ...}, valueChanges: EventEmitter_{closed: ..., currentObservers: ..., observers: ..., isStopped: ..., hasError: ..., thrownError: ..., __isAsync: ..., destroyRef: ..., pendingTasks: ...}, statusChanges: EventEmitter_{closed: ..., currentObservers: ..., observers: ..., isStopped: ..., hasError: ..., thrownError: ..., __isAsync: ..., destroyRef: ..., pendingTasks: ...}, _onDisabledChange: [...], defaultValue: null, _onChange: [...], _pendingValue: '', _pendingChange: false}, lastName: FormControl{_pendingDirty: false, _hasOwnPendingAsyncValidator: null, _pendingTouched: false, _onCollectionChange: () => { ... }, _updateOn: undefined, _parent: FormGroup{_pendingDirty: ..., _hasOwnPendingAsyncValidator: ..., _pendingTouched: ..., _onCollectionChange: ..., _updateOn: ..., _parent: ..., _asyncValidationSubscription: ..., _composedValidatorFn: ..., _composedAsyncValidatorFn: ..., _rawValidators: ..., _rawAsyncValidators: ..., value: ..., _status: ..., statusReactive: ..., errors: ..., _pristine: ..., pristineReactive: ..., _touched: ..., touchedReactive: ..., _events: ..., events: ..., valueChanges: ..., statusChanges: ..., _onDisabledChange: ..., controls: ...}, _asyncValidationSubscription: undefined, _composedValidatorFn: function (control) { ... }, _composedAsyncValidatorFn: null, _rawValidators: [...], _rawAsyncValidators: null, value: '', _status: [Computed: INVALID], statusReactive: [Signal: INVALID], errors: Object{required: ...}, _pristine: [Computed: true], pristineReactive: [Signal: true], _touched: [Computed: false], touchedReactive: [Signal: false], _events: Subject{closed: ..., currentObservers: ..., observers: ..., isStopped: ..., hasError: ..., thrownError: ...}, events: Observable{source: ...}, valueChanges: EventEmitter_{closed: ..., currentObservers: ..., observers: ..., isStopped: ..., hasError: ..., thrownError: ..., __isAsync: ..., destroyRef: ..., pendingTasks: ...}, statusChanges: EventEmitter_{closed: ..., currentObservers: ..., observers: ..., isStopped: ..., hasError: ..., thrownError: ..., __isAsync: ..., destroyRef: ..., pendingTasks: ...}, _onDisabledChange: [...], defaultValue: null, _onChange: [...], _pendingValue: '', _pendingChange: false}, userName: FormControl{_pendingDirty: false, _hasOwnPendingAsyncValidator: null, _pendingTouched: false, _onCollectionChange: () => { ... }, _updateOn: undefined, _parent: FormGroup{_pendingDirty: ..., _hasOwnPendingAsyncValidator: ..., _pendingTouched: ..., _onCollectionChange: ..., _updateOn: ..., _parent: ..., _asyncValidationSubscription: ..., _composedValidatorFn: ..., _composedAsyncValidatorFn: ..., _rawValidators: ..., _rawAsyncValidators: ..., value: ..., _status: ..., statusReactive: ..., errors: ..., _pristine: ..., pristineReactive: ..., _touched: ..., touchedReactive: ..., _events: ..., events: ..., valueChanges: ..., statusChanges: ..., _onDisabledChange: ..., controls: ...}, _asyncValidationSubscription: undefined, _composedValidatorFn: null, _composedAsyncValidatorFn: null, _rawValidators: null, _rawAsyncValidators: null, value: '', _status: [Computed: VALID], statusReactive: [Signal: VALID], errors: null, _pristine: [Computed: true], pristineReactive: [Signal: true], _touched: [Computed: false], touchedReactive: [Signal: false], _events: Subject{closed: ..., currentObservers: ..., observers: ..., isStopped: ..., hasError: ..., thrownError: ...}, events: Observable{source: ...}, valueChanges: EventEmitter_{closed: ..., currentObservers: ..., observers: ..., isStopped: ..., hasError: ..., thrownError: ..., __isAsync: ..., destroyRef: ..., pendingTasks: ...}, statusChanges: EventEmitter_{closed: ..., currentObservers: ..., observers: ..., isStopped: ..., hasError: ..., thrownError: ..., __isAsync: ..., destroyRef: ..., pendingTasks: ...}, _onDisabledChange: [...], defaultValue: null, _onChange: [...], _pendingValue: '', _pendingChange: false}, email: FormControl{_pendingDirty: false, _hasOwnPendingAsyncValidator: null, _pendingTouched: false, _onCollectionChange: () => { ... }, _updateOn: undefined, _parent: FormGroup{_pendingDirty: ..., _hasOwnPendingAsyncValidator: ..., _pendingTouched: ..., _onCollectionChange: ..., _updateOn: ..., _parent: ..., _asyncValidationSubscription: ..., _composedValidatorFn: ..., _composedAsyncValidatorFn: ..., _rawValidators: ..., _rawAsyncValidators: ..., value: ..., _status: ..., statusReactive: ..., errors: ..., _pristine: ..., pristineReactive: ..., _touched: ..., touchedReactive: ..., _events: ..., events: ..., valueChanges: ..., statusChanges: ..., _onDisabledChange: ..., controls: ...}, _asyncValidationSubscription: undefined, _composedValidatorFn: function (control) { ... }, _composedAsyncValidatorFn: null, _rawValidators: [...], _rawAsyncValidators: null, value: '', _status: [Computed: INVALID], statusReactive: [Signal: INVALID], errors: Object{required: ...}, _pristine: [Computed: true], pristineReactive: [Signal: true], _touched: [Computed: false], touchedReactive: [Signal: false], _events: Subject{closed: ..., currentObservers: ..., observers: ..., isStopped: ..., hasError: ..., thrownError: ...}, events: Observable{source: ...}, valueChanges: EventEmitter_{closed: ..., currentObservers: ..., observers: ..., isStopped: ..., hasError: ..., thrownError: ..., __isAsync: ..., destroyRef: ..., pendingTasks: ...}, statusChanges: EventEmitter_{closed: ..., currentObservers: ..., observers: ..., isStopped: ..., hasError: ..., thrownError: ..., __isAsync: ..., destroyRef: ..., pendingTasks: ...}, _onDisabledChange: [...], defaultValue: null, _onChange: [...], _pendingValue: '', _pendingChange: false}, role: FormControl{_pendingDirty: false, _hasOwnPendingAsyncValidator: null, _pendingTouched: false, _onCollectionChange: () => { ... }, _updateOn: undefined, _parent: FormGroup{_pendingDirty: ..., _hasOwnPendingAsyncValidator: ..., _pendingTouched: ..., _onCollectionChange: ..., _updateOn: ..., _parent: ..., _asyncValidationSubscription: ..., _composedValidatorFn: ..., _composedAsyncValidatorFn: ..., _rawValidators: ..., _rawAsyncValidators: ..., value: ..., _status: ..., statusReactive: ..., errors: ..., _pristine: ..., pristineReactive: ..., _touched: ..., touchedReactive: ..., _events: ..., events: ..., valueChanges: ..., statusChanges: ..., _onDisabledChange: ..., controls: ...}, _asyncValidationSubscription: undefined, _composedValidatorFn: null, _composedAsyncValidatorFn: null, _rawValidators: null, _rawAsyncValidators: null, value: 3, _status: [Computed: VALID], statusReactive: [Signal: VALID], errors: null, _pristine: [Computed: true], pristineReactive: [Signal: true], _touched: [Computed: false], touchedReactive: [Signal: false], _events: Subject{closed: ..., currentObservers: ..., observers: ..., isStopped: ..., hasError: ..., thrownError: ...}, events: Observable{source: ...}, valueChanges: EventEmitter_{closed: ..., currentObservers: ..., observers: ..., isStopped: ..., hasError: ..., thrownError: ..., __isAsync: ..., destroyRef: ..., pendingTasks: ...}, statusChanges: EventEmitter_{closed: ..., currentObservers: ..., observers: ..., isStopped: ..., hasError: ..., thrownError: ..., __isAsync: ..., destroyRef: ..., pendingTasks: ...}, _onDisabledChange: [...], defaultValue: null, _onChange: [...], _pendingValue: 3, _pendingChange: false}, DVA: FormControl{_pendingDirty: false, _hasOwnPendingAsyncValidator: null, _pendingTouched: false, _onCollectionChange: () => { ... }, _updateOn: undefined, _parent: FormGroup{_pendingDirty: ..., _hasOwnPendingAsyncValidator: ..., _pendingTouched: ..., _onCollectionChange: ..., _updateOn: ..., _parent: ..., _asyncValidationSubscription: ..., _composedValidatorFn: ..., _composedAsyncValidatorFn: ..., _rawValidators: ..., _rawAsyncValidators: ..., value: ..., _status: ..., statusReactive: ..., errors: ..., _pristine: ..., pristineReactive: ..., _touched: ..., touchedReactive: ..., _events: ..., events: ..., valueChanges: ..., statusChanges: ..., _onDisabledChange: ..., controls: ...}, _asyncValidationSubscription: undefined, _composedValidatorFn: null, _composedAsyncValidatorFn: null, _rawValidators: null, _rawAsyncValidators: null, value: false, _status: [Computed: VALID], statusReactive: [Signal: VALID], errors: null, _pristine: [Computed: true], pristineReactive: [Signal: true], _touched: [Computed: false], touchedReactive: [Signal: false], _events: Subject{closed: ..., currentObservers: ..., observers: ..., isStopped: ..., hasError: ..., thrownError: ...}, events: Observable{source: ...}, valueChanges: EventEmitter_{closed: ..., currentObservers: ..., observers: ..., isStopped: ..., hasError: ..., thrownError: ..., __isAsync: ..., destroyRef: ..., pendingTasks: ...}, statusChanges: EventEmitter_{closed: ..., currentObservers: ..., observers: ..., isStopped: ..., hasError: ..., thrownError: ..., __isAsync: ..., destroyRef: ..., pendingTasks: ...}, _onDisabledChange: [...], defaultValue: null, _onChange: [...], _pendingValue: false, _pendingChange: false}, DSA: FormControl{_pendingDirty: false, _hasOwnPendingAsyncValidator: null, _pendingTouched: false, _onCollectionChange: () => { ... }, _updateOn: undefined, _parent: FormGroup{_pendingDirty: ..., _hasOwnPendingAsyncValidator: ..., _pendingTouched: ..., _onCollectionChange: ..., _updateOn: ..., _parent: ..., _asyncValidationSubscription: ..., _composedValidatorFn: ..., _composedAsyncValidatorFn: ..., _rawValidators: ..., _rawAsyncValidators: ..., value: ..., _status: ..., statusReactive: ..., errors: ..., _pristine: ..., pristineReactive: ..., _touched: ..., touchedReactive: ..., _events: ..., events: ..., valueChanges: ..., statusChanges: ..., _onDisabledChange: ..., controls: ...}, _asyncValidationSubscription: undefined, _composedValidatorFn: null, _composedAsyncValidatorFn: null, _rawValidators: null, _rawAsyncValidators: null, value: false, _status: [Computed: VALID], statusReactive: [Signal: VALID], errors: null, _pristine: [Computed: true], pristineReactive: [Signal: true], _touched: [Computed: false], touchedReactive: [Signal: false], _events: Subject{closed: ..., currentObservers: ..., observers: ..., isStopped: ..., hasError: ..., thrownError: ...}, events: Observable{source: ...}, valueChanges: EventEmitter_{closed: ..., currentObservers: ..., observers: ..., isStopped: ..., hasError: ..., thrownError: ..., __isAsync: ..., destroyRef: ..., pendingTasks: ...}, statusChanges: EventEmitter_{closed: ..., currentObservers: ..., observers: ..., isStopped: ..., hasError: ..., thrownError: ..., __isAsync: ..., destroyRef: ..., pendingTasks: ...}, _onDisabledChange: [...], defaultValue: null, _onChange: [...], _pendingValue: false, _pendingChange: false}, BES: FormControl{_pendingDirty: false, _hasOwnPendingAsyncValidator: null, _pendingTouched: false, _onCollectionChange: () => { ... }, _updateOn: undefined, _parent: FormGroup{_pendingDirty: ..., _hasOwnPendingAsyncValidator: ..., _pendingTouched: ..., _onCollectionChange: ..., _updateOn: ..., _parent: ..., _asyncValidationSubscription: ..., _composedValidatorFn: ..., _composedAsyncValidatorFn: ..., _rawValidators: ..., _rawAsyncValidators: ..., value: ..., _status: ..., statusReactive: ..., errors: ..., _pristine: ..., pristineReactive: ..., _touched: ..., touchedReactive: ..., _events: ..., events: ..., valueChanges: ..., statusChanges: ..., _onDisabledChange: ..., controls: ...}, _asyncValidationSubscription: undefined, _composedValidatorFn: null, _composedAsyncValidatorFn: null, _rawValidators: null, _rawAsyncValidators: null, value: false, _status: [Computed: VALID], statusReactive: [Signal: VALID], errors: null, _pristine: [Computed: true], pristineReactive: [Signal: true], _touched: [Computed: false], touchedReactive: [Signal: false], _events: Subject{closed: ..., currentObservers: ..., observers: ..., isStopped: ..., hasError: ..., thrownError: ...}, events: Observable{source: ...}, valueChanges: EventEmitter_{closed: ..., currentObservers: ..., observers: ..., isStopped: ..., hasError: ..., thrownError: ..., __isAsync: ..., destroyRef: ..., pendingTasks: ...}, statusChanges: EventEmitter_{closed: ..., currentObservers: ..., observers: ..., isStopped: ..., hasError: ..., thrownError: ..., __isAsync: ..., destroyRef: ..., pendingTasks: ...}, _onDisabledChange: [...], defaultValue: null, _onChange: [...], _pendingValue: false, _pendingChange: false}, ADHD: FormControl{_pendingDirty: false, _hasOwnPendingAsyncValidator: null, _pendingTouched: false, _onCollectionChange: () => { ... }, _updateOn: undefined, _parent: FormGroup{_pendingDirty: ..., _hasOwnPendingAsyncValidator: ..., _pendingTouched: ..., _onCollectionChange: ..., _updateOn: ..., _parent: ..., _asyncValidationSubscription: ..., _composedValidatorFn: ..., _composedAsyncValidatorFn: ..., _rawValidators: ..., _rawAsyncValidators: ..., value: ..., _status: ..., statusReactive: ..., errors: ..., _pristine: ..., pristineReactive: ..., _touched: ..., touchedReactive: ..., _events: ..., events: ..., valueChanges: ..., statusChanges: ..., _onDisabledChange: ..., controls: ...}, _asyncValidationSubscription: undefined, _composedValidatorFn: null, _composedAsyncValidatorFn: null, _rawValidators: null, _rawAsyncValidators: null, value: false, _status: [Computed: VALID], statusReactive: [Signal: VALID], errors: null, _pristine: [Computed: true], pristineReactive: [Signal: true], _touched: [Computed: false], touchedReactive: [Signal: false], _events: Subject{closed: ..., currentObservers: ..., observers: ..., isStopped: ..., hasError: ..., thrownError: ...}, events: Observable{source: ...}, valueChanges: EventEmitter_{closed: ..., currentObservers: ..., observers: ..., isStopped: ..., hasError: ..., thrownError: ..., __isAsync: ..., destroyRef: ..., pendingTasks: ...}, statusChanges: EventEmitter_{closed: ..., currentObservers: ..., observers: ..., isStopped: ..., hasError: ..., thrownError: ..., __isAsync: ..., destroyRef: ..., pendingTasks: ...}, _onDisabledChange: [...], defaultValue: null, _onChange: [...], _pendingValue: false, _pendingChange: false}, noteDisabilita: FormControl{_pendingDirty: false, _hasOwnPendingAsyncValidator: null, _pendingTouched: false, _onCollectionChange: () => { ... }, _updateOn: undefined, _parent: FormGroup{_pendingDirty: ..., _hasOwnPendingAsyncValidator: ..., _pendingTouched: ..., _onCollectionChange: ..., _updateOn: ..., _parent: ..., _asyncValidationSubscription: ..., _composedValidatorFn: ..., _composedAsyncValidatorFn: ..., _rawValidators: ..., _rawAsyncValidators: ..., value: ..., _status: ..., statusReactive: ..., errors: ..., _pristine: ..., pristineReactive: ..., _touched: ..., touchedReactive: ..., _events: ..., events: ..., valueChanges: ..., statusChanges: ..., _onDisabledChange: ..., controls: ...}, _asyncValidationSubscription: undefined, _composedValidatorFn: null, _composedAsyncValidatorFn: null, _rawValidators: null, _rawAsyncValidators: null, value: '', _status: [Computed: VALID], statusReactive: [Signal: VALID], errors: null, _pristine: [Computed: true], pristineReactive: [Signal: true], _touched: [Computed: false], touchedReactive: [Signal: false], _events: Subject{closed: ..., currentObservers: ..., observers: ..., isStopped: ..., hasError: ..., thrownError: ...}, events: Observable{source: ...}, valueChanges: EventEmitter_{closed: ..., currentObservers: ..., observers: ..., isStopped: ..., hasError: ..., thrownError: ..., __isAsync: ..., destroyRef: ..., pendingTasks: ...}, statusChanges: EventEmitter_{closed: ..., currentObservers: ..., observers: ..., isStopped: ..., hasError: ..., thrownError: ..., __isAsync: ..., destroyRef: ..., pendingTasks: ...}, _onDisabledChange: [...], defaultValue: null, _onChange: [...], _pendingValue: '', _pendingChange: false}, pdpUrl: FormControl{_pendingDirty: false, _hasOwnPendingAsyncValidator: null, _pendingTouched: false, _onCollectionChange: () => { ... }, _updateOn: undefined, _parent: FormGroup{_pendingDirty: ..., _hasOwnPendingAsyncValidator: ..., _pendingTouched: ..., _onCollectionChange: ..., _updateOn: ..., _parent: ..., _asyncValidationSubscription: ..., _composedValidatorFn: ..., _composedAsyncValidatorFn: ..., _rawValidators: ..., _rawAsyncValidators: ..., value: ..., _status: ..., statusReactive: ..., errors: ..., _pristine: ..., pristineReactive: ..., _touched: ..., touchedReactive: ..., _events: ..., events: ..., valueChanges: ..., statusChanges: ..., _onDisabledChange: ..., controls: ...}, _asyncValidationSubscription: undefined, _composedValidatorFn: null, _composedAsyncValidatorFn: null, _rawValidators: null, _rawAsyncValidators: null, value: '', _status: [Computed: VALID], statusReactive: [Signal: VALID], errors: null, _pristine: [Computed: true], pristineReactive: [Signal: true], _touched: [Computed: false], touchedReactive: [Signal: false], _events: Subject{closed: ..., currentObservers: ..., observers: ..., isStopped: ..., hasError: ..., thrownError: ...}, events: Observable{source: ...}, valueChanges: EventEmitter_{closed: ..., currentObservers: ..., observers: ..., isStopped: ..., hasError: ..., thrownError: ..., __isAsync: ..., destroyRef: ..., pendingTasks: ...}, statusChanges: EventEmitter_{closed: ..., currentObservers: ..., observers: ..., isStopped: ..., hasError: ..., thrownError: ..., __isAsync: ..., destroyRef: ..., pendingTasks: ...}, _onDisabledChange: [], defaultValue: null, _onChange: [], _pendingValue: '', _pendingChange: false}, phoneNumber: FormControl{_pendingDirty: false, _hasOwnPendingAsyncValidator: null, _pendingTouched: false, _onCollectionChange: () => { ... }, _updateOn: undefined, _parent: FormGroup{_pendingDirty: ..., _hasOwnPendingAsyncValidator: ..., _pendingTouched: ..., _onCollectionChange: ..., _updateOn: ..., _parent: ..., _asyncValidationSubscription: ..., _composedValidatorFn: ..., _composedAsyncValidatorFn: ..., _rawValidators: ..., _rawAsyncValidators: ..., value: ..., _status: ..., statusReactive: ..., errors: ..., _pristine: ..., pristineReactive: ..., _touched: ..., touchedReactive: ..., _events: ..., events: ..., valueChanges: ..., statusChanges: ..., _onDisabledChange: ..., controls: ...}, _asyncValidationSubscription: undefined, _composedValidatorFn: null, _composedAsyncValidatorFn: null, _rawValidators: null, _rawAsyncValidators: null, value: '', _status: [Computed: VALID], statusReactive: [Signal: VALID], errors: null, _pristine: [Computed: true], pristineReactive: [Signal: true], _touched: [Computed: false], touchedReactive: [Signal: false], _events: Subject{closed: ..., currentObservers: ..., observers: ..., isStopped: ..., hasError: ..., thrownError: ...}, events: Observable{source: ...}, valueChanges: EventEmitter_{closed: ..., currentObservers: ..., observers: ..., isStopped: ..., hasError: ..., thrownError: ..., __isAsync: ..., destroyRef: ..., pendingTasks: ...}, statusChanges: EventEmitter_{closed: ..., currentObservers: ..., observers: ..., isStopped: ..., hasError: ..., thrownError: ..., __isAsync: ..., destroyRef: ..., pendingTasks: ...}, _onDisabledChange: [...], defaultValue: null, _onChange: [...], _pendingValue: '', _pendingChange: false}, birthDate: FormControl{_pendingDirty: false, _hasOwnPendingAsyncValidator: null, _pendingTouched: false, _onCollectionChange: () => { ... }, _updateOn: undefined, _parent: FormGroup{_pendingDirty: ..., _hasOwnPendingAsyncValidator: ..., _pendingTouched: ..., _onCollectionChange: ..., _updateOn: ..., _parent: ..., _asyncValidationSubscription: ..., _composedValidatorFn: ..., _composedAsyncValidatorFn: ..., _rawValidators: ..., _rawAsyncValidators: ..., value: ..., _status: ..., statusReactive: ..., errors: ..., _pristine: ..., pristineReactive: ..., _touched: ..., touchedReactive: ..., _events: ..., events: ..., valueChanges: ..., statusChanges: ..., _onDisabledChange: ..., controls: ...}, _asyncValidationSubscription: undefined, _composedValidatorFn: null, _composedAsyncValidatorFn: null, _rawValidators: null, _rawAsyncValidators: null, value: '', _status: [Computed: VALID], statusReactive: [Signal: VALID], errors: null, _pristine: [Computed: true], pristineReactive: [Signal: true], _touched: [Computed: false], touchedReactive: [Signal: false], _events: Subject{closed: ..., currentObservers: ..., observers: ..., isStopped: ..., hasError: ..., thrownError: ...}, events: Observable{source: ...}, valueChanges: EventEmitter_{closed: ..., currentObservers: ..., observers: ..., isStopped: ..., hasError: ..., thrownError: ..., __isAsync: ..., destroyRef: ..., pendingTasks: ...}, statusChanges: EventEmitter_{closed: ..., currentObservers: ..., observers: ..., isStopped: ..., hasError: ..., thrownError: ..., __isAsync: ..., destroyRef: ..., pendingTasks: ...}, _onDisabledChange: [...], defaultValue: null, _onChange: [...], _pendingValue: '', _pendingChange: false}, classKey: FormControl{_pendingDirty: false, _hasOwnPendingAsyncValidator: null, _pendingTouched: false, _onCollectionChange: () => { ... }, _updateOn: undefined, _parent: FormGroup{_pendingDirty: ..., _hasOwnPendingAsyncValidator: ..., _pendingTouched: ..., _onCollectionChange: ..., _updateOn: ..., _parent: ..., _asyncValidationSubscription: ..., _composedValidatorFn: ..., _composedAsyncValidatorFn: ..., _rawValidators: ..., _rawAsyncValidators: ..., value: ..., _status: ..., statusReactive: ..., errors: ..., _pristine: ..., pristineReactive: ..., _touched: ..., touchedReactive: ..., _events: ..., events: ..., valueChanges: ..., statusChanges: ..., _onDisabledChange: ..., controls: ...}, _asyncValidationSubscription: undefined, _composedValidatorFn: null, _composedAsyncValidatorFn: null, _rawValidators: null, _rawAsyncValidators: null, value: '', _status: [Computed: VALID], statusReactive: [Signal: VALID], errors: null, _pristine: [Computed: true], pristineReactive: [Signal: true], _touched: [Computed: false], touchedReactive: [Signal: false], _events: Subject{closed: ..., currentObservers: ..., observers: ..., isStopped: ..., hasError: ..., thrownError: ...}, events: Observable{source: ...}, valueChanges: EventEmitter_{closed: ..., currentObservers: ..., observers: ..., isStopped: ..., hasError: ..., thrownError: ..., __isAsync: ..., destroyRef: ..., pendingTasks: ...}, statusChanges: EventEmitter_{closed: ..., currentObservers: ..., observers: ..., isStopped: ..., hasError: ..., thrownError: ..., __isAsync: ..., destroyRef: ..., pendingTasks: ...}, _onDisabledChange: [...], defaultValue: null, _onChange: [...], _pendingValue: '', _pendingChange: false}, classes: FormControl{_pendingDirty: false, _hasOwnPendingAsyncValidator: null, _pendingTouched: false, _onCollectionChange: () => { ... }, _updateOn: undefined, _parent: FormGroup{_pendingDirty: ..., _hasOwnPendingAsyncValidator: ..., _pendingTouched: ..., _onCollectionChange: ..., _updateOn: ..., _parent: ..., _asyncValidationSubscription: ..., _composedValidatorFn: ..., _composedAsyncValidatorFn: ..., _rawValidators: ..., _rawAsyncValidators: ..., value: ..., _status: ..., statusReactive: ..., errors: ..., _pristine: ..., pristineReactive: ..., _touched: ..., touchedReactive: ..., _events: ..., events: ..., valueChanges: ..., statusChanges: ..., _onDisabledChange: ..., controls: ...}, _asyncValidationSubscription: undefined, _composedValidatorFn: null, _composedAsyncValidatorFn: null, _rawValidators: null, _rawAsyncValidators: null, value: [], _status: [Computed: VALID], statusReactive: [Signal: VALID], errors: null, _pristine: [Computed: true], pristineReactive: [Signal: true], _touched: [Computed: false], touchedReactive: [Signal: false], _events: Subject{closed: ..., currentObservers: ..., observers: ..., isStopped: ..., hasError: ..., thrownError: ...}, events: Observable{source: ...}, valueChanges: EventEmitter_{closed: ..., currentObservers: ..., observers: ..., isStopped: ..., hasError: ..., thrownError: ..., __isAsync: ..., destroyRef: ..., pendingTasks: ...}, statusChanges: EventEmitter_{closed: ..., currentObservers: ..., observers: ..., isStopped: ..., hasError: ..., thrownError: ..., __isAsync: ..., destroyRef: ..., pendingTasks: ...}, _onDisabledChange: [], defaultValue: null, _onChange: [], _pendingValue: [], _pendingChange: false}}
[1A[2KLOG: 'logged user*', UserModel{key: '', birthDate: '', email: '', firstName: '', DSA: false, DVA: false, BES: false, ADHD: false, noteDisabilita: '', pdpUrl: [], lastName: '', password: '', classKey: '', phoneNumber: '', role: 3, userName: '', assignedClasses: [], classesKey: [], fcmTokens: []}
Chrome 144.0.0.0 (Linux 0.0.0): Executed 126 of 159 (1 FAILED) (0 secs / 12.164 secs)
LOG: 'logged user*', UserModel{key: '', birthDate: '', email: '', firstName: '', DSA: false, DVA: false, BES: false, ADHD: false, noteDisabilita: '', pdpUrl: [], lastName: '', password: '', classKey: '', phoneNumber: '', role: 3, userName: '', assignedClasses: [], classesKey: [], fcmTokens: []}
[1A[2KLOG: 'elenco classi*', []
Chrome 144.0.0.0 (Linux 0.0.0): Executed 126 of 159 (1 FAILED) (0 secs / 12.164 secs)
LOG: 'elenco classi*', []
[1A[2KLOG: 'User input changed on effect*:', UserModel{key: '', birthDate: '', email: '', firstName: '', DSA: false, DVA: false, BES: false, ADHD: false, noteDisabilita: '', pdpUrl: [], lastName: '', password: '', classKey: '', phoneNumber: '', role: 3, userName: '', assignedClasses: [], classesKey: [], fcmTokens: []}
Chrome 144.0.0.0 (Linux 0.0.0): Executed 126 of 159 (1 FAILED) (0 secs / 12.164 secs)
LOG: 'User input changed on effect*:', UserModel{key: '', birthDate: '', email: '', firstName: '', DSA: false, DVA: false, BES: false, ADHD: false, noteDisabilita: '', pdpUrl: [], lastName: '', password: '', classKey: '', phoneNumber: '', role: 3, userName: '', assignedClasses: [], classesKey: [], fcmTokens: []}
[1A[2KLOG: 'Form values after timeout:', Object{firstName: '', lastName: '', userName: '', email: '', role: 3, DVA: false, DSA: false, BES: false, ADHD: false, noteDisabilita: '', pdpUrl: '', phoneNumber: '', birthDate: '', classKey: '', classes: []}
Chrome 144.0.0.0 (Linux 0.0.0): Executed 126 of 159 (1 FAILED) (0 secs / 12.164 secs)
LOG: 'Form values after timeout:', Object{firstName: '', lastName: '', userName: '', email: '', role: 3, DVA: false, DSA: false, BES: false, ADHD: false, noteDisabilita: '', pdpUrl: '', phoneNumber: '', birthDate: '', classKey: '', classes: []}
[1A[2KChrome 144.0.0.0 (Linux 0.0.0): Executed 127 of 159 (1 FAILED) (0 secs / 13.215 secs)
[1A[2KChrome 144.0.0.0 (Linux 0.0.0): Executed 128 of 159 (1 FAILED) (0 secs / 13.219 secs)
[1A[2KChrome 144.0.0.0 (Linux 0.0.0): Executed 129 of 159 (1 FAILED) (0 secs / 13.253 secs)
[1A[2KChrome 144.0.0.0 (Linux 0.0.0): Executed 130 of 159 (1 FAILED) (0 secs / 13.254 secs)
[1A[2KChrome 144.0.0.0 (Linux 0.0.0): Executed 131 of 159 (1 FAILED) (0 secs / 13.255 secs)
[1A[2KChrome 144.0.0.0 (Linux 0.0.0): Executed 132 of 159 (1 FAILED) (0 secs / 13.255 secs)
[1A[2KChrome 144.0.0.0 (Linux 0.0.0): Executed 133 of 159 (1 FAILED) (0 secs / 13.256 secs)
[1A[2KChrome 144.0.0.0 (Linux 0.0.0): Executed 134 of 159 (1 FAILED) (0 secs / 13.257 secs)
[1A[2KChrome 144.0.0.0 (Linux 0.0.0): Executed 135 of 159 (1 FAILED) (0 secs / 13.258 secs)
[1A[2KChrome 144.0.0.0 (Linux 0.0.0): Executed 136 of 159 (1 FAILED) (0 secs / 13.259 secs)
[1A[2KChrome 144.0.0.0 (Linux 0.0.0): Executed 137 of 159 (1 FAILED) (0 secs / 13.26 secs)
[1A[2KChrome 144.0.0.0 (Linux 0.0.0): Executed 138 of 159 (1 FAILED) (0 secs / 13.261 secs)
[1A[2KChrome 144.0.0.0 (Linux 0.0.0): Executed 139 of 159 (1 FAILED) (0 secs / 13.262 secs)
[1A[2KChrome 144.0.0.0 (Linux 0.0.0): Executed 140 of 159 (1 FAILED) (0 secs / 13.263 secs)
[1A[2KChrome 144.0.0.0 (Linux 0.0.0): Executed 141 of 159 (1 FAILED) (0 secs / 13.263 secs)
[1A[2KChrome 144.0.0.0 (Linux 0.0.0): Executed 142 of 159 (1 FAILED) (0 secs / 13.264 secs)
[1A[2KChrome 144.0.0.0 (Linux 0.0.0): Executed 143 of 159 (1 FAILED) (0 secs / 13.265 secs)
[1A[2KChrome 144.0.0.0 (Linux 0.0.0): Executed 144 of 159 (1 FAILED) (0 secs / 13.266 secs)
[1A[2KChrome 144.0.0.0 (Linux 0.0.0): Executed 145 of 159 (1 FAILED) (0 secs / 13.266 secs)
[1A[2KChrome 144.0.0.0 (Linux 0.0.0): Executed 146 of 159 (1 FAILED) (0 secs / 13.269 secs)
[1A[2KChrome 144.0.0.0 (Linux 0.0.0): Executed 147 of 159 (1 FAILED) (0 secs / 13.271 secs)
[1A[2KChrome 144.0.0.0 (Linux 0.0.0): Executed 148 of 159 (1 FAILED) (0 secs / 13.272 secs)
[1A[2KChrome 144.0.0.0 (Linux 0.0.0): Executed 149 of 159 (1 FAILED) (0 secs / 13.273 secs)
[1A[2KChrome 144.0.0.0 (Linux 0.0.0): Executed 150 of 159 (1 FAILED) (0 secs / 13.273 secs)
[1A[2KChrome 144.0.0.0 (Linux 0.0.0): Executed 151 of 159 (1 FAILED) (0 secs / 13.273 secs)
[1A[2KChrome 144.0.0.0 (Linux 0.0.0): Executed 152 of 159 (1 FAILED) (0 secs / 13.274 secs)
[1A[2KChrome 144.0.0.0 (Linux 0.0.0): Executed 153 of 159 (1 FAILED) (0 secs / 13.275 secs)
[1A[2KChrome 144.0.0.0 (Linux 0.0.0): Executed 154 of 159 (1 FAILED) (0 secs / 13.303 secs)
[1A[2KLOG: 'Classi ricevute dal servizio:', []
Chrome 144.0.0.0 (Linux 0.0.0): Executed 154 of 159 (1 FAILED) (0 secs / 13.303 secs)
LOG: 'Classi ricevute dal servizio:', []
[1A[2KChrome 144.0.0.0 (Linux 0.0.0): Executed 155 of 159 (1 FAILED) (0 secs / 13.318 secs)
[1A[2KWARN: '[Ionicons Warning]: Multiple icons were mapped to name "calendar". Ensure that multiple icons are not mapped to the same icon name.'
Chrome 144.0.0.0 (Linux 0.0.0): Executed 155 of 159 (1 FAILED) (0 secs / 13.318 secs)
WARN: '[Ionicons Warning]: Multiple icons were mapped to name "calendar". Ensure that multiple icons are not mapped to the same icon name.'
[1A[2KLOG: 'ngOnInit chiamato'
Chrome 144.0.0.0 (Linux 0.0.0): Executed 155 of 159 (1 FAILED) (0 secs / 13.318 secs)
LOG: 'ngOnInit chiamato'
[1A[2KLOG: 'studentsWithPdPComponent', ClasseModel{year: '', classe: '', descrizione: '', note: '', archived: false, verbali: [], coordinatore: '', segretario: '', key: ''}
Chrome 144.0.0.0 (Linux 0.0.0): Executed 155 of 159 (1 FAILED) (0 secs / 13.318 secs)
LOG: 'studentsWithPdPComponent', ClasseModel{year: '', classe: '', descrizione: '', note: '', archived: false, verbali: [], coordinatore: '', segretario: '', key: ''}
[1A[2KChrome 144.0.0.0 (Linux 0.0.0): Executed 156 of 159 (1 FAILED) (0 secs / 13.459 secs)
[1A[2KLOG: 'Evaluation Key:', 'eval-123'
Chrome 144.0.0.0 (Linux 0.0.0): Executed 156 of 159 (1 FAILED) (0 secs / 13.459 secs)
LOG: 'Evaluation Key:', 'eval-123'
[1A[2KLOG: 'evaluationData', Evaluation{key: '', description: '', note: '', data: '', subjectKey: '', lastUpdateDate: '', grid: Grids{key: '', nome: '', descrizione: '', indicatori: [], ownerKey: ''}, gridsKey: '', classKey: '', studentKey: '', teacherKey: '', activityKey: '', enclosedDocuments: []}
Chrome 144.0.0.0 (Linux 0.0.0): Executed 156 of 159 (1 FAILED) (0 secs / 13.459 secs)
LOG: 'evaluationData', Evaluation{key: '', description: '', note: '', data: '', subjectKey: '', lastUpdateDate: '', grid: Grids{key: '', nome: '', descrizione: '', indicatori: [], ownerKey: ''}, gridsKey: '', classKey: '', studentKey: '', teacherKey: '', activityKey: '', enclosedDocuments: []}
[1A[2KLOG: 'evaluation', Evaluation{key: '', description: '', note: '', data: '', subjectKey: '', lastUpdateDate: '', grid: Grids{key: '', nome: '', descrizione: '', indicatori: [], ownerKey: ''}, gridsKey: '', classKey: '', studentKey: '', teacherKey: '', activityKey: '', enclosedDocuments: []}
Chrome 144.0.0.0 (Linux 0.0.0): Executed 156 of 159 (1 FAILED) (0 secs / 13.459 secs)
LOG: 'evaluation', Evaluation{key: '', description: '', note: '', data: '', subjectKey: '', lastUpdateDate: '', grid: Grids{key: '', nome: '', descrizione: '', indicatori: [], ownerKey: ''}, gridsKey: '', classKey: '', studentKey: '', teacherKey: '', activityKey: '', enclosedDocuments: []}
[1A[2KLOG: 'show spinner', false
Chrome 144.0.0.0 (Linux 0.0.0): Executed 156 of 159 (1 FAILED) (0 secs / 13.459 secs)
LOG: 'show spinner', false
[1A[2KLOG: 'evaluation', Evaluation{key: '', description: '', note: '', data: '', subjectKey: '', lastUpdateDate: '', grid: Grids{key: '', nome: '', descrizione: '', indicatori: [], ownerKey: ''}, gridsKey: '', classKey: '', studentKey: '', teacherKey: '', activityKey: '', enclosedDocuments: []}
Chrome 144.0.0.0 (Linux 0.0.0): Executed 156 of 159 (1 FAILED) (0 secs / 13.459 secs)
LOG: 'evaluation', Evaluation{key: '', description: '', note: '', data: '', subjectKey: '', lastUpdateDate: '', grid: Grids{key: '', nome: '', descrizione: '', indicatori: [], ownerKey: ''}, gridsKey: '', classKey: '', studentKey: '', teacherKey: '', activityKey: '', enclosedDocuments: []}
[1A[2KChrome 144.0.0.0 (Linux 0.0.0): Executed 157 of 159 (1 FAILED) (0 secs / 13.502 secs)
[1A[2KLOG: 'nessuna materia passata'
Chrome 144.0.0.0 (Linux 0.0.0): Executed 157 of 159 (1 FAILED) (0 secs / 13.502 secs)
LOG: 'nessuna materia passata'
[1A[2KChrome 144.0.0.0 (Linux 0.0.0): Executed 158 of 159 (1 FAILED) (0 secs / 13.544 secs)
[1A[2KChrome 144.0.0.0 (Linux 0.0.0): Executed 159 of 159 (1 FAILED) (0 secs / 13.545 secs)
[1A[2KChrome 144.0.0.0 (Linux 0.0.0): Executed 159 of 159 (1 FAILED) (13.775 secs / 13.545 secs)
TOTAL: 1 FAILED, 158 SUCCESS
✔ Browser application bundle generation complete.
✔ Browser application bundle generation complete.
